../Core/Src/main.c:94:10:micros	1
../Core/Src/main.c:98:10:millis	1
../Core/Src/main.c:112:5:main	1
../Core/Src/main.c:204:6:SystemClock_Config	3
../Core/Src/main.c:251:13:MX_TIM1_Init	3
../Core/Src/main.c:302:13:MX_TIM2_Init	4
../Core/Src/main.c:347:13:MX_TIM8_Init	4
../Core/Src/main.c:394:13:MX_TIM15_Init	7
../Core/Src/main.c:470:13:MX_GPIO_Init	1
../Core/Src/main.c:494:6:sampleEncoderFn	2
../Core/Src/main.c:541:6:servoCmdFn	2
../Core/Src/main.c:581:6:logDataFn	1
../Core/Src/main.c:600:6:HAL_TIM_PeriodElapsedCallback	2
../Core/Src/main.c:617:6:Error_Handler	1
