../Core/Src/main.c:94:10:micros	4	static
../Core/Src/main.c:98:10:millis	4	static
../Core/Src/main.c:112:5:main	8	static
../Core/Src/main.c:204:6:SystemClock_Config	88	static
../Core/Src/main.c:251:13:MX_TIM1_Init	56	static
../Core/Src/main.c:302:13:MX_TIM2_Init	40	static
../Core/Src/main.c:347:13:MX_TIM8_Init	40	static
../Core/Src/main.c:394:13:MX_TIM15_Init	120	static
../Core/Src/main.c:470:13:MX_GPIO_Init	16	static
../Core/Src/main.c:494:6:sampleEncoderFn	40	static
../Core/Src/main.c:541:6:servoCmdFn	32	static
../Core/Src/main.c:581:6:logDataFn	16	static
../Core/Src/main.c:600:6:HAL_TIM_PeriodElapsedCallback	16	static
../Core/Src/main.c:617:6:Error_Handler	4	static,ignoring_inline_asm
