../Core/Src/main.c:91:10:micros	1
../Core/Src/main.c:95:10:millis	1
../Core/Src/main.c:109:5:main	1
../Core/Src/main.c:199:6:SystemClock_Config	3
../Core/Src/main.c:246:13:MX_TIM1_Init	3
../Core/Src/main.c:297:13:MX_TIM2_Init	4
../Core/Src/main.c:342:13:MX_TIM8_Init	4
../Core/Src/main.c:389:13:MX_TIM15_Init	7
../Core/Src/main.c:465:13:MX_GPIO_Init	1
../Core/Src/main.c:489:6:sampleEncoderFn	2
../Core/Src/main.c:535:6:servoCmdFn	2
../Core/Src/main.c:577:6:logDataFn	1
../Core/Src/main.c:596:6:HAL_TIM_PeriodElapsedCallback	2
../Core/Src/main.c:613:6:Error_Handler	1
