../Core/Src/main.c:91:10:micros	4	static
../Core/Src/main.c:95:10:millis	4	static
../Core/Src/main.c:109:5:main	8	static
../Core/Src/main.c:199:6:SystemClock_Config	88	static
../Core/Src/main.c:246:13:MX_TIM1_Init	56	static
../Core/Src/main.c:297:13:MX_TIM2_Init	40	static
../Core/Src/main.c:342:13:MX_TIM8_Init	40	static
../Core/Src/main.c:389:13:MX_TIM15_Init	120	static
../Core/Src/main.c:465:13:MX_GPIO_Init	16	static
../Core/Src/main.c:489:6:sampleEncoderFn	40	static
../Core/Src/main.c:535:6:servoCmdFn	32	static
../Core/Src/main.c:577:6:logDataFn	16	static
../Core/Src/main.c:596:6:HAL_TIM_PeriodElapsedCallback	16	static
../Core/Src/main.c:613:6:Error_Handler	4	static,ignoring_inline_asm
