../Core/Src/main.c:103:6:HAL_SPI_TxRxCpltCallback	2
../Core/Src/main.c:115:10:micros	1
../Core/Src/main.c:119:10:millis	1
../Core/Src/main.c:128:5:main	1
../Core/Src/main.c:218:6:SystemClock_Config	4
../Core/Src/main.c:279:13:MX_SPI1_Init	2
../Core/Src/main.c:319:13:MX_TIM2_Init	4
../Core/Src/main.c:364:13:MX_TIM7_Init	3
../Core/Src/main.c:402:13:MX_USART2_UART_Init	2
../Core/Src/main.c:437:13:MX_GPIO_Init	1
../Core/Src/main.c:483:6:controlDiscFn	3
../Core/Src/main.c:526:6:printDiscStsFn	1
../Core/Src/main.c:553:6:HAL_TIM_PeriodElapsedCallback	2
../Core/Src/main.c:570:6:Error_Handler	1
