../Core/Src/main.c:103:6:HAL_SPI_TxRxCpltCallback	24	static
../Core/Src/main.c:115:10:micros	4	static
../Core/Src/main.c:119:10:millis	4	static
../Core/Src/main.c:128:5:main	8	static
../Core/Src/main.c:218:6:SystemClock_Config	96	static
../Core/Src/main.c:279:13:MX_SPI1_Init	8	static
../Core/Src/main.c:319:13:MX_TIM2_Init	40	static
../Core/Src/main.c:364:13:MX_TIM7_Init	24	static
../Core/Src/main.c:402:13:MX_USART2_UART_Init	8	static
../Core/Src/main.c:437:13:MX_GPIO_Init	40	static
../Core/Src/main.c:483:6:controlDiscFn	40	static
../Core/Src/main.c:526:6:printDiscStsFn	56	static
../Core/Src/main.c:553:6:HAL_TIM_PeriodElapsedCallback	16	static
../Core/Src/main.c:570:6:Error_Handler	4	static,ignoring_inline_asm
