Archive member included to satisfy reference by file (symbol)

C:/ST/STM32CubeIDE_1.16.1/STM32CubeIDE/plugins/com.st.stm32cube.ide.mcu.externaltools.gnu-tools-for-stm32.12.3.rel1.win32_1.0.200.202406191623/tools/bin/../lib/gcc/arm-none-eabi/12.3.1/../../../../arm-none-eabi/lib/thumb/v7e-m+fp/hard\libc_nano.a(libc_a-exit.o)
                              C:/ST/STM32CubeIDE_1.16.1/STM32CubeIDE/plugins/com.st.stm32cube.ide.mcu.externaltools.gnu-tools-for-stm32.12.3.rel1.win32_1.0.200.202406191623/tools/bin/../lib/gcc/arm-none-eabi/12.3.1/../../../../arm-none-eabi/lib/thumb/v7e-m+fp/hard/crt0.o (exit)
C:/ST/STM32CubeIDE_1.16.1/STM32CubeIDE/plugins/com.st.stm32cube.ide.mcu.externaltools.gnu-tools-for-stm32.12.3.rel1.win32_1.0.200.202406191623/tools/bin/../lib/gcc/arm-none-eabi/12.3.1/../../../../arm-none-eabi/lib/thumb/v7e-m+fp/hard\libc_nano.a(libc_a-malloc.o)
                              ./Core/Src/DRV8825.o (malloc)
C:/ST/STM32CubeIDE_1.16.1/STM32CubeIDE/plugins/com.st.stm32cube.ide.mcu.externaltools.gnu-tools-for-stm32.12.3.rel1.win32_1.0.200.202406191623/tools/bin/../lib/gcc/arm-none-eabi/12.3.1/../../../../arm-none-eabi/lib/thumb/v7e-m+fp/hard\libc_nano.a(libc_a-mallocr.o)
                              C:/ST/STM32CubeIDE_1.16.1/STM32CubeIDE/plugins/com.st.stm32cube.ide.mcu.externaltools.gnu-tools-for-stm32.12.3.rel1.win32_1.0.200.202406191623/tools/bin/../lib/gcc/arm-none-eabi/12.3.1/../../../../arm-none-eabi/lib/thumb/v7e-m+fp/hard\libc_nano.a(libc_a-malloc.o) (_malloc_r)
C:/ST/STM32CubeIDE_1.16.1/STM32CubeIDE/plugins/com.st.stm32cube.ide.mcu.externaltools.gnu-tools-for-stm32.12.3.rel1.win32_1.0.200.202406191623/tools/bin/../lib/gcc/arm-none-eabi/12.3.1/../../../../arm-none-eabi/lib/thumb/v7e-m+fp/hard\libc_nano.a(libc_a-mlock.o)
                              C:/ST/STM32CubeIDE_1.16.1/STM32CubeIDE/plugins/com.st.stm32cube.ide.mcu.externaltools.gnu-tools-for-stm32.12.3.rel1.win32_1.0.200.202406191623/tools/bin/../lib/gcc/arm-none-eabi/12.3.1/../../../../arm-none-eabi/lib/thumb/v7e-m+fp/hard\libc_nano.a(libc_a-mallocr.o) (__malloc_lock)
C:/ST/STM32CubeIDE_1.16.1/STM32CubeIDE/plugins/com.st.stm32cube.ide.mcu.externaltools.gnu-tools-for-stm32.12.3.rel1.win32_1.0.200.202406191623/tools/bin/../lib/gcc/arm-none-eabi/12.3.1/../../../../arm-none-eabi/lib/thumb/v7e-m+fp/hard\libc_nano.a(libc_a-findfp.o)
                              ./Middlewares/Third_Party/FreeRTOS/Source/tasks.o (__sf)
C:/ST/STM32CubeIDE_1.16.1/STM32CubeIDE/plugins/com.st.stm32cube.ide.mcu.externaltools.gnu-tools-for-stm32.12.3.rel1.win32_1.0.200.202406191623/tools/bin/../lib/gcc/arm-none-eabi/12.3.1/../../../../arm-none-eabi/lib/thumb/v7e-m+fp/hard\libc_nano.a(libc_a-fwalk.o)
                              C:/ST/STM32CubeIDE_1.16.1/STM32CubeIDE/plugins/com.st.stm32cube.ide.mcu.externaltools.gnu-tools-for-stm32.12.3.rel1.win32_1.0.200.202406191623/tools/bin/../lib/gcc/arm-none-eabi/12.3.1/../../../../arm-none-eabi/lib/thumb/v7e-m+fp/hard\libc_nano.a(libc_a-findfp.o) (_fwalk_sglue)
C:/ST/STM32CubeIDE_1.16.1/STM32CubeIDE/plugins/com.st.stm32cube.ide.mcu.externaltools.gnu-tools-for-stm32.12.3.rel1.win32_1.0.200.202406191623/tools/bin/../lib/gcc/arm-none-eabi/12.3.1/../../../../arm-none-eabi/lib/thumb/v7e-m+fp/hard\libc_nano.a(libc_a-printf.o)
                              ./Core/Src/main.o (printf)
C:/ST/STM32CubeIDE_1.16.1/STM32CubeIDE/plugins/com.st.stm32cube.ide.mcu.externaltools.gnu-tools-for-stm32.12.3.rel1.win32_1.0.200.202406191623/tools/bin/../lib/gcc/arm-none-eabi/12.3.1/../../../../arm-none-eabi/lib/thumb/v7e-m+fp/hard\libc_nano.a(libc_a-sprintf.o)
                              ./Core/Src/main.o (sprintf)
C:/ST/STM32CubeIDE_1.16.1/STM32CubeIDE/plugins/com.st.stm32cube.ide.mcu.externaltools.gnu-tools-for-stm32.12.3.rel1.win32_1.0.200.202406191623/tools/bin/../lib/gcc/arm-none-eabi/12.3.1/../../../../arm-none-eabi/lib/thumb/v7e-m+fp/hard\libc_nano.a(libc_a-stdio.o)
                              C:/ST/STM32CubeIDE_1.16.1/STM32CubeIDE/plugins/com.st.stm32cube.ide.mcu.externaltools.gnu-tools-for-stm32.12.3.rel1.win32_1.0.200.202406191623/tools/bin/../lib/gcc/arm-none-eabi/12.3.1/../../../../arm-none-eabi/lib/thumb/v7e-m+fp/hard\libc_nano.a(libc_a-findfp.o) (__sread)
C:/ST/STM32CubeIDE_1.16.1/STM32CubeIDE/plugins/com.st.stm32cube.ide.mcu.externaltools.gnu-tools-for-stm32.12.3.rel1.win32_1.0.200.202406191623/tools/bin/../lib/gcc/arm-none-eabi/12.3.1/../../../../arm-none-eabi/lib/thumb/v7e-m+fp/hard\libc_nano.a(libc_a-memset.o)
                              C:/ST/STM32CubeIDE_1.16.1/STM32CubeIDE/plugins/com.st.stm32cube.ide.mcu.externaltools.gnu-tools-for-stm32.12.3.rel1.win32_1.0.200.202406191623/tools/bin/../lib/gcc/arm-none-eabi/12.3.1/../../../../arm-none-eabi/lib/thumb/v7e-m+fp/hard/crt0.o (memset)
[...]
Memory Configuration

Name             Origin             Length             Attributes
RAM              0x20000000         0x00008000         xrw
FLASH            0x08000000         0x00020000         xr
*default*        0x00000000         0xffffffff

Linker script and memory map

LOAD C:/ST/STM32CubeIDE_1.16.1/STM32CubeIDE/plugins/com.st.stm32cube.ide.mcu.externaltools.gnu-tools-for-stm32.12.3.rel1.win32_1.0.200.202406191623/tools/bin/../lib/gcc/arm-none-eabi/12.3.1/thumb/v7e-m+fp/hard/crti.o
LOAD C:/ST/STM32CubeIDE_1.16.1/STM32CubeIDE/plugins/com.st.stm32cube.ide.mcu.externaltools.gnu-tools-for-stm32.12.3.rel1.win32_1.0.200.202406191623/tools/bin/../lib/gcc/arm-none-eabi/12.3.1/thumb/v7e-m+fp/hard/crtbegin.o
LOAD C:/ST/STM32CubeIDE_1.16.1/STM32CubeIDE/plugins/com.st.stm32cube.ide.mcu.externaltools.gnu-tools-for-stm32.12.3.rel1.win32_1.0.200.202406191623/tools/bin/../lib/gcc/arm-none-eabi/12.3.1/../../../../arm-none-eabi/lib/thumb/v7e-m+fp/hard/crt0.o
LOAD ./Core/Src/DRV8825.o
LOAD ./Core/Src/app_freertos.o
LOAD ./Core/Src/discStateMachine.o
LOAD ./Core/Src/main.o
LOAD ./Core/Src/stm32g4xx_hal_msp.o
LOAD ./Core/Src/stm32g4xx_hal_timebase_tim.o
LOAD ./Core/Src/stm32g4xx_it.o
LOAD ./Core/Src/syscalls.o
LOAD ./Core/Src/sysmem.o
LOAD ./Core/Src/system_stm32g4xx.o
LOAD ./Core/Startup/startup_stm32g431cbtx.o
LOAD ./Drivers/STM32G4xx_HAL_Driver/Src/stm32g4xx_hal.o
LOAD ./Drivers/STM32G4xx_HAL_Driver/Src/stm32g4xx_hal_adc.o
LOAD ./Drivers/STM32G4xx_HAL_Driver/Src/stm32g4xx_hal_adc_ex.o
LOAD ./Drivers/STM32G4xx_HAL_Driver/Src/stm32g4xx_hal_cordic.o
LOAD ./Drivers/STM32G4xx_HAL_Driver/Src/stm32g4xx_hal_cortex.o
LOAD ./Drivers/STM32G4xx_HAL_Driver/Src/stm32g4xx_hal_dma.o
LOAD ./Drivers/STM32G4xx_HAL_Driver/Src/stm32g4xx_hal_dma_ex.o
LOAD ./Drivers/STM32G4xx_HAL_Driver/Src/stm32g4xx_hal_exti.o
LOAD ./Drivers/STM32G4xx_HAL_Driver/Src/stm32g4xx_hal_flash.o
LOAD ./Drivers/STM32G4xx_HAL_Driver/Src/stm32g4xx_hal_flash_ex.o
LOAD ./Drivers/STM32G4xx_HAL_Driver/Src/stm32g4xx_hal_flash_ramfunc.o
LOAD ./Drivers/STM32G4xx_HAL_Driver/Src/stm32g4xx_hal_gpio.o
LOAD ./Drivers/STM32G4xx_HAL_Driver/Src/stm32g4xx_hal_pcd.o
LOAD ./Drivers/STM32G4xx_HAL_Driver/Src/stm32g4xx_hal_pcd_ex.o
LOAD ./Drivers/STM32G4xx_HAL_Driver/Src/stm32g4xx_hal_pwr.o
LOAD ./Drivers/STM32G4xx_HAL_Driver/Src/stm32g4xx_hal_pwr_ex.o
LOAD ./Drivers/STM32G4xx_HAL_Driver/Src/stm32g4xx_hal_rcc.o
LOAD ./Drivers/STM32G4xx_HAL_Driver/Src/stm32g4xx_hal_rcc_ex.o
LOAD ./Drivers/STM32G4xx_HAL_Driver/Src/stm32g4xx_hal_spi.o
LOAD ./Drivers/STM32G4xx_HAL_Driver/Src/stm32g4xx_hal_spi_ex.o
LOAD ./Drivers/STM32G4xx_HAL_Driver/Src/stm32g4xx_hal_tim.o
LOAD ./Drivers/STM32G4xx_HAL_Driver/Src/stm32g4xx_hal_tim_ex.o
LOAD ./Drivers/STM32G4xx_HAL_Driver/Src/stm32g4xx_ll_adc.o
LOAD ./Drivers/STM32G4xx_HAL_Driver/Src/stm32g4xx_ll_usb.o
LOAD ./Middlewares/ST/STM32_USB_Device_Library/Class/CDC/Src/usbd_cdc.o
LOAD ./Middlewares/ST/STM32_USB_Device_Library/Core/Src/usbd_core.o
LOAD ./Middlewares/ST/STM32_USB_Device_Library/Core/Src/usbd_ctlreq.o
LOAD ./Middlewares/ST/STM32_USB_Device_Library/Core/Src/usbd_ioreq.o
LOAD ./Middlewares/Third_Party/FreeRTOS/Source/CMSIS_RTOS_V2/cmsis_os2.o
LOAD ./Middlewares/Third_Party/FreeRTOS/Source/croutine.o
LOAD ./Middlewares/Third_Party/FreeRTOS/Source/event_groups.o
LOAD ./Middlewares/Third_Party/FreeRTOS/Source/list.o
LOAD ./Middlewares/Third_Party/FreeRTOS/Source/queue.o
LOAD ./Middlewares/Third_Party/FreeRTOS/Source/stream_buffer.o
LOAD ./Middlewares/Third_Party/FreeRTOS/Source/tasks.o
LOAD ./Middlewares/Third_Party/FreeRTOS/Source/timers.o
LOAD ./Middlewares/Third_Party/FreeRTOS/Source/portable/GCC/ARM_CM4F/port.o
LOAD ./Middlewares/Third_Party/FreeRTOS/Source/portable/MemMang/heap_4.o
LOAD ./USB_Device/App/usb_device.o
LOAD ./USB_Device/App/usbd_cdc_if.o
LOAD ./USB_Device/App/usbd_desc.o
LOAD ./USB_Device/Target/usbd_conf.o
START GROUP
LOAD C:/ST/STM32CubeIDE_1.16.1/STM32CubeIDE/plugins/com.st.stm32cube.ide.mcu.externaltools.gnu-tools-for-stm32.12.3.rel1.win32_1.0.200.202406191623/tools/bin/../lib/gcc/arm-none-eabi/12.3.1/../../../../arm-none-eabi/lib/thumb/v7e-m+fp/hard\libc_nano.a
LOAD C:/ST/STM32CubeIDE_1.16.1/STM32CubeIDE/plugins/com.st.stm32cube.ide.mcu.externaltools.gnu-tools-for-stm32.12.3.rel1.win32_1.0.200.202406191623/tools/bin/../lib/gcc/arm-none-eabi/12.3.1/../../../../arm-none-eabi/lib/thumb/v7e-m+fp/hard\libm.a
END GROUP
START GROUP
LOAD C:/ST/STM32CubeIDE_1.16.1/STM32CubeIDE/plugins/com.st.stm32cube.ide.mcu.externaltools.gnu-tools-for-stm32.12.3.rel1.win32_1.0.200.202406191623/tools/bin/../lib/gcc/arm-none-eabi/12.3.1/thumb/v7e-m+fp/hard\libgcc.a
LOAD C:/ST/STM32CubeIDE_1.16.1/STM32CubeIDE/plugins/com.st.stm32cube.ide.mcu.externaltools.gnu-tools-for-stm32.12.3.rel1.win32_1.0.200.202406191623/tools/bin/../lib/gcc/arm-none-eabi/12.3.1/../../../../arm-none-eabi/lib/thumb/v7e-m+fp/hard\libc_nano.a
END GROUP
START GROUP
LOAD C:/ST/STM32CubeIDE_1.16.1/STM32CubeIDE/plugins/com.st.stm32cube.ide.mcu.externaltools.gnu-tools-for-stm32.12.3.rel1.win32_1.0.200.202406191623/tools/bin/../lib/gcc/arm-none-eabi/12.3.1/thumb/v7e-m+fp/hard\libgcc.a
LOAD C:/ST/STM32CubeIDE_1.16.1/STM32CubeIDE/plugins/com.st.stm32cube.ide.mcu.externaltools.gnu-tools-for-stm32.12.3.rel1.win32_1.0.200.202406191623/tools/bin/../lib/gcc/arm-none-eabi/12.3.1/../../../../arm-none-eabi/lib/thumb/v7e-m+fp/hard\libc_nano.a
LOAD C:/ST/STM32CubeIDE_1.16.1/STM32CubeIDE/plugins/com.st.stm32cube.ide.mcu.externaltools.gnu-tools-for-stm32.12.3.rel1.win32_1.0.200.202406191623/tools/bin/../lib/gcc/arm-none-eabi/12.3.1/../../../../arm-none-eabi/lib/thumb/v7e-m+fp/hard\libnosys.a
END GROUP
START GROUP
LOAD C:/ST/STM32CubeIDE_1.16.1/STM32CubeIDE/plugins/com.st.stm32cube.ide.mcu.externaltools.gnu-tools-for-stm32.12.3.rel1.win32_1.0.200.202406191623/tools/bin/../lib/gcc/arm-none-eabi/12.3.1/thumb/v7e-m+fp/hard\libgcc.a
LOAD C:/ST/STM32CubeIDE_1.16.1/STM32CubeIDE/plugins/com.st.stm32cube.ide.mcu.externaltools.gnu-tools-for-stm32.12.3.rel1.win32_1.0.200.202406191623/tools/bin/../lib/gcc/arm-none-eabi/12.3.1/../../../../arm-none-eabi/lib/thumb/v7e-m+fp/hard\libc_nano.a
LOAD C:/ST/STM32CubeIDE_1.16.1/STM32CubeIDE/plugins/com.st.stm32cube.ide.mcu.externaltools.gnu-tools-for-stm32.12.3.rel1.win32_1.0.200.202406191623/tools/bin/../lib/gcc/arm-none-eabi/12.3.1/../../../../arm-none-eabi/lib/thumb/v7e-m+fp/hard\libnosys.a
END GROUP
LOAD C:/ST/STM32CubeIDE_1.16.1/STM32CubeIDE/plugins/com.st.stm32cube.ide.mcu.externaltools.gnu-tools-for-stm32.12.3.rel1.win32_1.0.200.202406191623/tools/bin/../lib/gcc/arm-none-eabi/12.3.1/thumb/v7e-m+fp/hard/crtend.o
LOAD C:/ST/STM32CubeIDE_1.16.1/STM32CubeIDE/plugins/com.st.stm32cube.ide.mcu.externaltools.gnu-tools-for-stm32.12.3.rel1.win32_1.0.200.202406191623/tools/bin/../lib/gcc/arm-none-eabi/12.3.1/thumb/v7e-m+fp/hard/crtn.o
                0x20008000                        _estack = (ORIGIN (RAM) + LENGTH (RAM))
                0x00000200                        _Min_Heap_Size = 0x200
                0x00000400                        _Min_Stack_Size = 0x400

.isr_vector     0x08000000      0x1d8
                0x08000000                        . = ALIGN (0x4)
 *(.isr_vector)
 .isr_vector    0x08000000      0x1d8 ./Core/Startup/startup_stm32g431cbtx.o
                0x08000000                g_pfnVectors
                0x080001d8                        . = ALIGN (0x4)

.text           0x080001e0    0x108b8
                0x080001e0                        . = ALIGN (0x4)
 *(.text)
 .text          0x080001e0       0x40 C:/ST/STM32CubeIDE_1.16.1/STM32CubeIDE/plugins/com.st.stm32cube.ide.mcu.externaltools.gnu-tools-for-stm32.12.3.rel1.win32_1.0.200.202406191623/tools/bin/../lib/gcc/arm-none-eabi/12.3.1/thumb/v7e-m+fp/hard/crtbegin.o
 .text          0x08000220       0xa0 C:/ST/STM32CubeIDE_1.16.1/STM32CubeIDE/plugins/com.st.stm32cube.ide.mcu.externaltools.gnu-tools-for-stm32.12.3.rel1.win32_1.0.200.202406191623/tools/bin/../lib/gcc/arm-none-eabi/12.3.1/../../../../arm-none-eabi/lib/thumb/v7e-m+fp/hard\libc_nano.a(libc_a-memchr.o)
                0x08000220                memchr
 *(.text*)
 .text.DRV_init
                0x080002c0       0x88 ./Core/Src/DRV8825.o
                0x080002c0                DRV_init
 .text.DRV_wakeup
                0x08000348       0x3e ./Core/Src/DRV8825.o
                0x08000348                DRV_wakeup
 *fill*         0x08000386        0x2 
 .text.DRV_start
                0x08000388       0xc0 ./Core/Src/DRV8825.o
                0x08000388                DRV_start
 .text.ITM_SendChar
                0x08000448       0x4e ./Core/Src/main.o
 .text._write   0x08000496       0x38 ./Core/Src/main.o
                0x08000496                _write
 .text.USB_CDC_RxHandler
                0x080004ce       0x1a ./Core/Src/main.o
                0x080004ce                USB_CDC_RxHandler
 .text.HAL_ADC_ConvCpltCallback
                0x080004e8       0x20 ./Core/Src/main.o
                0x080004e8                HAL_ADC_ConvCpltCallback
 .text.main     0x08000508      0x110 ./Core/Src/main.o
                0x08000508                main
 .text.SystemClock_Config
                0x08000618       0x98 ./Core/Src/main.o
                0x08000618                SystemClock_Config
 .text.MX_ADC1_Init
                0x080006b0      0x110 ./Core/Src/main.o
 .text.MX_CORDIC_Init
                0x080007c0       0x28 ./Core/Src/main.o
 .text.MX_SPI1_Init
                0x080007e8       0x74 ./Core/Src/main.o
 .text.MX_SPI2_Init
                0x0800085c       0x7c ./Core/Src/main.o
 .text.MX_TIM1_Init
                0x080008d8       0xb4 ./Core/Src/main.o
 .text.MX_TIM3_Init
                0x0800098c      0x108 ./Core/Src/main.o
 .text.MX_TIM4_Init
                0x08000a94       0xa0 ./Core/Src/main.o
 .text.MX_DMA_Init
                0x08000b34       0x64 ./Core/Src/main.o
 .text.MX_GPIO_Init
                0x08000b98      0x144 ./Core/Src/main.o
 .text.strelkaCommsFn
                0x08000cdc       0x14 ./Core/Src/main.o
                0x08000cdc                strelkaCommsFn
 .text.powerSenseFn
                0x08000cf0       0x80 ./Core/Src/main.o
                0x08000cf0                powerSenseFn
 .text.stepperCtrlFn
                0x08000d70      0x100 ./Core/Src/main.o
                0x08000d70                stepperCtrlFn
 .text.stateMachineFn
                0x08000e70       0xb4 ./Core/Src/main.o
                0x08000e70                stateMachineFn
 .text.decodeUSBFn
                0x08000f24       0x10 ./Core/Src/main.o
                0x08000f24                decodeUSBFn
 .text.HAL_TIM_PeriodElapsedCallback
                0x08000f34       0x40 ./Core/Src/main.o
                0x08000f34                HAL_TIM_PeriodElapsedCallback
 .text.Error_Handler
                0x08000f74       0x24 ./Core/Src/main.o
                0x08000f74                Error_Handler
 .text.HAL_MspInit
                0x08000f98       0x54 ./Core/Src/stm32g4xx_hal_msp.o
                0x08000f98                HAL_MspInit
 .text.HAL_ADC_MspInit
                0x08000fec      0x114 ./Core/Src/stm32g4xx_hal_msp.o
                0x08000fec                HAL_ADC_MspInit
 .text.HAL_CORDIC_MspInit
                0x08001100       0x4c ./Core/Src/stm32g4xx_hal_msp.o
                0x08001100                HAL_CORDIC_MspInit
 .text.HAL_SPI_MspInit
                0x0800114c       0xec ./Core/Src/stm32g4xx_hal_msp.o
                0x0800114c                HAL_SPI_MspInit
 .text.HAL_TIM_Encoder_MspInit
                0x08001238       0x88 ./Core/Src/stm32g4xx_hal_msp.o
                0x08001238                HAL_TIM_Encoder_MspInit
 .text.HAL_TIM_Base_MspInit
                0x080012c0       0x84 ./Core/Src/stm32g4xx_hal_msp.o
                0x080012c0                HAL_TIM_Base_MspInit
 .text.HAL_TIM_MspPostInit
                0x08001344       0xa8 ./Core/Src/stm32g4xx_hal_msp.o
                0x08001344                HAL_TIM_MspPostInit
 .text.HAL_InitTick
                0x080013ec       0xd8 ./Core/Src/stm32g4xx_hal_timebase_tim.o
                0x080013ec                HAL_InitTick
 .text.NMI_Handler
                0x080014c4        0x8 ./Core/Src/stm32g4xx_it.o
                0x080014c4                NMI_Handler
 .text.HardFault_Handler
                0x080014cc        0x8 ./Core/Src/stm32g4xx_it.o
                0x080014cc                HardFault_Handler
 .text.MemManage_Handler
                0x080014d4        0x8 ./Core/Src/stm32g4xx_it.o
                0x080014d4                MemManage_Handler
 .text.BusFault_Handler
                0x080014dc        0x8 ./Core/Src/stm32g4xx_it.o
                0x080014dc                BusFault_Handler
 .text.UsageFault_Handler
                0x080014e4        0x8 ./Core/Src/stm32g4xx_it.o
                0x080014e4                UsageFault_Handler
 .text.DebugMon_Handler
                0x080014ec        0xe ./Core/Src/stm32g4xx_it.o
                0x080014ec                DebugMon_Handler
 *fill*         0x080014fa        0x2 
 .text.DMA1_Channel1_IRQHandler
                0x080014fc       0x14 ./Core/Src/stm32g4xx_it.o
                0x080014fc                DMA1_Channel1_IRQHandler
 .text.ADC1_2_IRQHandler
                0x08001510       0x14 ./Core/Src/stm32g4xx_it.o
                0x08001510                ADC1_2_IRQHandler
 .text.USB_LP_IRQHandler
                0x08001524       0x14 ./Core/Src/stm32g4xx_it.o
                0x08001524                USB_LP_IRQHandler
 .text.TIM3_IRQHandler
                0x08001538       0x14 ./Core/Src/stm32g4xx_it.o
                0x08001538                TIM3_IRQHandler
 .text.TIM4_IRQHandler
                0x0800154c       0x14 ./Core/Src/stm32g4xx_it.o
                0x0800154c                TIM4_IRQHandler
 .text.TIM6_DAC_IRQHandler
                0x08001560       0x14 ./Core/Src/stm32g4xx_it.o
                0x08001560                TIM6_DAC_IRQHandler
 .text.DMAMUX_OVR_IRQHandler
                0x08001574        0xe ./Core/Src/stm32g4xx_it.o
                0x08001574                DMAMUX_OVR_IRQHandler
 *fill*         0x08001582        0x2 
 .text.CORDIC_IRQHandler
                0x08001584       0x14 ./Core/Src/stm32g4xx_it.o
                0x08001584                CORDIC_IRQHandler
 .text._read    0x08001598       0x3a ./Core/Src/syscalls.o
                0x08001598                _read
 .text._close   0x080015d2       0x18 ./Core/Src/syscalls.o
                0x080015d2                _close
 .text._fstat   0x080015ea       0x20 ./Core/Src/syscalls.o
                0x080015ea                _fstat
 .text._isatty  0x0800160a       0x16 ./Core/Src/syscalls.o
                0x0800160a                _isatty
 .text._lseek   0x08001620       0x1a ./Core/Src/syscalls.o
                0x08001620                _lseek
 *fill*         0x0800163a        0x2 
 .text._sbrk    0x0800163c       0x6c ./Core/Src/sysmem.o
                0x0800163c                _sbrk
 .text.SystemInit
                0x080016a8       0x24 ./Core/Src/system_stm32g4xx.o
                0x080016a8                SystemInit
 .text.Reset_Handler
                0x080016cc       0x50 ./Core/Startup/startup_stm32g431cbtx.o
                0x080016cc                Reset_Handler
 .text.Default_Handler
                0x0800171c        0x2 ./Core/Startup/startup_stm32g431cbtx.o
                0x0800171c                RTC_Alarm_IRQHandler
                0x0800171c                EXTI2_IRQHandler
                0x0800171c                TIM8_TRG_COM_IRQHandler
                0x0800171c                TIM8_CC_IRQHandler
                0x0800171c                TIM1_CC_IRQHandler
                0x0800171c                USB_HP_IRQHandler
                0x0800171c                EXTI3_IRQHandler
                0x0800171c                I2C3_ER_IRQHandler
                0x0800171c                EXTI0_IRQHandler
                0x0800171c                I2C2_EV_IRQHandler
                0x0800171c                FPU_IRQHandler
                0x0800171c                FDCAN1_IT1_IRQHandler
                0x0800171c                TIM1_UP_TIM16_IRQHandler
                0x0800171c                SPI1_IRQHandler
                0x0800171c                TIM8_UP_IRQHandler
                0x0800171c                DMA2_Channel2_IRQHandler
                0x0800171c                DMA1_Channel4_IRQHandler
                0x0800171c                USART3_IRQHandler
                0x0800171c                DMA2_Channel1_IRQHandler
                0x0800171c                I2C1_EV_IRQHandler
                0x0800171c                DMA1_Channel6_IRQHandler
                0x0800171c                UART4_IRQHandler
                0x0800171c                DMA2_Channel4_IRQHandler
                0x0800171c                RCC_IRQHandler
                0x0800171c                Default_Handler
                0x0800171c                RTC_TAMP_LSECSS_IRQHandler
                0x0800171c                FMAC_IRQHandler
                0x0800171c                EXTI15_10_IRQHandler
                0x0800171c                TIM7_IRQHandler
                0x0800171c                UCPD1_IRQHandler
                0x0800171c                I2C3_EV_IRQHandler
                0x0800171c                EXTI9_5_IRQHandler
                0x0800171c                RTC_WKUP_IRQHandler
                0x0800171c                PVD_PVM_IRQHandler
                0x0800171c                SPI2_IRQHandler
                0x0800171c                DMA2_Channel5_IRQHandler
                0x0800171c                CRS_IRQHandler
                0x0800171c                DMA1_Channel5_IRQHandler
                0x0800171c                EXTI4_IRQHandler
                0x0800171c                RNG_IRQHandler
                0x0800171c                TIM1_TRG_COM_TIM17_IRQHandler
                0x0800171c                DMA1_Channel3_IRQHandler
                0x0800171c                WWDG_IRQHandler
                0x0800171c                LPUART1_IRQHandler
                0x0800171c                DMA2_Channel6_IRQHandler
                0x0800171c                FDCAN1_IT0_IRQHandler
                0x0800171c                TIM2_IRQHandler
                0x0800171c                COMP1_2_3_IRQHandler
                0x0800171c                EXTI1_IRQHandler
                0x0800171c                USART2_IRQHandler
                0x0800171c                I2C2_ER_IRQHandler
                0x0800171c                DMA1_Channel2_IRQHandler
                0x0800171c                TIM8_BRK_IRQHandler
                0x0800171c                FLASH_IRQHandler
                0x0800171c                USART1_IRQHandler
                0x0800171c                SPI3_IRQHandler
                0x0800171c                I2C1_ER_IRQHandler
                0x0800171c                LPTIM1_IRQHandler
                0x0800171c                USBWakeUp_IRQHandler
                0x0800171c                SAI1_IRQHandler
                0x0800171c                DMA2_Channel3_IRQHandler
                0x0800171c                COMP4_IRQHandler
                0x0800171c                TIM1_BRK_TIM15_IRQHandler
 .text.HAL_Init
                0x0800171e       0x30 ./Drivers/STM32G4xx_HAL_Driver/Src/stm32g4xx_hal.o
                0x0800171e                HAL_Init
 *fill*         0x0800174e        0x2 
 .text.HAL_IncTick
                0x08001750       0x24 ./Drivers/STM32G4xx_HAL_Driver/Src/stm32g4xx_hal.o
                0x08001750                HAL_IncTick
 .text.HAL_GetTick
                0x08001774       0x18 ./Drivers/STM32G4xx_HAL_Driver/Src/stm32g4xx_hal.o
                0x08001774                HAL_GetTick
 .text.LL_ADC_SetCommonClock
                0x0800178c       0x26 ./Drivers/STM32G4xx_HAL_Driver/Src/stm32g4xx_hal_adc.o
 .text.LL_ADC_SetCommonPathInternalCh
                0x080017b2       0x26 ./Drivers/STM32G4xx_HAL_Driver/Src/stm32g4xx_hal_adc.o
 .text.LL_ADC_GetCommonPathInternalCh
                0x080017d8       0x1c ./Drivers/STM32G4xx_HAL_Driver/Src/stm32g4xx_hal_adc.o
 .text.LL_ADC_SetOffset
                0x080017f4       0x48 ./Drivers/STM32G4xx_HAL_Driver/Src/stm32g4xx_hal_adc.o
 .text.LL_ADC_GetOffsetChannel
                0x0800183c       0x2c ./Drivers/STM32G4xx_HAL_Driver/Src/stm32g4xx_hal_adc.o
 .text.LL_ADC_SetOffsetState
                0x08001868       0x36 ./Drivers/STM32G4xx_HAL_Driver/Src/stm32g4xx_hal_adc.o
 .text.LL_ADC_SetOffsetSign
                0x0800189e       0x36 ./Drivers/STM32G4xx_HAL_Driver/Src/stm32g4xx_hal_adc.o
 .text.LL_ADC_SetOffsetSaturation
                0x080018d4       0x36 ./Drivers/STM32G4xx_HAL_Driver/Src/stm32g4xx_hal_adc.o
 .text.LL_ADC_SetSamplingTimeCommonConfig
                0x0800190a       0x26 ./Drivers/STM32G4xx_HAL_Driver/Src/stm32g4xx_hal_adc.o
 .text.LL_ADC_REG_IsTriggerSourceSWStart
                0x08001930       0x26 ./Drivers/STM32G4xx_HAL_Driver/Src/stm32g4xx_hal_adc.o
 .text.LL_ADC_REG_SetSequencerRanks
                0x08001956       0x58 ./Drivers/STM32G4xx_HAL_Driver/Src/stm32g4xx_hal_adc.o
 .text.LL_ADC_INJ_IsTriggerSourceSWStart
                0x080019ae       0x26 ./Drivers/STM32G4xx_HAL_Driver/Src/stm32g4xx_hal_adc.o
 .text.LL_ADC_SetChannelSamplingTime
                0x080019d4       0x56 ./Drivers/STM32G4xx_HAL_Driver/Src/stm32g4xx_hal_adc.o
 *fill*         0x08001a2a        0x2 
 .text.LL_ADC_SetChannelSingleDiff
                0x08001a2c       0x48 ./Drivers/STM32G4xx_HAL_Driver/Src/stm32g4xx_hal_adc.o
 .text.LL_ADC_GetMultimode
                0x08001a74       0x1c ./Drivers/STM32G4xx_HAL_Driver/Src/stm32g4xx_hal_adc.o
 .text.LL_ADC_GetMultiDMATransfer
                0x08001a90       0x1c ./Drivers/STM32G4xx_HAL_Driver/Src/stm32g4xx_hal_adc.o
 .text.LL_ADC_DisableDeepPowerDown
                0x08001aac       0x24 ./Drivers/STM32G4xx_HAL_Driver/Src/stm32g4xx_hal_adc.o
 .text.LL_ADC_IsDeepPowerDownEnabled
                0x08001ad0       0x28 ./Drivers/STM32G4xx_HAL_Driver/Src/stm32g4xx_hal_adc.o
 .text.LL_ADC_EnableInternalRegulator
                0x08001af8       0x28 ./Drivers/STM32G4xx_HAL_Driver/Src/stm32g4xx_hal_adc.o
 .text.LL_ADC_IsInternalRegulatorEnabled
                0x08001b20       0x28 ./Drivers/STM32G4xx_HAL_Driver/Src/stm32g4xx_hal_adc.o
 .text.LL_ADC_Enable
                0x08001b48       0x28 ./Drivers/STM32G4xx_HAL_Driver/Src/stm32g4xx_hal_adc.o
 .text.LL_ADC_Disable
                0x08001b70       0x28 ./Drivers/STM32G4xx_HAL_Driver/Src/stm32g4xx_hal_adc.o
 .text.LL_ADC_IsEnabled
                0x08001b98       0x26 ./Drivers/STM32G4xx_HAL_Driver/Src/stm32g4xx_hal_adc.o
 .text.LL_ADC_IsDisableOngoing
                0x08001bbe       0x26 ./Drivers/STM32G4xx_HAL_Driver/Src/stm32g4xx_hal_adc.o
 .text.LL_ADC_REG_StartConversion
                0x08001be4       0x28 ./Drivers/STM32G4xx_HAL_Driver/Src/stm32g4xx_hal_adc.o
 .text.LL_ADC_REG_IsConversionOngoing
                0x08001c0c       0x26 ./Drivers/STM32G4xx_HAL_Driver/Src/stm32g4xx_hal_adc.o
 .text.LL_ADC_INJ_IsConversionOngoing
                0x08001c32       0x26 ./Drivers/STM32G4xx_HAL_Driver/Src/stm32g4xx_hal_adc.o
 .text.HAL_ADC_Init
                0x08001c58      0x308 ./Drivers/STM32G4xx_HAL_Driver/Src/stm32g4xx_hal_adc.o
                0x08001c58                HAL_ADC_Init
 .text.HAL_ADC_Start_DMA
                0x08001f60      0x168 ./Drivers/STM32G4xx_HAL_Driver/Src/stm32g4xx_hal_adc.o
                0x08001f60                HAL_ADC_Start_DMA
 .text.HAL_ADC_IRQHandler
                0x080020c8      0x434 ./Drivers/STM32G4xx_HAL_Driver/Src/stm32g4xx_hal_adc.o
                0x080020c8                HAL_ADC_IRQHandler
 .text.HAL_ADC_ConvHalfCpltCallback
                0x080024fc       0x14 ./Drivers/STM32G4xx_HAL_Driver/Src/stm32g4xx_hal_adc.o
                0x080024fc                HAL_ADC_ConvHalfCpltCallback
 .text.HAL_ADC_LevelOutOfWindowCallback
                0x08002510       0x14 ./Drivers/STM32G4xx_HAL_Driver/Src/stm32g4xx_hal_adc.o
                0x08002510                HAL_ADC_LevelOutOfWindowCallback
 .text.HAL_ADC_ErrorCallback
                0x08002524       0x14 ./Drivers/STM32G4xx_HAL_Driver/Src/stm32g4xx_hal_adc.o
                0x08002524                HAL_ADC_ErrorCallback
 .text.HAL_ADC_ConfigChannel
                0x08002538      0x7e0 ./Drivers/STM32G4xx_HAL_Driver/Src/stm32g4xx_hal_adc.o
                0x08002538                HAL_ADC_ConfigChannel
 .text.ADC_Enable
                0x08002d18      0x10c ./Drivers/STM32G4xx_HAL_Driver/Src/stm32g4xx_hal_adc.o
                0x08002d18                ADC_Enable
 .text.ADC_Disable
                0x08002e24       0xbe ./Drivers/STM32G4xx_HAL_Driver/Src/stm32g4xx_hal_adc.o
                0x08002e24                ADC_Disable
 .text.ADC_DMAConvCplt
                0x08002ee2       0xd8 ./Drivers/STM32G4xx_HAL_Driver/Src/stm32g4xx_hal_adc.o
                0x08002ee2                ADC_DMAConvCplt
 .text.ADC_DMAHalfConvCplt
                0x08002fba       0x1c ./Drivers/STM32G4xx_HAL_Driver/Src/stm32g4xx_hal_adc.o
                0x08002fba                ADC_DMAHalfConvCplt
 .text.ADC_DMAError
                0x08002fd6       0x34 ./Drivers/STM32G4xx_HAL_Driver/Src/stm32g4xx_hal_adc.o
                0x08002fd6                ADC_DMAError
 .text.LL_ADC_IsEnabled
                0x0800300a       0x26 ./Drivers/STM32G4xx_HAL_Driver/Src/stm32g4xx_hal_adc_ex.o
 .text.LL_ADC_StartCalibration
                0x08003030       0x32 ./Drivers/STM32G4xx_HAL_Driver/Src/stm32g4xx_hal_adc_ex.o
 .text.LL_ADC_IsCalibrationOnGoing
                0x08003062       0x28 ./Drivers/STM32G4xx_HAL_Driver/Src/stm32g4xx_hal_adc_ex.o
 .text.LL_ADC_REG_IsConversionOngoing
                0x0800308a       0x26 ./Drivers/STM32G4xx_HAL_Driver/Src/stm32g4xx_hal_adc_ex.o
 .text.HAL_ADCEx_Calibration_Start
                0x080030b0       0xc4 ./Drivers/STM32G4xx_HAL_Driver/Src/stm32g4xx_hal_adc_ex.o
                0x080030b0                HAL_ADCEx_Calibration_Start
 .text.HAL_ADCEx_InjectedConvCpltCallback
                0x08003174       0x14 ./Drivers/STM32G4xx_HAL_Driver/Src/stm32g4xx_hal_adc_ex.o
                0x08003174                HAL_ADCEx_InjectedConvCpltCallback
 .text.HAL_ADCEx_InjectedQueueOverflowCallback
                0x08003188       0x14 ./Drivers/STM32G4xx_HAL_Driver/Src/stm32g4xx_hal_adc_ex.o
                0x08003188                HAL_ADCEx_InjectedQueueOverflowCallback
 .text.HAL_ADCEx_LevelOutOfWindow2Callback
                0x0800319c       0x14 ./Drivers/STM32G4xx_HAL_Driver/Src/stm32g4xx_hal_adc_ex.o
                0x0800319c                HAL_ADCEx_LevelOutOfWindow2Callback
 .text.HAL_ADCEx_LevelOutOfWindow3Callback
                0x080031b0       0x14 ./Drivers/STM32G4xx_HAL_Driver/Src/stm32g4xx_hal_adc_ex.o
                0x080031b0                HAL_ADCEx_LevelOutOfWindow3Callback
 .text.HAL_ADCEx_EndOfSamplingCallback
                0x080031c4       0x14 ./Drivers/STM32G4xx_HAL_Driver/Src/stm32g4xx_hal_adc_ex.o
                0x080031c4                HAL_ADCEx_EndOfSamplingCallback
 .text.HAL_ADCEx_MultiModeConfigChannel
                0x080031d8      0x148 ./Drivers/STM32G4xx_HAL_Driver/Src/stm32g4xx_hal_adc_ex.o
                0x080031d8                HAL_ADCEx_MultiModeConfigChannel
 .text.HAL_CORDIC_Init
                0x08003320       0x62 ./Drivers/STM32G4xx_HAL_Driver/Src/stm32g4xx_hal_cordic.o
                0x08003320                HAL_CORDIC_Init
 .text.HAL_CORDIC_CalculateCpltCallback
                0x08003382       0x14 ./Drivers/STM32G4xx_HAL_Driver/Src/stm32g4xx_hal_cordic.o
                0x08003382                HAL_CORDIC_CalculateCpltCallback
 .text.HAL_CORDIC_IRQHandler
                0x08003396       0x92 ./Drivers/STM32G4xx_HAL_Driver/Src/stm32g4xx_hal_cordic.o
                0x08003396                HAL_CORDIC_IRQHandler
 .text.CORDIC_WriteInDataIncrementPtr
                0x08003428       0x52 ./Drivers/STM32G4xx_HAL_Driver/Src/stm32g4xx_hal_cordic.o
 .text.CORDIC_ReadOutDataIncrementPtr
                0x0800347a       0x52 ./Drivers/STM32G4xx_HAL_Driver/Src/stm32g4xx_hal_cordic.o
 .text.__NVIC_SetPriorityGrouping
                0x080034cc       0x48 ./Drivers/STM32G4xx_HAL_Driver/Src/stm32g4xx_hal_cortex.o
 .text.__NVIC_GetPriorityGrouping
                0x08003514       0x1c ./Drivers/STM32G4xx_HAL_Driver/Src/stm32g4xx_hal_cortex.o
 .text.__NVIC_EnableIRQ
                0x08003530       0x3c ./Drivers/STM32G4xx_HAL_Driver/Src/stm32g4xx_hal_cortex.o
 .text.__NVIC_SetPriority
                0x0800356c       0x54 ./Drivers/STM32G4xx_HAL_Driver/Src/stm32g4xx_hal_cortex.o
 .text.NVIC_EncodePriority
                0x080035c0       0x66 ./Drivers/STM32G4xx_HAL_Driver/Src/stm32g4xx_hal_cortex.o
 .text.HAL_NVIC_SetPriorityGrouping
                0x08003626       0x16 ./Drivers/STM32G4xx_HAL_Driver/Src/stm32g4xx_hal_cortex.o
                0x08003626                HAL_NVIC_SetPriorityGrouping
 .text.HAL_NVIC_SetPriority
                0x0800363c       0x34 ./Drivers/STM32G4xx_HAL_Driver/Src/stm32g4xx_hal_cortex.o
                0x0800363c                HAL_NVIC_SetPriority
 .text.HAL_NVIC_EnableIRQ
                0x08003670       0x1c ./Drivers/STM32G4xx_HAL_Driver/Src/stm32g4xx_hal_cortex.o
                0x08003670                HAL_NVIC_EnableIRQ
 .text.HAL_DMA_Init
                0x0800368c      0x150 ./Drivers/STM32G4xx_HAL_Driver/Src/stm32g4xx_hal_dma.o
                0x0800368c                HAL_DMA_Init
 .text.HAL_DMA_Start_IT
                0x080037dc       0xf6 ./Drivers/STM32G4xx_HAL_Driver/Src/stm32g4xx_hal_dma.o
                0x080037dc                HAL_DMA_Start_IT
 .text.HAL_DMA_IRQHandler
                0x080038d2      0x15e ./Drivers/STM32G4xx_HAL_Driver/Src/stm32g4xx_hal_dma.o
                0x080038d2                HAL_DMA_IRQHandler
 .text.DMA_SetConfig
                0x08003a30       0x7c ./Drivers/STM32G4xx_HAL_Driver/Src/stm32g4xx_hal_dma.o
 .text.DMA_CalcDMAMUXChannelBaseAndMask
                0x08003aac       0x7c ./Drivers/STM32G4xx_HAL_Driver/Src/stm32g4xx_hal_dma.o
 .text.DMA_CalcDMAMUXRequestGenBaseAndMask
                0x08003b28       0x48 ./Drivers/STM32G4xx_HAL_Driver/Src/stm32g4xx_hal_dma.o
 .text.HAL_GPIO_Init
                0x08003b70      0x304 ./Drivers/STM32G4xx_HAL_Driver/Src/stm32g4xx_hal_gpio.o
                0x08003b70                HAL_GPIO_Init
 .text.HAL_GPIO_WritePin
                0x08003e74       0x30 ./Drivers/STM32G4xx_HAL_Driver/Src/stm32g4xx_hal_gpio.o
                0x08003e74                HAL_GPIO_WritePin
 .text.HAL_GPIO_TogglePin
                0x08003ea4       0x34 ./Drivers/STM32G4xx_HAL_Driver/Src/stm32g4xx_hal_gpio.o
                0x08003ea4                HAL_GPIO_TogglePin
 .text.HAL_PCD_Init
                0x08003ed8      0x19c ./Drivers/STM32G4xx_HAL_Driver/Src/stm32g4xx_hal_pcd.o
                0x08003ed8                HAL_PCD_Init
 .text.HAL_PCD_Start
                0x08004074       0x44 ./Drivers/STM32G4xx_HAL_Driver/Src/stm32g4xx_hal_pcd.o
                0x08004074                HAL_PCD_Start
 .text.HAL_PCD_IRQHandler
                0x080040b8      0x24e ./Drivers/STM32G4xx_HAL_Driver/Src/stm32g4xx_hal_pcd.o
                0x080040b8                HAL_PCD_IRQHandler
 .text.HAL_PCD_SetAddress
                0x08004306       0x48 ./Drivers/STM32G4xx_HAL_Driver/Src/stm32g4xx_hal_pcd.o
                0x08004306                HAL_PCD_SetAddress
 .text.HAL_PCD_EP_Open
                0x0800434e       0xbe ./Drivers/STM32G4xx_HAL_Driver/Src/stm32g4xx_hal_pcd.o
                0x0800434e                HAL_PCD_EP_Open
 .text.HAL_PCD_EP_Close
                0x0800440c       0x90 ./Drivers/STM32G4xx_HAL_Driver/Src/stm32g4xx_hal_pcd.o
                0x0800440c                HAL_PCD_EP_Close
 .text.HAL_PCD_EP_Receive
                0x0800449c       0x62 ./Drivers/STM32G4xx_HAL_Driver/Src/stm32g4xx_hal_pcd.o
                0x0800449c                HAL_PCD_EP_Receive
 .text.HAL_PCD_EP_GetRxCount
                0x080044fe       0x30 ./Drivers/STM32G4xx_HAL_Driver/Src/stm32g4xx_hal_pcd.o
                0x080044fe                HAL_PCD_EP_GetRxCount
 .text.HAL_PCD_EP_Transmit
                0x0800452e       0x6e ./Drivers/STM32G4xx_HAL_Driver/Src/stm32g4xx_hal_pcd.o
                0x0800452e                HAL_PCD_EP_Transmit
 .text.HAL_PCD_EP_SetStall
                0x0800459c       0xa4 ./Drivers/STM32G4xx_HAL_Driver/Src/stm32g4xx_hal_pcd.o
                0x0800459c                HAL_PCD_EP_SetStall
 .text.HAL_PCD_EP_ClrStall
                0x08004640       0xa8 ./Drivers/STM32G4xx_HAL_Driver/Src/stm32g4xx_hal_pcd.o
                0x08004640                HAL_PCD_EP_ClrStall
 .text.PCD_EP_ISR_Handler
                0x080046e8      0x68e ./Drivers/STM32G4xx_HAL_Driver/Src/stm32g4xx_hal_pcd.o
 .text.HAL_PCD_EP_DB_Receive
                0x08004d76      0x212 ./Drivers/STM32G4xx_HAL_Driver/Src/stm32g4xx_hal_pcd.o
 .text.HAL_PCD_EP_DB_Transmit
                0x08004f88      0x878 ./Drivers/STM32G4xx_HAL_Driver/Src/stm32g4xx_hal_pcd.o
 .text.HAL_PCDEx_PMAConfig
                0x08005800       0x86 ./Drivers/STM32G4xx_HAL_Driver/Src/stm32g4xx_hal_pcd_ex.o
                0x08005800                HAL_PCDEx_PMAConfig
 .text.HAL_PCDEx_ActivateLPM
                0x08005886       0x54 ./Drivers/STM32G4xx_HAL_Driver/Src/stm32g4xx_hal_pcd_ex.o
                0x08005886                HAL_PCDEx_ActivateLPM
 *fill*         0x080058da        0x2 
 .text.HAL_PWREx_ControlVoltageScaling
                0x080058dc      0x148 ./Drivers/STM32G4xx_HAL_Driver/Src/stm32g4xx_hal_pwr_ex.o
                0x080058dc                HAL_PWREx_ControlVoltageScaling
 .text.HAL_PWREx_DisableUCPDDeadBattery
                0x08005a24       0x20 ./Drivers/STM32G4xx_HAL_Driver/Src/stm32g4xx_hal_pwr_ex.o
                0x08005a24                HAL_PWREx_DisableUCPDDeadBattery
 .text.HAL_RCC_OscConfig
                0x08005a44      0x624 ./Drivers/STM32G4xx_HAL_Driver/Src/stm32g4xx_hal_rcc.o
                0x08005a44                HAL_RCC_OscConfig
 .text.HAL_RCC_ClockConfig
                0x08006068      0x278 ./Drivers/STM32G4xx_HAL_Driver/Src/stm32g4xx_hal_rcc.o
                0x08006068                HAL_RCC_ClockConfig
 .text.HAL_RCC_GetSysClockFreq
                0x080062e0       0xc4 ./Drivers/STM32G4xx_HAL_Driver/Src/stm32g4xx_hal_rcc.o
                0x080062e0                HAL_RCC_GetSysClockFreq
 .text.HAL_RCC_GetHCLKFreq
                0x080063a4       0x18 ./Drivers/STM32G4xx_HAL_Driver/Src/stm32g4xx_hal_rcc.o
                0x080063a4                HAL_RCC_GetHCLKFreq
 .text.HAL_RCC_GetPCLK1Freq
                0x080063bc       0x2c ./Drivers/STM32G4xx_HAL_Driver/Src/stm32g4xx_hal_rcc.o
                0x080063bc                HAL_RCC_GetPCLK1Freq
 .text.HAL_RCC_GetClockConfig
                0x080063e8       0x64 ./Drivers/STM32G4xx_HAL_Driver/Src/stm32g4xx_hal_rcc.o
                0x080063e8                HAL_RCC_GetClockConfig
 .text.RCC_GetSysClockFreqFromPLLSource
                0x0800644c       0x8c ./Drivers/STM32G4xx_HAL_Driver/Src/stm32g4xx_hal_rcc.o
 .text.HAL_RCCEx_PeriphCLKConfig
                0x080064d8      0x3e0 ./Drivers/STM32G4xx_HAL_Driver/Src/stm32g4xx_hal_rcc_ex.o
                0x080064d8                HAL_RCCEx_PeriphCLKConfig
 .text.HAL_SPI_Init
                0x080068b8      0x156 ./Drivers/STM32G4xx_HAL_Driver/Src/stm32g4xx_hal_spi.o
                0x080068b8                HAL_SPI_Init
 .text.HAL_TIM_Base_Init
                0x08006a0e       0xae ./Drivers/STM32G4xx_HAL_Driver/Src/stm32g4xx_hal_tim.o
                0x08006a0e                HAL_TIM_Base_Init
 .text.HAL_TIM_Base_Start_IT
                0x08006abc       0xd4 ./Drivers/STM32G4xx_HAL_Driver/Src/stm32g4xx_hal_tim.o
                0x08006abc                HAL_TIM_Base_Start_IT
 .text.HAL_TIM_PWM_Init
                0x08006b90       0xae ./Drivers/STM32G4xx_HAL_Driver/Src/stm32g4xx_hal_tim.o
                0x08006b90                HAL_TIM_PWM_Init
 .text.HAL_TIM_PWM_MspInit
                0x08006c3e       0x14 ./Drivers/STM32G4xx_HAL_Driver/Src/stm32g4xx_hal_tim.o
                0x08006c3e                HAL_TIM_PWM_MspInit
 *fill*         0x08006c52        0x2 
 .text.HAL_TIM_PWM_Start
                0x08006c54      0x200 ./Drivers/STM32G4xx_HAL_Driver/Src/stm32g4xx_hal_tim.o
                0x08006c54                HAL_TIM_PWM_Start
 .text.HAL_TIM_PWM_Stop
                0x08006e54      0x12c ./Drivers/STM32G4xx_HAL_Driver/Src/stm32g4xx_hal_tim.o
                0x08006e54                HAL_TIM_PWM_Stop
 .text.HAL_TIM_PWM_Start_IT
                0x08006f80      0x298 ./Drivers/STM32G4xx_HAL_Driver/Src/stm32g4xx_hal_tim.o
                0x08006f80                HAL_TIM_PWM_Start_IT
 .text.HAL_TIM_IC_Start_IT
                0x08007218      0x284 ./Drivers/STM32G4xx_HAL_Driver/Src/stm32g4xx_hal_tim.o
                0x08007218                HAL_TIM_IC_Start_IT
 .text.HAL_TIM_Encoder_Init
                0x0800749c      0x14c ./Drivers/STM32G4xx_HAL_Driver/Src/stm32g4xx_hal_tim.o
                0x0800749c                HAL_TIM_Encoder_Init
 .text.HAL_TIM_Encoder_Start_IT
                0x080075e8      0x15c ./Drivers/STM32G4xx_HAL_Driver/Src/stm32g4xx_hal_tim.o
                0x080075e8                HAL_TIM_Encoder_Start_IT
 .text.HAL_TIM_IRQHandler
                0x08007744      0x29e ./Drivers/STM32G4xx_HAL_Driver/Src/stm32g4xx_hal_tim.o
                0x08007744                HAL_TIM_IRQHandler
 *fill*         0x080079e2        0x2 
 .text.HAL_TIM_PWM_ConfigChannel
                0x080079e4      0x228 ./Drivers/STM32G4xx_HAL_Driver/Src/stm32g4xx_hal_tim.o
                0x080079e4                HAL_TIM_PWM_ConfigChannel
 .text.HAL_TIM_ConfigClockSource
                0x08007c0c      0x1f4 ./Drivers/STM32G4xx_HAL_Driver/Src/stm32g4xx_hal_tim.o
                0x08007c0c                HAL_TIM_ConfigClockSource
 .text.HAL_TIM_SlaveConfigSynchro
                0x08007e00       0x84 ./Drivers/STM32G4xx_HAL_Driver/Src/stm32g4xx_hal_tim.o
                0x08007e00                HAL_TIM_SlaveConfigSynchro
 .text.HAL_TIM_OC_DelayElapsedCallback
                0x08007e84       0x14 ./Drivers/STM32G4xx_HAL_Driver/Src/stm32g4xx_hal_tim.o
                0x08007e84                HAL_TIM_OC_DelayElapsedCallback
 .text.HAL_TIM_IC_CaptureCallback
                0x08007e98       0x14 ./Drivers/STM32G4xx_HAL_Driver/Src/stm32g4xx_hal_tim.o
                0x08007e98                HAL_TIM_IC_CaptureCallback
 .text.HAL_TIM_PWM_PulseFinishedCallback
                0x08007eac       0x14 ./Drivers/STM32G4xx_HAL_Driver/Src/stm32g4xx_hal_tim.o
                0x08007eac                HAL_TIM_PWM_PulseFinishedCallback
 .text.HAL_TIM_TriggerCallback
                0x08007ec0       0x14 ./Drivers/STM32G4xx_HAL_Driver/Src/stm32g4xx_hal_tim.o
                0x08007ec0                HAL_TIM_TriggerCallback
 .text.TIM_Base_SetConfig
                0x08007ed4      0x138 ./Drivers/STM32G4xx_HAL_Driver/Src/stm32g4xx_hal_tim.o
                0x08007ed4                TIM_Base_SetConfig
 .text.TIM_OC1_SetConfig
                0x0800800c      0x120 ./Drivers/STM32G4xx_HAL_Driver/Src/stm32g4xx_hal_tim.o
 .text.TIM_OC2_SetConfig
                0x0800812c      0x114 ./Drivers/STM32G4xx_HAL_Driver/Src/stm32g4xx_hal_tim.o
                0x0800812c                TIM_OC2_SetConfig
 .text.TIM_OC3_SetConfig
                0x08008240      0x110 ./Drivers/STM32G4xx_HAL_Driver/Src/stm32g4xx_hal_tim.o
 .text.TIM_OC4_SetConfig
                0x08008350      0x114 ./Drivers/STM32G4xx_HAL_Driver/Src/stm32g4xx_hal_tim.o
 .text.TIM_OC5_SetConfig
                0x08008464       0xc8 ./Drivers/STM32G4xx_HAL_Driver/Src/stm32g4xx_hal_tim.o
 .text.TIM_OC6_SetConfig
                0x0800852c       0xcc ./Drivers/STM32G4xx_HAL_Driver/Src/stm32g4xx_hal_tim.o
 .text.TIM_SlaveTimer_SetConfig
                0x080085f8      0x188 ./Drivers/STM32G4xx_HAL_Driver/Src/stm32g4xx_hal_tim.o
 .text.TIM_TI1_ConfigInputStage
                0x08008780       0x5e ./Drivers/STM32G4xx_HAL_Driver/Src/stm32g4xx_hal_tim.o
 .text.TIM_TI2_ConfigInputStage
                0x080087de       0x60 ./Drivers/STM32G4xx_HAL_Driver/Src/stm32g4xx_hal_tim.o
 .text.TIM_ITRx_SetConfig
                0x0800883e       0x3a ./Drivers/STM32G4xx_HAL_Driver/Src/stm32g4xx_hal_tim.o
 .text.TIM_ETR_SetConfig
                0x08008878       0x40 ./Drivers/STM32G4xx_HAL_Driver/Src/stm32g4xx_hal_tim.o
                0x08008878                TIM_ETR_SetConfig
 .text.TIM_CCxChannelCmd
                0x080088b8       0x4a ./Drivers/STM32G4xx_HAL_Driver/Src/stm32g4xx_hal_tim.o
                0x080088b8                TIM_CCxChannelCmd
 *fill*         0x08008902        0x2 
 .text.HAL_TIMEx_MasterConfigSynchronization
                0x08008904      0x104 ./Drivers/STM32G4xx_HAL_Driver/Src/stm32g4xx_hal_tim_ex.o
                0x08008904                HAL_TIMEx_MasterConfigSynchronization
 .text.HAL_TIMEx_CommutCallback
                0x08008a08       0x14 ./Drivers/STM32G4xx_HAL_Driver/Src/stm32g4xx_hal_tim_ex.o
                0x08008a08                HAL_TIMEx_CommutCallback
 .text.HAL_TIMEx_BreakCallback
                0x08008a1c       0x14 ./Drivers/STM32G4xx_HAL_Driver/Src/stm32g4xx_hal_tim_ex.o
                0x08008a1c                HAL_TIMEx_BreakCallback
 .text.HAL_TIMEx_Break2Callback
                0x08008a30       0x14 ./Drivers/STM32G4xx_HAL_Driver/Src/stm32g4xx_hal_tim_ex.o
                0x08008a30                HAL_TIMEx_Break2Callback
 .text.HAL_TIMEx_EncoderIndexCallback
                0x08008a44       0x14 ./Drivers/STM32G4xx_HAL_Driver/Src/stm32g4xx_hal_tim_ex.o
                0x08008a44                HAL_TIMEx_EncoderIndexCallback
 .text.HAL_TIMEx_DirectionChangeCallback
                0x08008a58       0x14 ./Drivers/STM32G4xx_HAL_Driver/Src/stm32g4xx_hal_tim_ex.o
                0x08008a58                HAL_TIMEx_DirectionChangeCallback
 .text.HAL_TIMEx_IndexErrorCallback
                0x08008a6c       0x14 ./Drivers/STM32G4xx_HAL_Driver/Src/stm32g4xx_hal_tim_ex.o
                0x08008a6c                HAL_TIMEx_IndexErrorCallback
 .text.HAL_TIMEx_TransitionErrorCallback
                0x08008a80       0x14 ./Drivers/STM32G4xx_HAL_Driver/Src/stm32g4xx_hal_tim_ex.o
                0x08008a80                HAL_TIMEx_TransitionErrorCallback
 .text.USB_EnableGlobalInt
                0x08008a94       0x2e ./Drivers/STM32G4xx_HAL_Driver/Src/stm32g4xx_ll_usb.o
                0x08008a94                USB_EnableGlobalInt
 .text.USB_DisableGlobalInt
                0x08008ac2       0x36 ./Drivers/STM32G4xx_HAL_Driver/Src/stm32g4xx_ll_usb.o
                0x08008ac2                USB_DisableGlobalInt
 .text.USB_DevInit
                0x08008af8       0x3c ./Drivers/STM32G4xx_HAL_Driver/Src/stm32g4xx_ll_usb.o
                0x08008af8                USB_DevInit
 .text.USB_ActivateEndpoint
                0x08008b34      0x9d0 ./Drivers/STM32G4xx_HAL_Driver/Src/stm32g4xx_ll_usb.o
                0x08008b34                USB_ActivateEndpoint
 .text.USB_DeactivateEndpoint
                0x08009504      0x3da ./Drivers/STM32G4xx_HAL_Driver/Src/stm32g4xx_ll_usb.o
                0x08009504                USB_DeactivateEndpoint
 .text.USB_EPStartXfer
                0x080098de      0xb5e ./Drivers/STM32G4xx_HAL_Driver/Src/stm32g4xx_ll_usb.o
                0x080098de                USB_EPStartXfer
 .text.USB_EPSetStall
                0x0800a43c       0xa2 ./Drivers/STM32G4xx_HAL_Driver/Src/stm32g4xx_ll_usb.o
                0x0800a43c                USB_EPSetStall
 .text.USB_EPClearStall
                0x0800a4de      0x152 ./Drivers/STM32G4xx_HAL_Driver/Src/stm32g4xx_ll_usb.o
                0x0800a4de                USB_EPClearStall
 .text.USB_SetDevAddress
                0x0800a630       0x28 ./Drivers/STM32G4xx_HAL_Driver/Src/stm32g4xx_ll_usb.o
                0x0800a630                USB_SetDevAddress
 .text.USB_DevConnect
                0x0800a658       0x2e ./Drivers/STM32G4xx_HAL_Driver/Src/stm32g4xx_ll_usb.o
                0x0800a658                USB_DevConnect
 .text.USB_ReadInterrupts
                0x0800a686       0x20 ./Drivers/STM32G4xx_HAL_Driver/Src/stm32g4xx_ll_usb.o
                0x0800a686                USB_ReadInterrupts
 .text.USB_WritePMA
                0x0800a6a6       0x84 ./Drivers/STM32G4xx_HAL_Driver/Src/stm32g4xx_ll_usb.o
                0x0800a6a6                USB_WritePMA
 .text.USB_ReadPMA
                0x0800a72a       0x98 ./Drivers/STM32G4xx_HAL_Driver/Src/stm32g4xx_ll_usb.o
                0x0800a72a                USB_ReadPMA
 .text.USBD_CDC_Init
                0x0800a7c2       0xfe ./Middlewares/ST/STM32_USB_Device_Library/Class/CDC/Src/usbd_cdc.o
 .text.USBD_CDC_DeInit
                0x0800a8c0       0x74 ./Middlewares/ST/STM32_USB_Device_Library/Class/CDC/Src/usbd_cdc.o
 .text.USBD_CDC_Setup
                0x0800a934      0x190 ./Middlewares/ST/STM32_USB_Device_Library/Class/CDC/Src/usbd_cdc.o
 .text.USBD_CDC_DataIn
                0x0800aac4       0xca ./Middlewares/ST/STM32_USB_Device_Library/Class/CDC/Src/usbd_cdc.o
 .text.USBD_CDC_DataOut
                0x0800ab8e       0x56 ./Middlewares/ST/STM32_USB_Device_Library/Class/CDC/Src/usbd_cdc.o
 .text.USBD_CDC_EP0_RxReady
                0x0800abe4       0x58 ./Middlewares/ST/STM32_USB_Device_Library/Class/CDC/Src/usbd_cdc.o
 .text.USBD_CDC_GetFSCfgDesc
                0x0800ac3c       0x20 ./Middlewares/ST/STM32_USB_Device_Library/Class/CDC/Src/usbd_cdc.o
 .text.USBD_CDC_GetHSCfgDesc
                0x0800ac5c       0x20 ./Middlewares/ST/STM32_USB_Device_Library/Class/CDC/Src/usbd_cdc.o
 .text.USBD_CDC_GetOtherSpeedCfgDesc
                0x0800ac7c       0x20 ./Middlewares/ST/STM32_USB_Device_Library/Class/CDC/Src/usbd_cdc.o
 .text.USBD_CDC_GetDeviceQualifierDescriptor
                0x0800ac9c       0x20 ./Middlewares/ST/STM32_USB_Device_Library/Class/CDC/Src/usbd_cdc.o
                0x0800ac9c                USBD_CDC_GetDeviceQualifierDescriptor
 .text.USBD_CDC_RegisterInterface
                0x0800acbc       0x2a ./Middlewares/ST/STM32_USB_Device_Library/Class/CDC/Src/usbd_cdc.o
                0x0800acbc                USBD_CDC_RegisterInterface
 .text.USBD_CDC_SetTxBuffer
                0x0800ace6       0x3c ./Middlewares/ST/STM32_USB_Device_Library/Class/CDC/Src/usbd_cdc.o
                0x0800ace6                USBD_CDC_SetTxBuffer
 .text.USBD_CDC_SetRxBuffer
                0x0800ad22       0x32 ./Middlewares/ST/STM32_USB_Device_Library/Class/CDC/Src/usbd_cdc.o
                0x0800ad22                USBD_CDC_SetRxBuffer
 .text.USBD_CDC_TransmitPacket
                0x0800ad54       0x60 ./Middlewares/ST/STM32_USB_Device_Library/Class/CDC/Src/usbd_cdc.o
                0x0800ad54                USBD_CDC_TransmitPacket
 .text.USBD_CDC_ReceivePacket
                0x0800adb4       0x54 ./Middlewares/ST/STM32_USB_Device_Library/Class/CDC/Src/usbd_cdc.o
                0x0800adb4                USBD_CDC_ReceivePacket
 .text.USBD_Init
                0x0800ae08       0x60 ./Middlewares/ST/STM32_USB_Device_Library/Core/Src/usbd_core.o
                0x0800ae08                USBD_Init
 .text.USBD_RegisterClass
                0x0800ae68       0x4e ./Middlewares/ST/STM32_USB_Device_Library/Core/Src/usbd_core.o
                0x0800ae68                USBD_RegisterClass
 .text.USBD_Start
                0x0800aeb6       0x18 ./Middlewares/ST/STM32_USB_Device_Library/Core/Src/usbd_core.o
                0x0800aeb6                USBD_Start
 .text.USBD_RunTestMode
                0x0800aece       0x16 ./Middlewares/ST/STM32_USB_Device_Library/Core/Src/usbd_core.o
                0x0800aece                USBD_RunTestMode
 .text.USBD_SetClassConfig
                0x0800aee4       0x38 ./Middlewares/ST/STM32_USB_Device_Library/Core/Src/usbd_core.o
                0x0800aee4                USBD_SetClassConfig
 .text.USBD_ClrClassConfig
                0x0800af1c       0x30 ./Middlewares/ST/STM32_USB_Device_Library/Core/Src/usbd_core.o
                0x0800af1c                USBD_ClrClassConfig
 .text.USBD_LL_SetupStage
                0x0800af4c       0xaa ./Middlewares/ST/STM32_USB_Device_Library/Core/Src/usbd_core.o
                0x0800af4c                USBD_LL_SetupStage
 .text.USBD_LL_DataOutStage
                0x0800aff6       0xc6 ./Middlewares/ST/STM32_USB_Device_Library/Core/Src/usbd_core.o
                0x0800aff6                USBD_LL_DataOutStage
 .text.USBD_LL_DataInStage
                0x0800b0bc      0x12c ./Middlewares/ST/STM32_USB_Device_Library/Core/Src/usbd_core.o
                0x0800b0bc                USBD_LL_DataInStage
 .text.USBD_LL_Reset
                0x0800b1e8       0x9c ./Middlewares/ST/STM32_USB_Device_Library/Core/Src/usbd_core.o
                0x0800b1e8                USBD_LL_Reset
 .text.USBD_LL_SetSpeed
                0x0800b284       0x20 ./Middlewares/ST/STM32_USB_Device_Library/Core/Src/usbd_core.o
                0x0800b284                USBD_LL_SetSpeed
 .text.USBD_LL_Suspend
                0x0800b2a4       0x2c ./Middlewares/ST/STM32_USB_Device_Library/Core/Src/usbd_core.o
                0x0800b2a4                USBD_LL_Suspend
 .text.USBD_LL_Resume
                0x0800b2d0       0x30 ./Middlewares/ST/STM32_USB_Device_Library/Core/Src/usbd_core.o
                0x0800b2d0                USBD_LL_Resume
 .text.USBD_LL_SOF
                0x0800b300       0x44 ./Middlewares/ST/STM32_USB_Device_Library/Core/Src/usbd_core.o
                0x0800b300                USBD_LL_SOF
 .text.SWAPBYTE
                0x0800b344       0x3c ./Middlewares/ST/STM32_USB_Device_Library/Core/Src/usbd_ctlreq.o
 .text.USBD_StdDevReq
                0x0800b380       0xdc ./Middlewares/ST/STM32_USB_Device_Library/Core/Src/usbd_ctlreq.o
                0x0800b380                USBD_StdDevReq
 .text.USBD_StdItfReq
                0x0800b45c       0x92 ./Middlewares/ST/STM32_USB_Device_Library/Core/Src/usbd_ctlreq.o
                0x0800b45c                USBD_StdItfReq
 .text.USBD_StdEPReq
                0x0800b4ee      0x2c4 ./Middlewares/ST/STM32_USB_Device_Library/Core/Src/usbd_ctlreq.o
                0x0800b4ee                USBD_StdEPReq
 *fill*         0x0800b7b2        0x2 
 .text.USBD_GetDescriptor
                0x0800b7b4      0x328 ./Middlewares/ST/STM32_USB_Device_Library/Core/Src/usbd_ctlreq.o
 .text.USBD_SetAddress
                0x0800badc       0x88 ./Middlewares/ST/STM32_USB_Device_Library/Core/Src/usbd_ctlreq.o
 .text.USBD_SetConfig
                0x0800bb64      0x14c ./Middlewares/ST/STM32_USB_Device_Library/Core/Src/usbd_ctlreq.o
 .text.USBD_GetConfig
                0x0800bcb0       0x6c ./Middlewares/ST/STM32_USB_Device_Library/Core/Src/usbd_ctlreq.o
 .text.USBD_GetStatus
                0x0800bd1c       0x68 ./Middlewares/ST/STM32_USB_Device_Library/Core/Src/usbd_ctlreq.o
 .text.USBD_SetFeature
                0x0800bd84       0x28 ./Middlewares/ST/STM32_USB_Device_Library/Core/Src/usbd_ctlreq.o
 .text.USBD_ClrFeature
                0x0800bdac       0x44 ./Middlewares/ST/STM32_USB_Device_Library/Core/Src/usbd_ctlreq.o
 .text.USBD_ParseSetupRequest
                0x0800bdf0       0x74 ./Middlewares/ST/STM32_USB_Device_Library/Core/Src/usbd_ctlreq.o
                0x0800bdf0                USBD_ParseSetupRequest
 .text.USBD_CtlError
                0x0800be64       0x22 ./Middlewares/ST/STM32_USB_Device_Library/Core/Src/usbd_ctlreq.o
                0x0800be64                USBD_CtlError
 .text.USBD_GetString
                0x0800be86       0x8c ./Middlewares/ST/STM32_USB_Device_Library/Core/Src/usbd_ctlreq.o
                0x0800be86                USBD_GetString
 .text.USBD_GetLen
                0x0800bf12       0x34 ./Middlewares/ST/STM32_USB_Device_Library/Core/Src/usbd_ctlreq.o
 .text.USBD_CtlSendData
                0x0800bf46       0x36 ./Middlewares/ST/STM32_USB_Device_Library/Core/Src/usbd_ioreq.o
                0x0800bf46                USBD_CtlSendData
 .text.USBD_CtlContinueSendData
                0x0800bf7c       0x22 ./Middlewares/ST/STM32_USB_Device_Library/Core/Src/usbd_ioreq.o
                0x0800bf7c                USBD_CtlContinueSendData
 .text.USBD_CtlPrepareRx
                0x0800bf9e       0x3a ./Middlewares/ST/STM32_USB_Device_Library/Core/Src/usbd_ioreq.o
                0x0800bf9e                USBD_CtlPrepareRx
 .text.USBD_CtlContinueRx
                0x0800bfd8       0x22 ./Middlewares/ST/STM32_USB_Device_Library/Core/Src/usbd_ioreq.o
                0x0800bfd8                USBD_CtlContinueRx
 .text.USBD_CtlSendStatus
                0x0800bffa       0x26 ./Middlewares/ST/STM32_USB_Device_Library/Core/Src/usbd_ioreq.o
                0x0800bffa                USBD_CtlSendStatus
 .text.USBD_CtlReceiveStatus
                0x0800c020       0x26 ./Middlewares/ST/STM32_USB_Device_Library/Core/Src/usbd_ioreq.o
                0x0800c020                USBD_CtlReceiveStatus
 *fill*         0x0800c046        0x2 
 .text.__NVIC_SetPriority
                0x0800c048       0x54 ./Middlewares/Third_Party/FreeRTOS/Source/CMSIS_RTOS_V2/cmsis_os2.o
 .text.SysTick_Handler
                0x0800c09c       0x20 ./Middlewares/Third_Party/FreeRTOS/Source/CMSIS_RTOS_V2/cmsis_os2.o
                0x0800c09c                SysTick_Handler
 .text.SVC_Setup
                0x0800c0bc       0x12 ./Middlewares/Third_Party/FreeRTOS/Source/CMSIS_RTOS_V2/cmsis_os2.o
 *fill*         0x0800c0ce        0x2 
 .text.osKernelInitialize
                0x0800c0d0       0x48 ./Middlewares/Third_Party/FreeRTOS/Source/CMSIS_RTOS_V2/cmsis_os2.o
                0x0800c0d0                osKernelInitialize
 .text.osKernelStart
                0x0800c118       0x4c ./Middlewares/Third_Party/FreeRTOS/Source/CMSIS_RTOS_V2/cmsis_os2.o
                0x0800c118                osKernelStart
 .text.osThreadNew
                0x0800c164      0x124 ./Middlewares/Third_Party/FreeRTOS/Source/CMSIS_RTOS_V2/cmsis_os2.o
                0x0800c164                osThreadNew
 .text.osDelay  0x0800c288       0x36 ./Middlewares/Third_Party/FreeRTOS/Source/CMSIS_RTOS_V2/cmsis_os2.o
                0x0800c288                osDelay
 .text.osMessageQueueNew
                0x0800c2be       0xe6 ./Middlewares/Third_Party/FreeRTOS/Source/CMSIS_RTOS_V2/cmsis_os2.o
                0x0800c2be                osMessageQueueNew
 .text.vApplicationGetIdleTaskMemory
                0x0800c3a4       0x34 ./Middlewares/Third_Party/FreeRTOS/Source/CMSIS_RTOS_V2/cmsis_os2.o
                0x0800c3a4                vApplicationGetIdleTaskMemory
 .text.vApplicationGetTimerTaskMemory
                0x0800c3d8       0x34 ./Middlewares/Third_Party/FreeRTOS/Source/CMSIS_RTOS_V2/cmsis_os2.o
                0x0800c3d8                vApplicationGetTimerTaskMemory
 .text.vListInitialise
                0x0800c40c       0x40 ./Middlewares/Third_Party/FreeRTOS/Source/list.o
                0x0800c40c                vListInitialise
 .text.vListInitialiseItem
                0x0800c44c       0x1a ./Middlewares/Third_Party/FreeRTOS/Source/list.o
                0x0800c44c                vListInitialiseItem
 .text.vListInsertEnd
                0x0800c466       0x48 ./Middlewares/Third_Party/FreeRTOS/Source/list.o
                0x0800c466                vListInsertEnd
 .text.vListInsert
                0x0800c4ae       0x72 ./Middlewares/Third_Party/FreeRTOS/Source/list.o
                0x0800c4ae                vListInsert
 .text.uxListRemove
                0x0800c520       0x54 ./Middlewares/Third_Party/FreeRTOS/Source/list.o
                0x0800c520                uxListRemove
 .text.xQueueGenericReset
                0x0800c574       0xd4 ./Middlewares/Third_Party/FreeRTOS/Source/queue.o
                0x0800c574                xQueueGenericReset
 .text.xQueueGenericCreateStatic
                0x0800c648       0xfa ./Middlewares/Third_Party/FreeRTOS/Source/queue.o
                0x0800c648                xQueueGenericCreateStatic
 .text.xQueueGenericCreate
                0x0800c742       0x76 ./Middlewares/Third_Party/FreeRTOS/Source/queue.o
                0x0800c742                xQueueGenericCreate
 .text.prvInitialiseNewQueue
                0x0800c7b8       0x46 ./Middlewares/Third_Party/FreeRTOS/Source/queue.o
 *fill*         0x0800c7fe        0x2 
 .text.xQueueGenericSend
                0x0800c800      0x204 ./Middlewares/Third_Party/FreeRTOS/Source/queue.o
                0x0800c800                xQueueGenericSend
 .text.xQueueGenericSendFromISR
                0x0800ca04      0x13c ./Middlewares/Third_Party/FreeRTOS/Source/queue.o
                0x0800ca04                xQueueGenericSendFromISR
 .text.xQueueReceive
                0x0800cb40      0x1c4 ./Middlewares/Third_Party/FreeRTOS/Source/queue.o
                0x0800cb40                xQueueReceive
 .text.prvCopyDataToQueue
                0x0800cd04       0xd4 ./Middlewares/Third_Party/FreeRTOS/Source/queue.o
 .text.prvCopyDataFromQueue
                0x0800cdd8       0x4c ./Middlewares/Third_Party/FreeRTOS/Source/queue.o
 .text.prvUnlockQueue
                0x0800ce24       0xa4 ./Middlewares/Third_Party/FreeRTOS/Source/queue.o
 .text.prvIsQueueEmpty
                0x0800cec8       0x2c ./Middlewares/Third_Party/FreeRTOS/Source/queue.o
 .text.prvIsQueueFull
                0x0800cef4       0x30 ./Middlewares/Third_Party/FreeRTOS/Source/queue.o
 .text.vQueueAddToRegistry
                0x0800cf24       0x54 ./Middlewares/Third_Party/FreeRTOS/Source/queue.o
                0x0800cf24                vQueueAddToRegistry
 .text.vQueueWaitForMessageRestricted
                0x0800cf78       0x68 ./Middlewares/Third_Party/FreeRTOS/Source/queue.o
                0x0800cf78                vQueueWaitForMessageRestricted
 .text.xTaskCreateStatic
                0x0800cfe0       0xc0 ./Middlewares/Third_Party/FreeRTOS/Source/tasks.o
                0x0800cfe0                xTaskCreateStatic
 .text.xTaskCreate
                0x0800d0a0       0x8a ./Middlewares/Third_Party/FreeRTOS/Source/tasks.o
                0x0800d0a0                xTaskCreate
 *fill*         0x0800d12a        0x2 
 .text.prvInitialiseNewTask
                0x0800d12c      0x150 ./Middlewares/Third_Party/FreeRTOS/Source/tasks.o
 .text.prvAddNewTaskToReadyList
                0x0800d27c       0xe0 ./Middlewares/Third_Party/FreeRTOS/Source/tasks.o
 .text.vTaskDelay
                0x0800d35c       0x6c ./Middlewares/Third_Party/FreeRTOS/Source/tasks.o
                0x0800d35c                vTaskDelay
 .text.vTaskStartScheduler
                0x0800d3c8       0xe0 ./Middlewares/Third_Party/FreeRTOS/Source/tasks.o
                0x0800d3c8                vTaskStartScheduler
 .text.vTaskSuspendAll
                0x0800d4a8       0x1c ./Middlewares/Third_Party/FreeRTOS/Source/tasks.o
                0x0800d4a8                vTaskSuspendAll
 .text.xTaskResumeAll
                0x0800d4c4      0x13c ./Middlewares/Third_Party/FreeRTOS/Source/tasks.o
                0x0800d4c4                xTaskResumeAll
 .text.xTaskGetTickCount
                0x0800d600       0x20 ./Middlewares/Third_Party/FreeRTOS/Source/tasks.o
                0x0800d600                xTaskGetTickCount
 .text.xTaskIncrementTick
                0x0800d620      0x174 ./Middlewares/Third_Party/FreeRTOS/Source/tasks.o
                0x0800d620                xTaskIncrementTick
 .text.vTaskSwitchContext
                0x0800d794       0xcc ./Middlewares/Third_Party/FreeRTOS/Source/tasks.o
                0x0800d794                vTaskSwitchContext
 .text.vTaskPlaceOnEventList
                0x0800d860       0x4c ./Middlewares/Third_Party/FreeRTOS/Source/tasks.o
                0x0800d860                vTaskPlaceOnEventList
 .text.vTaskPlaceOnEventListRestricted
                0x0800d8ac       0x58 ./Middlewares/Third_Party/FreeRTOS/Source/tasks.o
                0x0800d8ac                vTaskPlaceOnEventListRestricted
 .text.xTaskRemoveFromEventList
                0x0800d904       0xc8 ./Middlewares/Third_Party/FreeRTOS/Source/tasks.o
                0x0800d904                xTaskRemoveFromEventList
 .text.vTaskInternalSetTimeOutState
                0x0800d9cc       0x2c ./Middlewares/Third_Party/FreeRTOS/Source/tasks.o
                0x0800d9cc                vTaskInternalSetTimeOutState
 .text.xTaskCheckForTimeOut
                0x0800d9f8       0xc8 ./Middlewares/Third_Party/FreeRTOS/Source/tasks.o
                0x0800d9f8                xTaskCheckForTimeOut
 .text.vTaskMissedYield
                0x0800dac0       0x18 ./Middlewares/Third_Party/FreeRTOS/Source/tasks.o
                0x0800dac0                vTaskMissedYield
 .text.prvIdleTask
                0x0800dad8       0x30 ./Middlewares/Third_Party/FreeRTOS/Source/tasks.o
 .text.prvInitialiseTaskLists
                0x0800db08       0x80 ./Middlewares/Third_Party/FreeRTOS/Source/tasks.o
 .text.prvCheckTasksWaitingTermination
                0x0800db88       0x5c ./Middlewares/Third_Party/FreeRTOS/Source/tasks.o
 .text.prvDeleteTCB
                0x0800dbe4       0x6a ./Middlewares/Third_Party/FreeRTOS/Source/tasks.o
 *fill*         0x0800dc4e        0x2 
 .text.prvResetNextTaskUnblockTime
                0x0800dc50       0x40 ./Middlewares/Third_Party/FreeRTOS/Source/tasks.o
 .text.xTaskGetSchedulerState
                0x0800dc90       0x3c ./Middlewares/Third_Party/FreeRTOS/Source/tasks.o
                0x0800dc90                xTaskGetSchedulerState
 .text.xTaskPriorityDisinherit
                0x0800dccc       0xe0 ./Middlewares/Third_Party/FreeRTOS/Source/tasks.o
                0x0800dccc                xTaskPriorityDisinherit
 .text.prvAddCurrentTaskToDelayedList
                0x0800ddac       0xa8 ./Middlewares/Third_Party/FreeRTOS/Source/tasks.o
 .text.xTimerCreateTimerTask
                0x0800de54       0x94 ./Middlewares/Third_Party/FreeRTOS/Source/timers.o
                0x0800de54                xTimerCreateTimerTask
 .text.xTimerGenericCommand
                0x0800dee8       0x9c ./Middlewares/Third_Party/FreeRTOS/Source/timers.o
                0x0800dee8                xTimerGenericCommand
 .text.prvProcessExpiredTimer
                0x0800df84       0x9c ./Middlewares/Third_Party/FreeRTOS/Source/timers.o
 .text.prvTimerTask
                0x0800e020       0x26 ./Middlewares/Third_Party/FreeRTOS/Source/timers.o
 *fill*         0x0800e046        0x2 
 .text.prvProcessTimerOrBlockTask
                0x0800e048       0x9c ./Middlewares/Third_Party/FreeRTOS/Source/timers.o
 .text.prvGetNextExpireTime
                0x0800e0e4       0x48 ./Middlewares/Third_Party/FreeRTOS/Source/timers.o
 .text.prvSampleTimeNow
                0x0800e12c       0x40 ./Middlewares/Third_Party/FreeRTOS/Source/timers.o
 .text.prvInsertTimerInActiveList
                0x0800e16c       0x84 ./Middlewares/Third_Party/FreeRTOS/Source/timers.o
 .text.prvProcessReceivedCommands
                0x0800e1f0      0x1cc ./Middlewares/Third_Party/FreeRTOS/Source/timers.o
 .text.prvSwitchTimerLists
                0x0800e3bc       0xcc ./Middlewares/Third_Party/FreeRTOS/Source/timers.o
 .text.prvCheckForValidListAndQueue
                0x0800e488       0x80 ./Middlewares/Third_Party/FreeRTOS/Source/timers.o
 .text.pxPortInitialiseStack
                0x0800e508       0x68 ./Middlewares/Third_Party/FreeRTOS/Source/portable/GCC/ARM_CM4F/port.o
                0x0800e508                pxPortInitialiseStack
 .text.prvTaskExitError
                0x0800e570       0x5c ./Middlewares/Third_Party/FreeRTOS/Source/portable/GCC/ARM_CM4F/port.o
 *fill*         0x0800e5cc        0x4 
 .text.SVC_Handler
                0x0800e5d0       0x28 ./Middlewares/Third_Party/FreeRTOS/Source/portable/GCC/ARM_CM4F/port.o
                0x0800e5d0                SVC_Handler
 .text.prvPortStartFirstTask
                0x0800e5f8       0x28 ./Middlewares/Third_Party/FreeRTOS/Source/portable/GCC/ARM_CM4F/port.o
 .text.xPortStartScheduler
                0x0800e620      0x148 ./Middlewares/Third_Party/FreeRTOS/Source/portable/GCC/ARM_CM4F/port.o
                0x0800e620                xPortStartScheduler
 .text.vPortEnterCritical
                0x0800e768       0x64 ./Middlewares/Third_Party/FreeRTOS/Source/portable/GCC/ARM_CM4F/port.o
                0x0800e768                vPortEnterCritical
 .text.vPortExitCritical
                0x0800e7cc       0x54 ./Middlewares/Third_Party/FreeRTOS/Source/portable/GCC/ARM_CM4F/port.o
                0x0800e7cc                vPortExitCritical
 .text.PendSV_Handler
                0x0800e820       0x68 ./Middlewares/Third_Party/FreeRTOS/Source/portable/GCC/ARM_CM4F/port.o
                0x0800e820                PendSV_Handler
 .text.xPortSysTickHandler
                0x0800e888       0x44 ./Middlewares/Third_Party/FreeRTOS/Source/portable/GCC/ARM_CM4F/port.o
                0x0800e888                xPortSysTickHandler
 .text.vPortSetupTimerInterrupt
                0x0800e8cc       0x48 ./Middlewares/Third_Party/FreeRTOS/Source/portable/GCC/ARM_CM4F/port.o
                0x0800e8cc                vPortSetupTimerInterrupt
 .text.vPortEnableVFP
                0x0800e914       0x14 ./Middlewares/Third_Party/FreeRTOS/Source/portable/GCC/ARM_CM4F/port.o
 .text.vPortValidateInterruptPriority
                0x0800e928       0x84 ./Middlewares/Third_Party/FreeRTOS/Source/portable/GCC/ARM_CM4F/port.o
                0x0800e928                vPortValidateInterruptPriority
 .text.pvPortMalloc
                0x0800e9ac      0x19c ./Middlewares/Third_Party/FreeRTOS/Source/portable/MemMang/heap_4.o
                0x0800e9ac                pvPortMalloc
 .text.vPortFree
                0x0800eb48       0xc8 ./Middlewares/Third_Party/FreeRTOS/Source/portable/MemMang/heap_4.o
                0x0800eb48                vPortFree
 .text.prvHeapInit
                0x0800ec10       0xc4 ./Middlewares/Third_Party/FreeRTOS/Source/portable/MemMang/heap_4.o
 .text.prvInsertBlockIntoFreeList
                0x0800ecd4       0xb4 ./Middlewares/Third_Party/FreeRTOS/Source/portable/MemMang/heap_4.o
 .text.MX_USB_Device_Init
                0x0800ed88       0x60 ./USB_Device/App/usb_device.o
                0x0800ed88                MX_USB_Device_Init
 .text.CDC_Init_FS
                0x0800ede8       0x28 ./USB_Device/App/usbd_cdc_if.o
 .text.CDC_DeInit_FS
                0x0800ee10       0x10 ./USB_Device/App/usbd_cdc_if.o
 .text.CDC_Control_FS
                0x0800ee20       0xbc ./USB_Device/App/usbd_cdc_if.o
 .text.CDC_Receive_FS
                0x0800eedc       0x44 ./USB_Device/App/usbd_cdc_if.o
 .text.CDC_Transmit_FS
                0x0800ef20       0x4c ./USB_Device/App/usbd_cdc_if.o
                0x0800ef20                CDC_Transmit_FS
 .text.CDC_TransmitCplt_FS
                0x0800ef6c       0x22 ./USB_Device/App/usbd_cdc_if.o
 *fill*         0x0800ef8e        0x2 
 .text.USBD_CDC_DeviceDescriptor
                0x0800ef90       0x24 ./USB_Device/App/usbd_desc.o
                0x0800ef90                USBD_CDC_DeviceDescriptor
 .text.USBD_CDC_LangIDStrDescriptor
                0x0800efb4       0x24 ./USB_Device/App/usbd_desc.o
                0x0800efb4                USBD_CDC_LangIDStrDescriptor
 .text.USBD_CDC_ProductStrDescriptor
                0x0800efd8       0x3c ./USB_Device/App/usbd_desc.o
                0x0800efd8                USBD_CDC_ProductStrDescriptor
 .text.USBD_CDC_ManufacturerStrDescriptor
                0x0800f014       0x28 ./USB_Device/App/usbd_desc.o
                0x0800f014                USBD_CDC_ManufacturerStrDescriptor
 .text.USBD_CDC_SerialStrDescriptor
                0x0800f03c       0x24 ./USB_Device/App/usbd_desc.o
                0x0800f03c                USBD_CDC_SerialStrDescriptor
 .text.USBD_CDC_ConfigStrDescriptor
                0x0800f060       0x3c ./USB_Device/App/usbd_desc.o
                0x0800f060                USBD_CDC_ConfigStrDescriptor
 .text.USBD_CDC_InterfaceStrDescriptor
                0x0800f09c       0x3c ./USB_Device/App/usbd_desc.o
                0x0800f09c                USBD_CDC_InterfaceStrDescriptor
 .text.Get_SerialNum
                0x0800f0d8       0x58 ./USB_Device/App/usbd_desc.o
 .text.IntToUnicode
                0x0800f130       0x7e ./USB_Device/App/usbd_desc.o
 *fill*         0x0800f1ae        0x2 
 .text.HAL_PCD_MspInit
                0x0800f1b0       0x78 ./USB_Device/Target/usbd_conf.o
                0x0800f1b0                HAL_PCD_MspInit
 .text.HAL_PCD_SetupStageCallback
                0x0800f228       0x24 ./USB_Device/Target/usbd_conf.o
                0x0800f228                HAL_PCD_SetupStageCallback
 .text.HAL_PCD_DataOutStageCallback
                0x0800f24c       0x36 ./USB_Device/Target/usbd_conf.o
                0x0800f24c                HAL_PCD_DataOutStageCallback
 .text.HAL_PCD_DataInStageCallback
                0x0800f282       0x34 ./USB_Device/Target/usbd_conf.o
                0x0800f282                HAL_PCD_DataInStageCallback
 .text.HAL_PCD_SOFCallback
                0x0800f2b6       0x1c ./USB_Device/Target/usbd_conf.o
                0x0800f2b6                HAL_PCD_SOFCallback
 .text.HAL_PCD_ResetCallback
                0x0800f2d2       0x3c ./USB_Device/Target/usbd_conf.o
                0x0800f2d2                HAL_PCD_ResetCallback
 *fill*         0x0800f30e        0x2 
 .text.HAL_PCD_SuspendCallback
                0x0800f310       0x34 ./USB_Device/Target/usbd_conf.o
                0x0800f310                HAL_PCD_SuspendCallback
 .text.HAL_PCD_ResumeCallback
                0x0800f344       0x38 ./USB_Device/Target/usbd_conf.o
                0x0800f344                HAL_PCD_ResumeCallback
 .text.USBD_LL_Init
                0x0800f37c       0xc0 ./USB_Device/Target/usbd_conf.o
                0x0800f37c                USBD_LL_Init
 .text.USBD_LL_Start
                0x0800f43c       0x36 ./USB_Device/Target/usbd_conf.o
                0x0800f43c                USBD_LL_Start
 .text.USBD_LL_OpenEP
                0x0800f472       0x4c ./USB_Device/Target/usbd_conf.o
                0x0800f472                USBD_LL_OpenEP
 .text.USBD_LL_CloseEP
                0x0800f4be       0x3e ./USB_Device/Target/usbd_conf.o
                0x0800f4be                USBD_LL_CloseEP
 .text.USBD_LL_StallEP
                0x0800f4fc       0x3e ./USB_Device/Target/usbd_conf.o
                0x0800f4fc                USBD_LL_StallEP
 .text.USBD_LL_ClearStallEP
                0x0800f53a       0x3e ./USB_Device/Target/usbd_conf.o
                0x0800f53a                USBD_LL_ClearStallEP
 .text.USBD_LL_IsStallEP
                0x0800f578       0x58 ./USB_Device/Target/usbd_conf.o
                0x0800f578                USBD_LL_IsStallEP
 .text.USBD_LL_SetUSBAddress
                0x0800f5d0       0x3e ./USB_Device/Target/usbd_conf.o
                0x0800f5d0                USBD_LL_SetUSBAddress
 .text.USBD_LL_Transmit
                0x0800f60e       0x42 ./USB_Device/Target/usbd_conf.o
                0x0800f60e                USBD_LL_Transmit
 .text.USBD_LL_PrepareReceive
                0x0800f650       0x42 ./USB_Device/Target/usbd_conf.o
                0x0800f650                USBD_LL_PrepareReceive
 .text.USBD_LL_GetRxDataSize
                0x0800f692       0x26 ./USB_Device/Target/usbd_conf.o
                0x0800f692                USBD_LL_GetRxDataSize
 .text.HAL_PCDEx_LPM_Callback
                0x0800f6b8       0x6c ./USB_Device/Target/usbd_conf.o
                0x0800f6b8                HAL_PCDEx_LPM_Callback
 .text.USBD_static_malloc
                0x0800f724       0x1c ./USB_Device/Target/usbd_conf.o
                0x0800f724                USBD_static_malloc
 .text.USBD_static_free
                0x0800f740       0x14 ./USB_Device/Target/usbd_conf.o
                0x0800f740                USBD_static_free
 .text.SystemClockConfig_Resume
                0x0800f754        0xc ./USB_Device/Target/usbd_conf.o
 .text.USBD_Get_USB_Status
                0x0800f760       0x58 ./USB_Device/Target/usbd_conf.o
 .text.malloc   0x0800f7b8       0x10 C:/ST/STM32CubeIDE_1.16.1/STM32CubeIDE/plugins/com.st.stm32cube.ide.mcu.externaltools.gnu-tools-for-stm32.12.3.rel1.win32_1.0.200.202406191623/tools/bin/../lib/gcc/arm-none-eabi/12.3.1/../../../../arm-none-eabi/lib/thumb/v7e-m+fp/hard\libc_nano.a(libc_a-malloc.o)
                0x0800f7b8                malloc
 .text.sbrk_aligned
                0x0800f7c8       0x44 C:/ST/STM32CubeIDE_1.16.1/STM32CubeIDE/plugins/com.st.stm32cube.ide.mcu.externaltools.gnu-tools-for-stm32.12.3.rel1.win32_1.0.200.202406191623/tools/bin/../lib/gcc/arm-none-eabi/12.3.1/../../../../arm-none-eabi/lib/thumb/v7e-m+fp/hard\libc_nano.a(libc_a-mallocr.o)
 .text._malloc_r
                0x0800f80c      0x100 C:/ST/STM32CubeIDE_1.16.1/STM32CubeIDE/plugins/com.st.stm32cube.ide.mcu.externaltools.gnu-tools-for-stm32.12.3.rel1.win32_1.0.200.202406191623/tools/bin/../lib/gcc/arm-none-eabi/12.3.1/../../../../arm-none-eabi/lib/thumb/v7e-m+fp/hard\libc_nano.a(libc_a-mallocr.o)
                0x0800f80c                _malloc_r
 .text.__malloc_lock
                0x0800f90c        0xc C:/ST/STM32CubeIDE_1.16.1/STM32CubeIDE/plugins/com.st.stm32cube.ide.mcu.externaltools.gnu-tools-for-stm32.12.3.rel1.win32_1.0.200.202406191623/tools/bin/../lib/gcc/arm-none-eabi/12.3.1/../../../../arm-none-eabi/lib/thumb/v7e-m+fp/hard\libc_nano.a(libc_a-mlock.o)
                0x0800f90c                __malloc_lock
 .text.__malloc_unlock
                0x0800f918        0xc C:/ST/STM32CubeIDE_1.16.1/STM32CubeIDE/plugins/com.st.stm32cube.ide.mcu.externaltools.gnu-tools-for-stm32.12.3.rel1.win32_1.0.200.202406191623/tools/bin/../lib/gcc/arm-none-eabi/12.3.1/../../../../arm-none-eabi/lib/thumb/v7e-m+fp/hard\libc_nano.a(libc_a-mlock.o)
                0x0800f918                __malloc_unlock
 .text.std      0x0800f924       0x6c C:/ST/STM32CubeIDE_1.16.1/STM32CubeIDE/plugins/com.st.stm32cube.ide.mcu.externaltools.gnu-tools-for-stm32.12.3.rel1.win32_1.0.200.202406191623/tools/bin/../lib/gcc/arm-none-eabi/12.3.1/../../../../arm-none-eabi/lib/thumb/v7e-m+fp/hard\libc_nano.a(libc_a-findfp.o)
 .text.stdio_exit_handler
                0x0800f990       0x18 C:/ST/STM32CubeIDE_1.16.1/STM32CubeIDE/plugins/com.st.stm32cube.ide.mcu.externaltools.gnu-tools-for-stm32.12.3.rel1.win32_1.0.200.202406191623/tools/bin/../lib/gcc/arm-none-eabi/12.3.1/../../../../arm-none-eabi/lib/thumb/v7e-m+fp/hard\libc_nano.a(libc_a-findfp.o)
 .text.cleanup_stdio
                0x0800f9a8       0x40 C:/ST/STM32CubeIDE_1.16.1/STM32CubeIDE/plugins/com.st.stm32cube.ide.mcu.externaltools.gnu-tools-for-stm32.12.3.rel1.win32_1.0.200.202406191623/tools/bin/../lib/gcc/arm-none-eabi/12.3.1/../../../../arm-none-eabi/lib/thumb/v7e-m+fp/hard\libc_nano.a(libc_a-findfp.o)
 .text.global_stdio_init.part.0
                0x0800f9e8       0x3c C:/ST/STM32CubeIDE_1.16.1/STM32CubeIDE/plugins/com.st.stm32cube.ide.mcu.externaltools.gnu-tools-for-stm32.12.3.rel1.win32_1.0.200.202406191623/tools/bin/../lib/gcc/arm-none-eabi/12.3.1/../../../../arm-none-eabi/lib/thumb/v7e-m+fp/hard\libc_nano.a(libc_a-findfp.o)
 .text.__sfp_lock_acquire
                0x0800fa24        0xc C:/ST/STM32CubeIDE_1.16.1/STM32CubeIDE/plugins/com.st.stm32cube.ide.mcu.externaltools.gnu-tools-for-stm32.12.3.rel1.win32_1.0.200.202406191623/tools/bin/../lib/gcc/arm-none-eabi/12.3.1/../../../../arm-none-eabi/lib/thumb/v7e-m+fp/hard\libc_nano.a(libc_a-findfp.o)
                0x0800fa24                __sfp_lock_acquire
 .text.__sfp_lock_release
                0x0800fa30        0xc C:/ST/STM32CubeIDE_1.16.1/STM32CubeIDE/plugins/com.st.stm32cube.ide.mcu.externaltools.gnu-tools-for-stm32.12.3.rel1.win32_1.0.200.202406191623/tools/bin/../lib/gcc/arm-none-eabi/12.3.1/../../../../arm-none-eabi/lib/thumb/v7e-m+fp/hard\libc_nano.a(libc_a-findfp.o)
                0x0800fa30                __sfp_lock_release
 .text.__sinit  0x0800fa3c       0x30 C:/ST/STM32CubeIDE_1.16.1/STM32CubeIDE/plugins/com.st.stm32cube.ide.mcu.externaltools.gnu-tools-for-stm32.12.3.rel1.win32_1.0.200.202406191623/tools/bin/../lib/gcc/arm-none-eabi/12.3.1/../../../../arm-none-eabi/lib/thumb/v7e-m+fp/hard\libc_nano.a(libc_a-findfp.o)
                0x0800fa3c                __sinit
 .text._fwalk_sglue
                0x0800fa6c       0x3c C:/ST/STM32CubeIDE_1.16.1/STM32CubeIDE/plugins/com.st.stm32cube.ide.mcu.externaltools.gnu-tools-for-stm32.12.3.rel1.win32_1.0.200.202406191623/tools/bin/../lib/gcc/arm-none-eabi/12.3.1/../../../../arm-none-eabi/lib/thumb/v7e-m+fp/hard\libc_nano.a(libc_a-fwalk.o)
                0x0800fa6c                _fwalk_sglue
 .text.printf   0x0800faa8       0x24 C:/ST/STM32CubeIDE_1.16.1/STM32CubeIDE/plugins/com.st.stm32cube.ide.mcu.externaltools.gnu-tools-for-stm32.12.3.rel1.win32_1.0.200.202406191623/tools/bin/../lib/gcc/arm-none-eabi/12.3.1/../../../../arm-none-eabi/lib/thumb/v7e-m+fp/hard\libc_nano.a(libc_a-printf.o)
                0x0800faa8                iprintf
                0x0800faa8                printf
 .text.sprintf  0x0800facc       0x40 C:/ST/STM32CubeIDE_1.16.1/STM32CubeIDE/plugins/com.st.stm32cube.ide.mcu.externaltools.gnu-tools-for-stm32.12.3.rel1.win32_1.0.200.202406191623/tools/bin/../lib/gcc/arm-none-eabi/12.3.1/../../../../arm-none-eabi/lib/thumb/v7e-m+fp/hard\libc_nano.a(libc_a-sprintf.o)
                0x0800facc                siprintf
                0x0800facc                sprintf
 .text.__sread  0x0800fb0c       0x22 C:/ST/STM32CubeIDE_1.16.1/STM32CubeIDE/plugins/com.st.stm32cube.ide.mcu.externaltools.gnu-tools-for-stm32.12.3.rel1.win32_1.0.200.202406191623/tools/bin/../lib/gcc/arm-none-eabi/12.3.1/../../../../arm-none-eabi/lib/thumb/v7e-m+fp/hard\libc_nano.a(libc_a-stdio.o)
                0x0800fb0c                __sread
 .text.__swrite
                0x0800fb2e       0x38 C:/ST/STM32CubeIDE_1.16.1/STM32CubeIDE/plugins/com.st.stm32cube.ide.mcu.externaltools.gnu-tools-for-stm32.12.3.rel1.win32_1.0.200.202406191623/tools/bin/../lib/gcc/arm-none-eabi/12.3.1/../../../../arm-none-eabi/lib/thumb/v7e-m+fp/hard\libc_nano.a(libc_a-stdio.o)
                0x0800fb2e                __swrite
 .text.__sseek  0x0800fb66       0x24 C:/ST/STM32CubeIDE_1.16.1/STM32CubeIDE/plugins/com.st.stm32cube.ide.mcu.externaltools.gnu-tools-for-stm32.12.3.rel1.win32_1.0.200.202406191623/tools/bin/../lib/gcc/arm-none-eabi/12.3.1/../../../../arm-none-eabi/lib/thumb/v7e-m+fp/hard\libc_nano.a(libc_a-stdio.o)
                0x0800fb66                __sseek
 .text.__sclose
                0x0800fb8a        0x8 C:/ST/STM32CubeIDE_1.16.1/STM32CubeIDE/plugins/com.st.stm32cube.ide.mcu.externaltools.gnu-tools-for-stm32.12.3.rel1.win32_1.0.200.202406191623/tools/bin/../lib/gcc/arm-none-eabi/12.3.1/../../../../arm-none-eabi/lib/thumb/v7e-m+fp/hard\libc_nano.a(libc_a-stdio.o)
                0x0800fb8a                __sclose
 .text.memset   0x0800fb92       0x10 C:/ST/STM32CubeIDE_1.16.1/STM32CubeIDE/plugins/com.st.stm32cube.ide.mcu.externaltools.gnu-tools-for-stm32.12.3.rel1.win32_1.0.200.202406191623/tools/bin/../lib/gcc/arm-none-eabi/12.3.1/../../../../arm-none-eabi/lib/thumb/v7e-m+fp/hard\libc_nano.a(libc_a-memset.o)
                0x0800fb92                memset
 *fill*         0x0800fba2        0x2 
 .text._close_r
                0x0800fba4       0x20 C:/ST/STM32CubeIDE_1.16.1/STM32CubeIDE/plugins/com.st.stm32cube.ide.mcu.externaltools.gnu-tools-for-stm32.12.3.rel1.win32_1.0.200.202406191623/tools/bin/../lib/gcc/arm-none-eabi/12.3.1/../../../../arm-none-eabi/lib/thumb/v7e-m+fp/hard\libc_nano.a(libc_a-closer.o)
                0x0800fba4                _close_r
 .text._reclaim_reent
                0x0800fbc4       0xac C:/ST/STM32CubeIDE_1.16.1/STM32CubeIDE/plugins/com.st.stm32cube.ide.mcu.externaltools.gnu-tools-for-stm32.12.3.rel1.win32_1.0.200.202406191623/tools/bin/../lib/gcc/arm-none-eabi/12.3.1/../../../../arm-none-eabi/lib/thumb/v7e-m+fp/hard\libc_nano.a(libc_a-reent.o)
                0x0800fbc4                _reclaim_reent
 .text._lseek_r
                0x0800fc70       0x24 C:/ST/STM32CubeIDE_1.16.1/STM32CubeIDE/plugins/com.st.stm32cube.ide.mcu.externaltools.gnu-tools-for-stm32.12.3.rel1.win32_1.0.200.202406191623/tools/bin/../lib/gcc/arm-none-eabi/12.3.1/../../../../arm-none-eabi/lib/thumb/v7e-m+fp/hard\libc_nano.a(libc_a-lseekr.o)
                0x0800fc70                _lseek_r
 .text._read_r  0x0800fc94       0x24 C:/ST/STM32CubeIDE_1.16.1/STM32CubeIDE/plugins/com.st.stm32cube.ide.mcu.externaltools.gnu-tools-for-stm32.12.3.rel1.win32_1.0.200.202406191623/tools/bin/../lib/gcc/arm-none-eabi/12.3.1/../../../../arm-none-eabi/lib/thumb/v7e-m+fp/hard\libc_nano.a(libc_a-readr.o)
                0x0800fc94                _read_r
 .text._sbrk_r  0x0800fcb8       0x20 C:/ST/STM32CubeIDE_1.16.1/STM32CubeIDE/plugins/com.st.stm32cube.ide.mcu.externaltools.gnu-tools-for-stm32.12.3.rel1.win32_1.0.200.202406191623/tools/bin/../lib/gcc/arm-none-eabi/12.3.1/../../../../arm-none-eabi/lib/thumb/v7e-m+fp/hard\libc_nano.a(libc_a-sbrkr.o)
                0x0800fcb8                _sbrk_r
 .text._write_r
                0x0800fcd8       0x24 C:/ST/STM32CubeIDE_1.16.1/STM32CubeIDE/plugins/com.st.stm32cube.ide.mcu.externaltools.gnu-tools-for-stm32.12.3.rel1.win32_1.0.200.202406191623/tools/bin/../lib/gcc/arm-none-eabi/12.3.1/../../../../arm-none-eabi/lib/thumb/v7e-m+fp/hard\libc_nano.a(libc_a-writer.o)
                0x0800fcd8                _write_r
 .text.__errno  0x0800fcfc        0xc C:/ST/STM32CubeIDE_1.16.1/STM32CubeIDE/plugins/com.st.stm32cube.ide.mcu.externaltools.gnu-tools-for-stm32.12.3.rel1.win32_1.0.200.202406191623/tools/bin/../lib/gcc/arm-none-eabi/12.3.1/../../../../arm-none-eabi/lib/thumb/v7e-m+fp/hard\libc_nano.a(libc_a-errno.o)
                0x0800fcfc                __errno
 .text.__libc_init_array
                0x0800fd08       0x48 C:/ST/STM32CubeIDE_1.16.1/STM32CubeIDE/plugins/com.st.stm32cube.ide.mcu.externaltools.gnu-tools-for-stm32.12.3.rel1.win32_1.0.200.202406191623/tools/bin/../lib/gcc/arm-none-eabi/12.3.1/../../../../arm-none-eabi/lib/thumb/v7e-m+fp/hard\libc_nano.a(libc_a-init.o)
                0x0800fd08                __libc_init_array
 .text.__retarget_lock_init_recursive
                0x0800fd50        0x2 C:/ST/STM32CubeIDE_1.16.1/STM32CubeIDE/plugins/com.st.stm32cube.ide.mcu.externaltools.gnu-tools-for-stm32.12.3.rel1.win32_1.0.200.202406191623/tools/bin/../lib/gcc/arm-none-eabi/12.3.1/../../../../arm-none-eabi/lib/thumb/v7e-m+fp/hard\libc_nano.a(libc_a-lock.o)
                0x0800fd50                __retarget_lock_init_recursive
 .text.__retarget_lock_acquire_recursive
                0x0800fd52        0x2 C:/ST/STM32CubeIDE_1.16.1/STM32CubeIDE/plugins/com.st.stm32cube.ide.mcu.externaltools.gnu-tools-for-stm32.12.3.rel1.win32_1.0.200.202406191623/tools/bin/../lib/gcc/arm-none-eabi/12.3.1/../../../../arm-none-eabi/lib/thumb/v7e-m+fp/hard\libc_nano.a(libc_a-lock.o)
                0x0800fd52                __retarget_lock_acquire_recursive
 .text.__retarget_lock_release_recursive
                0x0800fd54        0x2 C:/ST/STM32CubeIDE_1.16.1/STM32CubeIDE/plugins/com.st.stm32cube.ide.mcu.externaltools.gnu-tools-for-stm32.12.3.rel1.win32_1.0.200.202406191623/tools/bin/../lib/gcc/arm-none-eabi/12.3.1/../../../../arm-none-eabi/lib/thumb/v7e-m+fp/hard\libc_nano.a(libc_a-lock.o)
                0x0800fd54                __retarget_lock_release_recursive
 .text.memcpy   0x0800fd56       0x1c C:/ST/STM32CubeIDE_1.16.1/STM32CubeIDE/plugins/com.st.stm32cube.ide.mcu.externaltools.gnu-tools-for-stm32.12.3.rel1.win32_1.0.200.202406191623/tools/bin/../lib/gcc/arm-none-eabi/12.3.1/../../../../arm-none-eabi/lib/thumb/v7e-m+fp/hard\libc_nano.a(libc_a-memcpy-stub.o)
                0x0800fd56                memcpy
 *fill*         0x0800fd72        0x2 
 .text._free_r  0x0800fd74       0x94 C:/ST/STM32CubeIDE_1.16.1/STM32CubeIDE/plugins/com.st.stm32cube.ide.mcu.externaltools.gnu-tools-for-stm32.12.3.rel1.win32_1.0.200.202406191623/tools/bin/../lib/gcc/arm-none-eabi/12.3.1/../../../../arm-none-eabi/lib/thumb/v7e-m+fp/hard\libc_nano.a(libc_a-freer.o)
                0x0800fd74                _free_r
 .text.__ssputs_r
                0x0800fe08       0xb6 C:/ST/STM32CubeIDE_1.16.1/STM32CubeIDE/plugins/com.st.stm32cube.ide.mcu.externaltools.gnu-tools-for-stm32.12.3.rel1.win32_1.0.200.202406191623/tools/bin/../lib/gcc/arm-none-eabi/12.3.1/../../../../arm-none-eabi/lib/thumb/v7e-m+fp/hard\libc_nano.a(libc_a-nano-svfprintf.o)
                0x0800fe08                __ssputs_r
 *fill*         0x0800febe        0x2 
 .text._svfprintf_r
                0x0800fec0      0x1f8 C:/ST/STM32CubeIDE_1.16.1/STM32CubeIDE/plugins/com.st.stm32cube.ide.mcu.externaltools.gnu-tools-for-stm32.12.3.rel1.win32_1.0.200.202406191623/tools/bin/../lib/gcc/arm-none-eabi/12.3.1/../../../../arm-none-eabi/lib/thumb/v7e-m+fp/hard\libc_nano.a(libc_a-nano-svfprintf.o)
                0x0800fec0                _svfiprintf_r
                0x0800fec0                _svfprintf_r
 .text.__sfputc_r
                0x080100b8       0x2e C:/ST/STM32CubeIDE_1.16.1/STM32CubeIDE/plugins/com.st.stm32cube.ide.mcu.externaltools.gnu-tools-for-stm32.12.3.rel1.win32_1.0.200.202406191623/tools/bin/../lib/gcc/arm-none-eabi/12.3.1/../../../../arm-none-eabi/lib/thumb/v7e-m+fp/hard\libc_nano.a(libc_a-nano-vfprintf.o)
 .text.__sfputs_r
                0x080100e6       0x24 C:/ST/STM32CubeIDE_1.16.1/STM32CubeIDE/plugins/com.st.stm32cube.ide.mcu.externaltools.gnu-tools-for-stm32.12.3.rel1.win32_1.0.200.202406191623/tools/bin/../lib/gcc/arm-none-eabi/12.3.1/../../../../arm-none-eabi/lib/thumb/v7e-m+fp/hard\libc_nano.a(libc_a-nano-vfprintf.o)
                0x080100e6                __sfputs_r
 *fill*         0x0801010a        0x2 
 .text._vfprintf_r
                0x0801010c      0x230 C:/ST/STM32CubeIDE_1.16.1/STM32CubeIDE/plugins/com.st.stm32cube.ide.mcu.externaltools.gnu-tools-for-stm32.12.3.rel1.win32_1.0.200.202406191623/tools/bin/../lib/gcc/arm-none-eabi/12.3.1/../../../../arm-none-eabi/lib/thumb/v7e-m+fp/hard\libc_nano.a(libc_a-nano-vfprintf.o)
                0x0801010c                _vfprintf_r
                0x0801010c                _vfiprintf_r
 .text._printf_common
                0x0801033c       0xda C:/ST/STM32CubeIDE_1.16.1/STM32CubeIDE/plugins/com.st.stm32cube.ide.mcu.externaltools.gnu-tools-for-stm32.12.3.rel1.win32_1.0.200.202406191623/tools/bin/../lib/gcc/arm-none-eabi/12.3.1/../../../../arm-none-eabi/lib/thumb/v7e-m+fp/hard\libc_nano.a(libc_a-nano-vfprintf_i.o)
                0x0801033c                _printf_common
 *fill*         0x08010416        0x2 
 .text._printf_i
                0x08010418      0x240 C:/ST/STM32CubeIDE_1.16.1/STM32CubeIDE/plugins/com.st.stm32cube.ide.mcu.externaltools.gnu-tools-for-stm32.12.3.rel1.win32_1.0.200.202406191623/tools/bin/../lib/gcc/arm-none-eabi/12.3.1/../../../../arm-none-eabi/lib/thumb/v7e-m+fp/hard\libc_nano.a(libc_a-nano-vfprintf_i.o)
                0x08010418                _printf_i
 .text.__sflush_r
                0x08010658      0x108 C:/ST/STM32CubeIDE_1.16.1/STM32CubeIDE/plugins/com.st.stm32cube.ide.mcu.externaltools.gnu-tools-for-stm32.12.3.rel1.win32_1.0.200.202406191623/tools/bin/../lib/gcc/arm-none-eabi/12.3.1/../../../../arm-none-eabi/lib/thumb/v7e-m+fp/hard\libc_nano.a(libc_a-fflush.o)
                0x08010658                __sflush_r
 .text._fflush_r
                0x08010760       0x50 C:/ST/STM32CubeIDE_1.16.1/STM32CubeIDE/plugins/com.st.stm32cube.ide.mcu.externaltools.gnu-tools-for-stm32.12.3.rel1.win32_1.0.200.202406191623/tools/bin/../lib/gcc/arm-none-eabi/12.3.1/../../../../arm-none-eabi/lib/thumb/v7e-m+fp/hard\libc_nano.a(libc_a-fflush.o)
                0x08010760                _fflush_r
 .text.__swbuf_r
                0x080107b0       0x7c C:/ST/STM32CubeIDE_1.16.1/STM32CubeIDE/plugins/com.st.stm32cube.ide.mcu.externaltools.gnu-tools-for-stm32.12.3.rel1.win32_1.0.200.202406191623/tools/bin/../lib/gcc/arm-none-eabi/12.3.1/../../../../arm-none-eabi/lib/thumb/v7e-m+fp/hard\libc_nano.a(libc_a-wbuf.o)
                0x080107b0                __swbuf_r
 .text.__swsetup_r
                0x0801082c       0xac C:/ST/STM32CubeIDE_1.16.1/STM32CubeIDE/plugins/com.st.stm32cube.ide.mcu.externaltools.gnu-tools-for-stm32.12.3.rel1.win32_1.0.200.202406191623/tools/bin/../lib/gcc/arm-none-eabi/12.3.1/../../../../arm-none-eabi/lib/thumb/v7e-m+fp/hard\libc_nano.a(libc_a-wsetup.o)
                0x0801082c                __swsetup_r
 .text.memmove  0x080108d8       0x34 C:/ST/STM32CubeIDE_1.16.1/STM32CubeIDE/plugins/com.st.stm32cube.ide.mcu.externaltools.gnu-tools-for-stm32.12.3.rel1.win32_1.0.200.202406191623/tools/bin/../lib/gcc/arm-none-eabi/12.3.1/../../../../arm-none-eabi/lib/thumb/v7e-m+fp/hard\libc_nano.a(libc_a-memmove.o)
                0x080108d8                memmove
 .text._realloc_r
                0x0801090c       0x5c C:/ST/STM32CubeIDE_1.16.1/STM32CubeIDE/plugins/com.st.stm32cube.ide.mcu.externaltools.gnu-tools-for-stm32.12.3.rel1.win32_1.0.200.202406191623/tools/bin/../lib/gcc/arm-none-eabi/12.3.1/../../../../arm-none-eabi/lib/thumb/v7e-m+fp/hard\libc_nano.a(libc_a-reallocr.o)
                0x0801090c                _realloc_r
 .text.__swhatbuf_r
                0x08010968       0x4c C:/ST/STM32CubeIDE_1.16.1/STM32CubeIDE/plugins/com.st.stm32cube.ide.mcu.externaltools.gnu-tools-for-stm32.12.3.rel1.win32_1.0.200.202406191623/tools/bin/../lib/gcc/arm-none-eabi/12.3.1/../../../../arm-none-eabi/lib/thumb/v7e-m+fp/hard\libc_nano.a(libc_a-makebuf.o)
                0x08010968                __swhatbuf_r
 .text.__smakebuf_r
                0x080109b4       0x78 C:/ST/STM32CubeIDE_1.16.1/STM32CubeIDE/plugins/com.st.stm32cube.ide.mcu.externaltools.gnu-tools-for-stm32.12.3.rel1.win32_1.0.200.202406191623/tools/bin/../lib/gcc/arm-none-eabi/12.3.1/../../../../arm-none-eabi/lib/thumb/v7e-m+fp/hard\libc_nano.a(libc_a-makebuf.o)
                0x080109b4                __smakebuf_r
 .text._fstat_r
                0x08010a2c       0x24 C:/ST/STM32CubeIDE_1.16.1/STM32CubeIDE/plugins/com.st.stm32cube.ide.mcu.externaltools.gnu-tools-for-stm32.12.3.rel1.win32_1.0.200.202406191623/tools/bin/../lib/gcc/arm-none-eabi/12.3.1/../../../../arm-none-eabi/lib/thumb/v7e-m+fp/hard\libc_nano.a(libc_a-fstatr.o)
                0x08010a2c                _fstat_r
 .text._isatty_r
                0x08010a50       0x20 C:/ST/STM32CubeIDE_1.16.1/STM32CubeIDE/plugins/com.st.stm32cube.ide.mcu.externaltools.gnu-tools-for-stm32.12.3.rel1.win32_1.0.200.202406191623/tools/bin/../lib/gcc/arm-none-eabi/12.3.1/../../../../arm-none-eabi/lib/thumb/v7e-m+fp/hard\libc_nano.a(libc_a-isattyr.o)
                0x08010a50                _isatty_r
 .text._malloc_usable_size_r
                0x08010a70       0x10 C:/ST/STM32CubeIDE_1.16.1/STM32CubeIDE/plugins/com.st.stm32cube.ide.mcu.externaltools.gnu-tools-for-stm32.12.3.rel1.win32_1.0.200.202406191623/tools/bin/../lib/gcc/arm-none-eabi/12.3.1/../../../../arm-none-eabi/lib/thumb/v7e-m+fp/hard\libc_nano.a(libc_a-msizer.o)
                0x08010a70                _malloc_usable_size_r
 *(.glue_7)
 .glue_7        0x08010a80        0x0 linker stubs
 *(.glue_7t)
 .glue_7t       0x08010a80        0x0 linker stubs
 *(.eh_frame)
 .eh_frame      0x08010a80        0x0 C:/ST/STM32CubeIDE_1.16.1/STM32CubeIDE/plugins/com.st.stm32cube.ide.mcu.externaltools.gnu-tools-for-stm32.12.3.rel1.win32_1.0.200.202406191623/tools/bin/../lib/gcc/arm-none-eabi/12.3.1/thumb/v7e-m+fp/hard/crtbegin.o
 *(.init)
 .init          0x08010a80        0x4 C:/ST/STM32CubeIDE_1.16.1/STM32CubeIDE/plugins/com.st.stm32cube.ide.mcu.externaltools.gnu-tools-for-stm32.12.3.rel1.win32_1.0.200.202406191623/tools/bin/../lib/gcc/arm-none-eabi/12.3.1/thumb/v7e-m+fp/hard/crti.o
                0x08010a80                _init
 .init          0x08010a84        0x8 C:/ST/STM32CubeIDE_1.16.1/STM32CubeIDE/plugins/com.st.stm32cube.ide.mcu.externaltools.gnu-tools-for-stm32.12.3.rel1.win32_1.0.200.202406191623/tools/bin/../lib/gcc/arm-none-eabi/12.3.1/thumb/v7e-m+fp/hard/crtn.o
 *(.fini)
 .fini          0x08010a8c        0x4 C:/ST/STM32CubeIDE_1.16.1/STM32CubeIDE/plugins/com.st.stm32cube.ide.mcu.externaltools.gnu-tools-for-stm32.12.3.rel1.win32_1.0.200.202406191623/tools/bin/../lib/gcc/arm-none-eabi/12.3.1/thumb/v7e-m+fp/hard/crti.o
                0x08010a8c                _fini
 .fini          0x08010a90        0x8 C:/ST/STM32CubeIDE_1.16.1/STM32CubeIDE/plugins/com.st.stm32cube.ide.mcu.externaltools.gnu-tools-for-stm32.12.3.rel1.win32_1.0.200.202406191623/tools/bin/../lib/gcc/arm-none-eabi/12.3.1/thumb/v7e-m+fp/hard/crtn.o
                0x08010a98                        . = ALIGN (0x4)
                0x08010a98                        _etext = .

.vfp11_veneer   0x08010a98        0x0
 .vfp11_veneer  0x08010a98        0x0 linker stubs

.v4_bx          0x08010a98        0x0
 .v4_bx         0x08010a98        0x0 linker stubs

.iplt           0x08010a98        0x0
 .iplt          0x08010a98        0x0 C:/ST/STM32CubeIDE_1.16.1/STM32CubeIDE/plugins/com.st.stm32cube.ide.mcu.externaltools.gnu-tools-for-stm32.12.3.rel1.win32_1.0.200.202406191623/tools/bin/../lib/gcc/arm-none-eabi/12.3.1/thumb/v7e-m+fp/hard/crtbegin.o

.rodata         0x08010a98      0x224
                0x08010a98                        . = ALIGN (0x4)
 *(.rodata)
 .rodata        0x08010a98       0x7b ./Core/Src/main.o
 *fill*         0x08010b13        0x1 
 .rodata        0x08010b14        0x5 ./Middlewares/Third_Party/FreeRTOS/Source/tasks.o
 *fill*         0x08010b19        0x3 
 .rodata        0x08010b1c        0xd ./Middlewares/Third_Party/FreeRTOS/Source/timers.o
 *fill*         0x08010b29        0x3 
 .rodata        0x08010b2c       0x46 ./USB_Device/App/usbd_desc.o
 *(.rodata*)
 *fill*         0x08010b72        0x2 
 .rodata.strelkaCommsTas_attributes
                0x08010b74       0x24 ./Core/Src/main.o
                0x08010b74                strelkaCommsTas_attributes
 .rodata.powerSenseTask_attributes
                0x08010b98       0x24 ./Core/Src/main.o
                0x08010b98                powerSenseTask_attributes
 .rodata.stepperCtrlTask_attributes
                0x08010bbc       0x24 ./Core/Src/main.o
                0x08010bbc                stepperCtrlTask_attributes
 .rodata.stateMachineTas_attributes
                0x08010be0       0x24 ./Core/Src/main.o
                0x08010be0                stateMachineTas_attributes
 .rodata.decodeUSBTask_attributes
                0x08010c04       0x24 ./Core/Src/main.o