Archive member included to satisfy reference by file (symbol)

C:/ST/STM32CubeIDE_1.16.1/STM32CubeIDE/plugins/com.st.stm32cube.ide.mcu.externaltools.gnu-tools-for-stm32.12.3.rel1.win32_1.0.200.202406191623/tools/bin/../lib/gcc/arm-none-eabi/12.3.1/../../../../arm-none-eabi/lib/thumb/v7e-m+fp/hard\libc_nano.a(libc_a-exit.o)
                              C:/ST/STM32CubeIDE_1.16.1/STM32CubeIDE/plugins/com.st.stm32cube.ide.mcu.externaltools.gnu-tools-for-stm32.12.3.rel1.win32_1.0.200.202406191623/tools/bin/../lib/gcc/arm-none-eabi/12.3.1/../../../../arm-none-eabi/lib/thumb/v7e-m+fp/hard/crt0.o (exit)
C:/ST/STM32CubeIDE_1.16.1/STM32CubeIDE/plugins/com.st.stm32cube.ide.mcu.externaltools.gnu-tools-for-stm32.12.3.rel1.win32_1.0.200.202406191623/tools/bin/../lib/gcc/arm-none-eabi/12.3.1/../../../../arm-none-eabi/lib/thumb/v7e-m+fp/hard\libc_nano.a(libc_a-malloc.o)
                              ./Core/Src/DRV8825.o (malloc)
C:/ST/STM32CubeIDE_1.16.1/STM32CubeIDE/plugins/com.st.stm32cube.ide.mcu.externaltools.gnu-tools-for-stm32.12.3.rel1.win32_1.0.200.202406191623/tools/bin/../lib/gcc/arm-none-eabi/12.3.1/../../../../arm-none-eabi/lib/thumb/v7e-m+fp/hard\libc_nano.a(libc_a-mallocr.o)
                              C:/ST/STM32CubeIDE_1.16.1/STM32CubeIDE/plugins/com.st.stm32cube.ide.mcu.externaltools.gnu-tools-for-stm32.12.3.rel1.win32_1.0.200.202406191623/tools/bin/../lib/gcc/arm-none-eabi/12.3.1/../../../../arm-none-eabi/lib/thumb/v7e-m+fp/hard\libc_nano.a(libc_a-malloc.o) (_malloc_r)
C:/ST/STM32CubeIDE_1.16.1/STM32CubeIDE/plugins/com.st.stm32cube.ide.mcu.externaltools.gnu-tools-for-stm32.12.3.rel1.win32_1.0.200.202406191623/tools/bin/../lib/gcc/arm-none-eabi/12.3.1/../../../../arm-none-eabi/lib/thumb/v7e-m+fp/hard\libc_nano.a(libc_a-mlock.o)
                              C:/ST/STM32CubeIDE_1.16.1/STM32CubeIDE/plugins/com.st.stm32cube.ide.mcu.externaltools.gnu-tools-for-stm32.12.3.rel1.win32_1.0.200.202406191623/tools/bin/../lib/gcc/arm-none-eabi/12.3.1/../../../../arm-none-eabi/lib/thumb/v7e-m+fp/hard\libc_nano.a(libc_a-mallocr.o) (__malloc_lock)
C:/ST/STM32CubeIDE_1.16.1/STM32CubeIDE/plugins/com.st.stm32cube.ide.mcu.externaltools.gnu-tools-for-stm32.12.3.rel1.win32_1.0.200.202406191623/tools/bin/../lib/gcc/arm-none-eabi/12.3.1/../../../../arm-none-eabi/lib/thumb/v7e-m+fp/hard\libc_nano.a(libc_a-findfp.o)
                              ./Middlewares/Third_Party/FreeRTOS/Source/tasks.o (__sf)
C:/ST/STM32CubeIDE_1.16.1/STM32CubeIDE/plugins/com.st.stm32cube.ide.mcu.externaltools.gnu-tools-for-stm32.12.3.rel1.win32_1.0.200.202406191623/tools/bin/../lib/gcc/arm-none-eabi/12.3.1/../../../../arm-none-eabi/lib/thumb/v7e-m+fp/hard\libc_nano.a(libc_a-fwalk.o)
                              C:/ST/STM32CubeIDE_1.16.1/STM32CubeIDE/plugins/com.st.stm32cube.ide.mcu.externaltools.gnu-tools-for-stm32.12.3.rel1.win32_1.0.200.202406191623/tools/bin/../lib/gcc/arm-none-eabi/12.3.1/../../../../arm-none-eabi/lib/thumb/v7e-m+fp/hard\libc_nano.a(libc_a-findfp.o) (_fwalk_sglue)
C:/ST/STM32CubeIDE_1.16.1/STM32CubeIDE/plugins/com.st.stm32cube.ide.mcu.externaltools.gnu-tools-for-stm32.12.3.rel1.win32_1.0.200.202406191623/tools/bin/../lib/gcc/arm-none-eabi/12.3.1/../../../../arm-none-eabi/lib/thumb/v7e-m+fp/hard\libc_nano.a(libc_a-printf.o)
                              ./Core/Src/main.o (printf)
C:/ST/STM32CubeIDE_1.16.1/STM32CubeIDE/plugins/com.st.stm32cube.ide.mcu.externaltools.gnu-tools-for-stm32.12.3.rel1.win32_1.0.200.202406191623/tools/bin/../lib/gcc/arm-none-eabi/12.3.1/../../../../arm-none-eabi/lib/thumb/v7e-m+fp/hard\libc_nano.a(libc_a-puts.o)
                              ./Core/Src/main.o (puts)
C:/ST/STM32CubeIDE_1.16.1/STM32CubeIDE/plugins/com.st.stm32cube.ide.mcu.externaltools.gnu-tools-for-stm32.12.3.rel1.win32_1.0.200.202406191623/tools/bin/../lib/gcc/arm-none-eabi/12.3.1/../../../../arm-none-eabi/lib/thumb/v7e-m+fp/hard\libc_nano.a(libc_a-sprintf.o)
                              ./Core/Src/main.o (sprintf)
C:/ST/STM32CubeIDE_1.16.1/STM32CubeIDE/plugins/com.st.stm32cube.ide.mcu.externaltools.gnu-tools-for-stm32.12.3.rel1.win32_1.0.200.202406191623/tools/bin/../lib/gcc/arm-none-eabi/12.3.1/../../../../arm-none-eabi/lib/thumb/v7e-m+fp/hard\libc_nano.a(libc_a-stdio.o)
                              C:/ST/STM32CubeIDE_1.16.1/STM32CubeIDE/plugins/com.st.stm32cube.ide.mcu.externaltools.gnu-tools-for-stm32.12.3.rel1.win32_1.0.200.202406191623/tools/bin/../lib/gcc/arm-none-eabi/12.3.1/../../../../arm-none-eabi/lib/thumb/v7e-m+fp/hard\libc_nano.a(libc_a-findfp.o) (__sread)
C:/ST/STM32CubeIDE_1.16.1/STM32CubeIDE/plugins/com.st.stm32cube.ide.mcu.externaltools.gnu-tools-for-stm32.12.3.rel1.win32_1.0.200.202406191623/tools/bin/../lib/gcc/arm-none-eabi/12.3.1/../../../../arm-none-eabi/lib/thumb/v7e-m+fp/hard\libc_nano.a(libc_a-wbuf.o)
[...]
Memory Configuration

Name             Origin             Length             Attributes
RAM              0x20000000         0x00008000         xrw
FLASH            0x08000000         0x00020000         xr
*default*        0x00000000         0xffffffff

Linker script and memory map

LOAD C:/ST/STM32CubeIDE_1.16.1/STM32CubeIDE/plugins/com.st.stm32cube.ide.mcu.externaltools.gnu-tools-for-stm32.12.3.rel1.win32_1.0.200.202406191623/tools/bin/../lib/gcc/arm-none-eabi/12.3.1/thumb/v7e-m+fp/hard/crti.o
LOAD C:/ST/STM32CubeIDE_1.16.1/STM32CubeIDE/plugins/com.st.stm32cube.ide.mcu.externaltools.gnu-tools-for-stm32.12.3.rel1.win32_1.0.200.202406191623/tools/bin/../lib/gcc/arm-none-eabi/12.3.1/thumb/v7e-m+fp/hard/crtbegin.o
LOAD C:/ST/STM32CubeIDE_1.16.1/STM32CubeIDE/plugins/com.st.stm32cube.ide.mcu.externaltools.gnu-tools-for-stm32.12.3.rel1.win32_1.0.200.202406191623/tools/bin/../lib/gcc/arm-none-eabi/12.3.1/../../../../arm-none-eabi/lib/thumb/v7e-m+fp/hard/crt0.o
LOAD ./Core/Src/DRV8825.o
LOAD ./Core/Src/PID.o
LOAD ./Core/Src/SPI_Comms.o
LOAD ./Core/Src/app_freertos.o
LOAD ./Core/Src/discStateMachine.o
LOAD ./Core/Src/main.o
LOAD ./Core/Src/stm32g4xx_hal_msp.o
LOAD ./Core/Src/stm32g4xx_hal_timebase_tim.o
LOAD ./Core/Src/stm32g4xx_it.o
LOAD ./Core/Src/syscalls.o
LOAD ./Core/Src/sysmem.o
LOAD ./Core/Src/system_stm32g4xx.o
LOAD ./Core/Startup/startup_stm32g431cbtx.o
LOAD ./Drivers/STM32G4xx_HAL_Driver/Src/stm32g4xx_hal.o
LOAD ./Drivers/STM32G4xx_HAL_Driver/Src/stm32g4xx_hal_adc.o
LOAD ./Drivers/STM32G4xx_HAL_Driver/Src/stm32g4xx_hal_adc_ex.o
LOAD ./Drivers/STM32G4xx_HAL_Driver/Src/stm32g4xx_hal_cordic.o
LOAD ./Drivers/STM32G4xx_HAL_Driver/Src/stm32g4xx_hal_cortex.o
LOAD ./Drivers/STM32G4xx_HAL_Driver/Src/stm32g4xx_hal_dma.o
LOAD ./Drivers/STM32G4xx_HAL_Driver/Src/stm32g4xx_hal_dma_ex.o
LOAD ./Drivers/STM32G4xx_HAL_Driver/Src/stm32g4xx_hal_exti.o
LOAD ./Drivers/STM32G4xx_HAL_Driver/Src/stm32g4xx_hal_flash.o
LOAD ./Drivers/STM32G4xx_HAL_Driver/Src/stm32g4xx_hal_flash_ex.o
LOAD ./Drivers/STM32G4xx_HAL_Driver/Src/stm32g4xx_hal_flash_ramfunc.o
LOAD ./Drivers/STM32G4xx_HAL_Driver/Src/stm32g4xx_hal_gpio.o
LOAD ./Drivers/STM32G4xx_HAL_Driver/Src/stm32g4xx_hal_pcd.o
LOAD ./Drivers/STM32G4xx_HAL_Driver/Src/stm32g4xx_hal_pcd_ex.o
LOAD ./Drivers/STM32G4xx_HAL_Driver/Src/stm32g4xx_hal_pwr.o
LOAD ./Drivers/STM32G4xx_HAL_Driver/Src/stm32g4xx_hal_pwr_ex.o
LOAD ./Drivers/STM32G4xx_HAL_Driver/Src/stm32g4xx_hal_rcc.o
LOAD ./Drivers/STM32G4xx_HAL_Driver/Src/stm32g4xx_hal_rcc_ex.o
LOAD ./Drivers/STM32G4xx_HAL_Driver/Src/stm32g4xx_hal_spi.o
LOAD ./Drivers/STM32G4xx_HAL_Driver/Src/stm32g4xx_hal_spi_ex.o
LOAD ./Drivers/STM32G4xx_HAL_Driver/Src/stm32g4xx_hal_tim.o
LOAD ./Drivers/STM32G4xx_HAL_Driver/Src/stm32g4xx_hal_tim_ex.o
LOAD ./Drivers/STM32G4xx_HAL_Driver/Src/stm32g4xx_ll_adc.o
LOAD ./Drivers/STM32G4xx_HAL_Driver/Src/stm32g4xx_ll_usb.o
LOAD ./Middlewares/ST/STM32_USB_Device_Library/Class/CDC/Src/usbd_cdc.o
LOAD ./Middlewares/ST/STM32_USB_Device_Library/Core/Src/usbd_core.o
LOAD ./Middlewares/ST/STM32_USB_Device_Library/Core/Src/usbd_ctlreq.o
LOAD ./Middlewares/ST/STM32_USB_Device_Library/Core/Src/usbd_ioreq.o
LOAD ./Middlewares/Third_Party/FreeRTOS/Source/CMSIS_RTOS_V2/cmsis_os2.o
LOAD ./Middlewares/Third_Party/FreeRTOS/Source/croutine.o
LOAD ./Middlewares/Third_Party/FreeRTOS/Source/event_groups.o
LOAD ./Middlewares/Third_Party/FreeRTOS/Source/list.o
LOAD ./Middlewares/Third_Party/FreeRTOS/Source/queue.o
LOAD ./Middlewares/Third_Party/FreeRTOS/Source/stream_buffer.o
LOAD ./Middlewares/Third_Party/FreeRTOS/Source/tasks.o
LOAD ./Middlewares/Third_Party/FreeRTOS/Source/timers.o
LOAD ./Middlewares/Third_Party/FreeRTOS/Source/portable/GCC/ARM_CM4F/port.o
LOAD ./Middlewares/Third_Party/FreeRTOS/Source/portable/MemMang/heap_4.o
LOAD ./USB_Device/App/usb_device.o
LOAD ./USB_Device/App/usbd_cdc_if.o
LOAD ./USB_Device/App/usbd_desc.o
LOAD ./USB_Device/Target/usbd_conf.o
START GROUP
LOAD C:/ST/STM32CubeIDE_1.16.1/STM32CubeIDE/plugins/com.st.stm32cube.ide.mcu.externaltools.gnu-tools-for-stm32.12.3.rel1.win32_1.0.200.202406191623/tools/bin/../lib/gcc/arm-none-eabi/12.3.1/../../../../arm-none-eabi/lib/thumb/v7e-m+fp/hard\libc_nano.a
LOAD C:/ST/STM32CubeIDE_1.16.1/STM32CubeIDE/plugins/com.st.stm32cube.ide.mcu.externaltools.gnu-tools-for-stm32.12.3.rel1.win32_1.0.200.202406191623/tools/bin/../lib/gcc/arm-none-eabi/12.3.1/../../../../arm-none-eabi/lib/thumb/v7e-m+fp/hard\libm.a
END GROUP
START GROUP
LOAD C:/ST/STM32CubeIDE_1.16.1/STM32CubeIDE/plugins/com.st.stm32cube.ide.mcu.externaltools.gnu-tools-for-stm32.12.3.rel1.win32_1.0.200.202406191623/tools/bin/../lib/gcc/arm-none-eabi/12.3.1/thumb/v7e-m+fp/hard\libgcc.a
LOAD C:/ST/STM32CubeIDE_1.16.1/STM32CubeIDE/plugins/com.st.stm32cube.ide.mcu.externaltools.gnu-tools-for-stm32.12.3.rel1.win32_1.0.200.202406191623/tools/bin/../lib/gcc/arm-none-eabi/12.3.1/../../../../arm-none-eabi/lib/thumb/v7e-m+fp/hard\libc_nano.a
END GROUP
START GROUP
LOAD C:/ST/STM32CubeIDE_1.16.1/STM32CubeIDE/plugins/com.st.stm32cube.ide.mcu.externaltools.gnu-tools-for-stm32.12.3.rel1.win32_1.0.200.202406191623/tools/bin/../lib/gcc/arm-none-eabi/12.3.1/thumb/v7e-m+fp/hard\libgcc.a
LOAD C:/ST/STM32CubeIDE_1.16.1/STM32CubeIDE/plugins/com.st.stm32cube.ide.mcu.externaltools.gnu-tools-for-stm32.12.3.rel1.win32_1.0.200.202406191623/tools/bin/../lib/gcc/arm-none-eabi/12.3.1/../../../../arm-none-eabi/lib/thumb/v7e-m+fp/hard\libc_nano.a
LOAD C:/ST/STM32CubeIDE_1.16.1/STM32CubeIDE/plugins/com.st.stm32cube.ide.mcu.externaltools.gnu-tools-for-stm32.12.3.rel1.win32_1.0.200.202406191623/tools/bin/../lib/gcc/arm-none-eabi/12.3.1/../../../../arm-none-eabi/lib/thumb/v7e-m+fp/hard\libnosys.a
END GROUP
START GROUP
LOAD C:/ST/STM32CubeIDE_1.16.1/STM32CubeIDE/plugins/com.st.stm32cube.ide.mcu.externaltools.gnu-tools-for-stm32.12.3.rel1.win32_1.0.200.202406191623/tools/bin/../lib/gcc/arm-none-eabi/12.3.1/thumb/v7e-m+fp/hard\libgcc.a
LOAD C:/ST/STM32CubeIDE_1.16.1/STM32CubeIDE/plugins/com.st.stm32cube.ide.mcu.externaltools.gnu-tools-for-stm32.12.3.rel1.win32_1.0.200.202406191623/tools/bin/../lib/gcc/arm-none-eabi/12.3.1/../../../../arm-none-eabi/lib/thumb/v7e-m+fp/hard\libc_nano.a
LOAD C:/ST/STM32CubeIDE_1.16.1/STM32CubeIDE/plugins/com.st.stm32cube.ide.mcu.externaltools.gnu-tools-for-stm32.12.3.rel1.win32_1.0.200.202406191623/tools/bin/../lib/gcc/arm-none-eabi/12.3.1/../../../../arm-none-eabi/lib/thumb/v7e-m+fp/hard\libnosys.a
END GROUP
LOAD C:/ST/STM32CubeIDE_1.16.1/STM32CubeIDE/plugins/com.st.stm32cube.ide.mcu.externaltools.gnu-tools-for-stm32.12.3.rel1.win32_1.0.200.202406191623/tools/bin/../lib/gcc/arm-none-eabi/12.3.1/thumb/v7e-m+fp/hard/crtend.o
LOAD C:/ST/STM32CubeIDE_1.16.1/STM32CubeIDE/plugins/com.st.stm32cube.ide.mcu.externaltools.gnu-tools-for-stm32.12.3.rel1.win32_1.0.200.202406191623/tools/bin/../lib/gcc/arm-none-eabi/12.3.1/thumb/v7e-m+fp/hard/crtn.o
                0x20008000                        _estack = (ORIGIN (RAM) + LENGTH (RAM))
                0x00000200                        _Min_Heap_Size = 0x200
                0x00000400                        _Min_Stack_Size = 0x400

.isr_vector     0x08000000      0x1d8
                0x08000000                        . = ALIGN (0x4)
 *(.isr_vector)
 .isr_vector    0x08000000      0x1d8 ./Core/Startup/startup_stm32g431cbtx.o
                0x08000000                g_pfnVectors
                0x080001d8                        . = ALIGN (0x4)

.text           0x080001e0    0x121f8
                0x080001e0                        . = ALIGN (0x4)
 *(.text)
 .text          0x080001e0       0x40 C:/ST/STM32CubeIDE_1.16.1/STM32CubeIDE/plugins/com.st.stm32cube.ide.mcu.externaltools.gnu-tools-for-stm32.12.3.rel1.win32_1.0.200.202406191623/tools/bin/../lib/gcc/arm-none-eabi/12.3.1/thumb/v7e-m+fp/hard/crtbegin.o
 .text          0x08000220       0xa0 C:/ST/STM32CubeIDE_1.16.1/STM32CubeIDE/plugins/com.st.stm32cube.ide.mcu.externaltools.gnu-tools-for-stm32.12.3.rel1.win32_1.0.200.202406191623/tools/bin/../lib/gcc/arm-none-eabi/12.3.1/../../../../arm-none-eabi/lib/thumb/v7e-m+fp/hard\libc_nano.a(libc_a-memchr.o)
                0x08000220                memchr
 *(.text*)
 .text.DRV_init
                0x080002c0       0xb8 ./Core/Src/DRV8825.o
                0x080002c0                DRV_init
 .text.DRV_sleep
                0x08000378       0x24 ./Core/Src/DRV8825.o
                0x08000378                DRV_sleep
 .text.DRV_wakeup
                0x0800039c       0x3e ./Core/Src/DRV8825.o
                0x0800039c                DRV_wakeup
 *fill*         0x080003da        0x2 
 .text.DRV_microstep_config
                0x080003dc      0x274 ./Core/Src/DRV8825.o
                0x080003dc                DRV_microstep_config
 .text.DRV_start
                0x08000650       0xc0 ./Core/Src/DRV8825.o
                0x08000650                DRV_start
 .text.DRV_move_steps
                0x08000710       0xc8 ./Core/Src/DRV8825.o
                0x08000710                DRV_move_steps
 .text.DRV_move_angle_rel_OL
                0x080007d8       0x70 ./Core/Src/DRV8825.o
                0x080007d8                DRV_move_angle_rel_OL
 .text.DRV_set_pulse_freq
                0x08000848       0xd4 ./Core/Src/DRV8825.o
                0x08000848                DRV_set_pulse_freq
 .text.decodeMovePacket
                0x0800091c       0x58 ./Core/Src/SPI_Comms.o
                0x0800091c                decodeMovePacket
 .text.ITM_SendChar
                0x08000974       0x4e ./Core/Src/main.o
 .text._write   0x080009c2       0x38 ./Core/Src/main.o
                0x080009c2                _write
 .text.USB_CDC_RxHandler
                0x080009fa       0x16 ./Core/Src/main.o
                0x080009fa                USB_CDC_RxHandler
 .text.HAL_ADC_ConvCpltCallback
                0x08000a10       0x28 ./Core/Src/main.o
                0x08000a10                HAL_ADC_ConvCpltCallback
 .text.HAL_SPI_RxCpltCallback
                0x08000a38       0xc0 ./Core/Src/main.o
                0x08000a38                HAL_SPI_RxCpltCallback
 .text.HAL_SPI_TxRxCpltCallback
                0x08000af8       0x28 ./Core/Src/main.o
                0x08000af8                HAL_SPI_TxRxCpltCallback
 .text.HAL_GPIO_EXTI_Callback
                0x08000b20       0x34 ./Core/Src/main.o
                0x08000b20                HAL_GPIO_EXTI_Callback
 .text.main     0x08000b54      0x114 ./Core/Src/main.o
                0x08000b54                main
 .text.SystemClock_Config
                0x08000c68       0x98 ./Core/Src/main.o
                0x08000c68                SystemClock_Config
 .text.MX_ADC1_Init
                0x08000d00      0x150 ./Core/Src/main.o
 .text.MX_CORDIC_Init
                0x08000e50       0x28 ./Core/Src/main.o
 .text.MX_SPI1_Init
                0x08000e78       0x74 ./Core/Src/main.o
 .text.MX_SPI2_Init
                0x08000eec       0x74 ./Core/Src/main.o
 .text.MX_TIM1_Init
                0x08000f60       0xb4 ./Core/Src/main.o
 .text.MX_TIM2_Init
                0x08001014       0x9c ./Core/Src/main.o
 .text.MX_TIM3_Init
                0x080010b0      0x10c ./Core/Src/main.o
 .text.MX_TIM4_Init
                0x080011bc       0xa0 ./Core/Src/main.o
 .text.MX_DMA_Init
                0x0800125c       0x54 ./Core/Src/main.o
 .text.MX_GPIO_Init
                0x080012b0      0x170 ./Core/Src/main.o
 .text.strelkaCommsFn
                0x08001420       0x4c ./Core/Src/main.o
                0x08001420                strelkaCommsFn
 .text.powerSenseFn
                0x0800146c       0x68 ./Core/Src/main.o
                0x0800146c                powerSenseFn
 .text.stepperCtrlFn
                0x080014d4      0x148 ./Core/Src/main.o
                0x080014d4                stepperCtrlFn
 .text.stateMachineFn
                0x0800161c       0x10 ./Core/Src/main.o
                0x0800161c                stateMachineFn
 .text.sampleEncoderFn
                0x0800162c       0x38 ./Core/Src/main.o
                0x0800162c                sampleEncoderFn
 .text.HAL_TIM_PeriodElapsedCallback
                0x08001664       0x78 ./Core/Src/main.o
                0x08001664                HAL_TIM_PeriodElapsedCallback
 .text.Error_Handler
                0x080016dc       0x24 ./Core/Src/main.o
                0x080016dc                Error_Handler
 .text.HAL_MspInit
                0x08001700       0x54 ./Core/Src/stm32g4xx_hal_msp.o
                0x08001700                HAL_MspInit
 .text.HAL_ADC_MspInit
                0x08001754      0x104 ./Core/Src/stm32g4xx_hal_msp.o
                0x08001754                HAL_ADC_MspInit
 .text.HAL_CORDIC_MspInit
                0x08001858       0x4c ./Core/Src/stm32g4xx_hal_msp.o
                0x08001858                HAL_CORDIC_MspInit
 .text.HAL_SPI_MspInit
                0x080018a4      0x10c ./Core/Src/stm32g4xx_hal_msp.o
                0x080018a4                HAL_SPI_MspInit
 .text.HAL_TIM_Encoder_MspInit
                0x080019b0       0xc8 ./Core/Src/stm32g4xx_hal_msp.o
                0x080019b0                HAL_TIM_Encoder_MspInit
 .text.HAL_TIM_Base_MspInit
                0x08001a78       0xa8 ./Core/Src/stm32g4xx_hal_msp.o
                0x08001a78                HAL_TIM_Base_MspInit
 .text.HAL_TIM_MspPostInit
                0x08001b20       0xa8 ./Core/Src/stm32g4xx_hal_msp.o
                0x08001b20                HAL_TIM_MspPostInit
 .text.HAL_InitTick
                0x08001bc8       0xd8 ./Core/Src/stm32g4xx_hal_timebase_tim.o
                0x08001bc8                HAL_InitTick
 .text.NMI_Handler
                0x08001ca0        0x8 ./Core/Src/stm32g4xx_it.o
                0x08001ca0                NMI_Handler
 .text.HardFault_Handler
                0x08001ca8       0x20 ./Core/Src/stm32g4xx_it.o
                0x08001ca8                HardFault_Handler
 .text.MemManage_Handler
                0x08001cc8        0x8 ./Core/Src/stm32g4xx_it.o
                0x08001cc8                MemManage_Handler
 .text.BusFault_Handler
                0x08001cd0        0x8 ./Core/Src/stm32g4xx_it.o
                0x08001cd0                BusFault_Handler
 .text.UsageFault_Handler
                0x08001cd8        0x8 ./Core/Src/stm32g4xx_it.o
                0x08001cd8                UsageFault_Handler
 .text.DebugMon_Handler
                0x08001ce0        0xe ./Core/Src/stm32g4xx_it.o
                0x08001ce0                DebugMon_Handler
 *fill*         0x08001cee        0x2 
 .text.DMA1_Channel1_IRQHandler
                0x08001cf0       0x14 ./Core/Src/stm32g4xx_it.o
                0x08001cf0                DMA1_Channel1_IRQHandler
 .text.USB_LP_IRQHandler
                0x08001d04       0x14 ./Core/Src/stm32g4xx_it.o
                0x08001d04                USB_LP_IRQHandler
 .text.TIM1_BRK_TIM15_IRQHandler
                0x08001d18       0x14 ./Core/Src/stm32g4xx_it.o
                0x08001d18                TIM1_BRK_TIM15_IRQHandler
 .text.TIM1_UP_TIM16_IRQHandler
                0x08001d2c       0x14 ./Core/Src/stm32g4xx_it.o
                0x08001d2c                TIM1_UP_TIM16_IRQHandler
 .text.TIM1_TRG_COM_TIM17_IRQHandler
                0x08001d40       0x14 ./Core/Src/stm32g4xx_it.o
                0x08001d40                TIM1_TRG_COM_TIM17_IRQHandler
 .text.TIM1_CC_IRQHandler
                0x08001d54       0x14 ./Core/Src/stm32g4xx_it.o
                0x08001d54                TIM1_CC_IRQHandler
 .text.TIM3_IRQHandler
                0x08001d68       0x14 ./Core/Src/stm32g4xx_it.o
                0x08001d68                TIM3_IRQHandler
 .text.TIM4_IRQHandler
                0x08001d7c       0x14 ./Core/Src/stm32g4xx_it.o
                0x08001d7c                TIM4_IRQHandler
 .text.SPI1_IRQHandler
                0x08001d90       0x14 ./Core/Src/stm32g4xx_it.o
                0x08001d90                SPI1_IRQHandler
 .text.SPI2_IRQHandler
                0x08001da4       0x14 ./Core/Src/stm32g4xx_it.o
                0x08001da4                SPI2_IRQHandler
 .text.EXTI15_10_IRQHandler
                0x08001db8       0x10 ./Core/Src/stm32g4xx_it.o
                0x08001db8                EXTI15_10_IRQHandler
 .text.TIM6_DAC_IRQHandler
                0x08001dc8       0x14 ./Core/Src/stm32g4xx_it.o
                0x08001dc8                TIM6_DAC_IRQHandler
 .text.CORDIC_IRQHandler
                0x08001ddc       0x14 ./Core/Src/stm32g4xx_it.o
                0x08001ddc                CORDIC_IRQHandler
 .text._read    0x08001df0       0x3a ./Core/Src/syscalls.o
                0x08001df0                _read
 .text._close   0x08001e2a       0x18 ./Core/Src/syscalls.o
                0x08001e2a                _close
 .text._fstat   0x08001e42       0x20 ./Core/Src/syscalls.o
                0x08001e42                _fstat
 .text._isatty  0x08001e62       0x16 ./Core/Src/syscalls.o
                0x08001e62                _isatty
 .text._lseek   0x08001e78       0x1a ./Core/Src/syscalls.o
                0x08001e78                _lseek
 *fill*         0x08001e92        0x2 
 .text._sbrk    0x08001e94       0x6c ./Core/Src/sysmem.o
                0x08001e94                _sbrk
 .text.SystemInit
                0x08001f00       0x24 ./Core/Src/system_stm32g4xx.o
                0x08001f00                SystemInit
 .text.Reset_Handler
                0x08001f24       0x50 ./Core/Startup/startup_stm32g431cbtx.o
                0x08001f24                Reset_Handler
 .text.Default_Handler
                0x08001f74        0x2 ./Core/Startup/startup_stm32g431cbtx.o
                0x08001f74                RTC_Alarm_IRQHandler
                0x08001f74                EXTI2_IRQHandler
                0x08001f74                TIM8_TRG_COM_IRQHandler
                0x08001f74                TIM8_CC_IRQHandler
                0x08001f74                USB_HP_IRQHandler
                0x08001f74                EXTI3_IRQHandler
                0x08001f74                I2C3_ER_IRQHandler
                0x08001f74                EXTI0_IRQHandler
                0x08001f74                I2C2_EV_IRQHandler
                0x08001f74                FPU_IRQHandler
                0x08001f74                FDCAN1_IT1_IRQHandler
                0x08001f74                ADC1_2_IRQHandler
                0x08001f74                TIM8_UP_IRQHandler
                0x08001f74                DMA2_Channel2_IRQHandler
                0x08001f74                DMA1_Channel4_IRQHandler
                0x08001f74                USART3_IRQHandler
                0x08001f74                DMA2_Channel1_IRQHandler
                0x08001f74                I2C1_EV_IRQHandler
                0x08001f74                DMA1_Channel6_IRQHandler
                0x08001f74                UART4_IRQHandler
                0x08001f74                DMA2_Channel4_IRQHandler
                0x08001f74                RCC_IRQHandler
                0x08001f74                Default_Handler
                0x08001f74                RTC_TAMP_LSECSS_IRQHandler
                0x08001f74                FMAC_IRQHandler
                0x08001f74                TIM7_IRQHandler
                0x08001f74                UCPD1_IRQHandler
                0x08001f74                I2C3_EV_IRQHandler
                0x08001f74                EXTI9_5_IRQHandler
                0x08001f74                RTC_WKUP_IRQHandler
                0x08001f74                PVD_PVM_IRQHandler
                0x08001f74                DMA2_Channel5_IRQHandler
                0x08001f74                CRS_IRQHandler
                0x08001f74                DMA1_Channel5_IRQHandler
                0x08001f74                EXTI4_IRQHandler
                0x08001f74                RNG_IRQHandler
                0x08001f74                DMA1_Channel3_IRQHandler
                0x08001f74                WWDG_IRQHandler
                0x08001f74                LPUART1_IRQHandler
                0x08001f74                DMA2_Channel6_IRQHandler
                0x08001f74                FDCAN1_IT0_IRQHandler
                0x08001f74                TIM2_IRQHandler
                0x08001f74                COMP1_2_3_IRQHandler
                0x08001f74                EXTI1_IRQHandler
                0x08001f74                USART2_IRQHandler
                0x08001f74                I2C2_ER_IRQHandler
                0x08001f74                DMA1_Channel2_IRQHandler
                0x08001f74                TIM8_BRK_IRQHandler
                0x08001f74                FLASH_IRQHandler
                0x08001f74                USART1_IRQHandler
                0x08001f74                SPI3_IRQHandler
                0x08001f74                I2C1_ER_IRQHandler
                0x08001f74                LPTIM1_IRQHandler
                0x08001f74                DMAMUX_OVR_IRQHandler
                0x08001f74                USBWakeUp_IRQHandler
                0x08001f74                SAI1_IRQHandler
                0x08001f74                DMA2_Channel3_IRQHandler
                0x08001f74                COMP4_IRQHandler
 .text.HAL_Init
                0x08001f76       0x30 ./Drivers/STM32G4xx_HAL_Driver/Src/stm32g4xx_hal.o
                0x08001f76                HAL_Init
 *fill*         0x08001fa6        0x2 
 .text.HAL_IncTick
                0x08001fa8       0x24 ./Drivers/STM32G4xx_HAL_Driver/Src/stm32g4xx_hal.o
                0x08001fa8                HAL_IncTick
 .text.HAL_GetTick
                0x08001fcc       0x18 ./Drivers/STM32G4xx_HAL_Driver/Src/stm32g4xx_hal.o
                0x08001fcc                HAL_GetTick
 .text.LL_ADC_SetCommonClock
                0x08001fe4       0x26 ./Drivers/STM32G4xx_HAL_Driver/Src/stm32g4xx_hal_adc.o
 .text.LL_ADC_SetCommonPathInternalCh
                0x0800200a       0x26 ./Drivers/STM32G4xx_HAL_Driver/Src/stm32g4xx_hal_adc.o
 .text.LL_ADC_GetCommonPathInternalCh
                0x08002030       0x1c ./Drivers/STM32G4xx_HAL_Driver/Src/stm32g4xx_hal_adc.o
 .text.LL_ADC_SetOffset
                0x0800204c       0x48 ./Drivers/STM32G4xx_HAL_Driver/Src/stm32g4xx_hal_adc.o
 .text.LL_ADC_GetOffsetChannel
                0x08002094       0x2c ./Drivers/STM32G4xx_HAL_Driver/Src/stm32g4xx_hal_adc.o
 .text.LL_ADC_SetOffsetState
                0x080020c0       0x36 ./Drivers/STM32G4xx_HAL_Driver/Src/stm32g4xx_hal_adc.o
 .text.LL_ADC_SetOffsetSign
                0x080020f6       0x36 ./Drivers/STM32G4xx_HAL_Driver/Src/stm32g4xx_hal_adc.o
 .text.LL_ADC_SetOffsetSaturation
                0x0800212c       0x36 ./Drivers/STM32G4xx_HAL_Driver/Src/stm32g4xx_hal_adc.o
 .text.LL_ADC_SetSamplingTimeCommonConfig
                0x08002162       0x26 ./Drivers/STM32G4xx_HAL_Driver/Src/stm32g4xx_hal_adc.o
 .text.LL_ADC_REG_IsTriggerSourceSWStart
                0x08002188       0x26 ./Drivers/STM32G4xx_HAL_Driver/Src/stm32g4xx_hal_adc.o
 .text.LL_ADC_REG_SetSequencerRanks
                0x080021ae       0x58 ./Drivers/STM32G4xx_HAL_Driver/Src/stm32g4xx_hal_adc.o
 .text.LL_ADC_SetChannelSamplingTime
                0x08002206       0x56 ./Drivers/STM32G4xx_HAL_Driver/Src/stm32g4xx_hal_adc.o
 .text.LL_ADC_SetChannelSingleDiff
                0x0800225c       0x48 ./Drivers/STM32G4xx_HAL_Driver/Src/stm32g4xx_hal_adc.o
 .text.LL_ADC_GetMultimode
                0x080022a4       0x1c ./Drivers/STM32G4xx_HAL_Driver/Src/stm32g4xx_hal_adc.o
 .text.LL_ADC_DisableDeepPowerDown
                0x080022c0       0x24 ./Drivers/STM32G4xx_HAL_Driver/Src/stm32g4xx_hal_adc.o
 .text.LL_ADC_IsDeepPowerDownEnabled
                0x080022e4       0x28 ./Drivers/STM32G4xx_HAL_Driver/Src/stm32g4xx_hal_adc.o
 .text.LL_ADC_EnableInternalRegulator
                0x0800230c       0x28 ./Drivers/STM32G4xx_HAL_Driver/Src/stm32g4xx_hal_adc.o
 .text.LL_ADC_IsInternalRegulatorEnabled
                0x08002334       0x28 ./Drivers/STM32G4xx_HAL_Driver/Src/stm32g4xx_hal_adc.o
 .text.LL_ADC_Enable
                0x0800235c       0x28 ./Drivers/STM32G4xx_HAL_Driver/Src/stm32g4xx_hal_adc.o
 .text.LL_ADC_Disable
                0x08002384       0x28 ./Drivers/STM32G4xx_HAL_Driver/Src/stm32g4xx_hal_adc.o
 .text.LL_ADC_IsEnabled
                0x080023ac       0x26 ./Drivers/STM32G4xx_HAL_Driver/Src/stm32g4xx_hal_adc.o
 .text.LL_ADC_IsDisableOngoing
                0x080023d2       0x26 ./Drivers/STM32G4xx_HAL_Driver/Src/stm32g4xx_hal_adc.o
 .text.LL_ADC_REG_StartConversion
                0x080023f8       0x28 ./Drivers/STM32G4xx_HAL_Driver/Src/stm32g4xx_hal_adc.o
 .text.LL_ADC_REG_IsConversionOngoing
                0x08002420       0x26 ./Drivers/STM32G4xx_HAL_Driver/Src/stm32g4xx_hal_adc.o
 .text.LL_ADC_INJ_IsConversionOngoing
                0x08002446       0x26 ./Drivers/STM32G4xx_HAL_Driver/Src/stm32g4xx_hal_adc.o
 .text.HAL_ADC_Init
                0x0800246c      0x308 ./Drivers/STM32G4xx_HAL_Driver/Src/stm32g4xx_hal_adc.o
                0x0800246c                HAL_ADC_Init
 .text.HAL_ADC_Start_DMA
                0x08002774      0x168 ./Drivers/STM32G4xx_HAL_Driver/Src/stm32g4xx_hal_adc.o
                0x08002774                HAL_ADC_Start_DMA
 .text.HAL_ADC_ConvHalfCpltCallback
                0x080028dc       0x14 ./Drivers/STM32G4xx_HAL_Driver/Src/stm32g4xx_hal_adc.o
                0x080028dc                HAL_ADC_ConvHalfCpltCallback
 .text.HAL_ADC_ErrorCallback
                0x080028f0       0x14 ./Drivers/STM32G4xx_HAL_Driver/Src/stm32g4xx_hal_adc.o
                0x080028f0                HAL_ADC_ErrorCallback
 .text.HAL_ADC_ConfigChannel
                0x08002904      0x7e0 ./Drivers/STM32G4xx_HAL_Driver/Src/stm32g4xx_hal_adc.o
                0x08002904                HAL_ADC_ConfigChannel
 .text.ADC_Enable
                0x080030e4      0x10c ./Drivers/STM32G4xx_HAL_Driver/Src/stm32g4xx_hal_adc.o
                0x080030e4                ADC_Enable
 .text.ADC_Disable
                0x080031f0       0xbe ./Drivers/STM32G4xx_HAL_Driver/Src/stm32g4xx_hal_adc.o
                0x080031f0                ADC_Disable
 .text.ADC_DMAConvCplt
                0x080032ae       0xd8 ./Drivers/STM32G4xx_HAL_Driver/Src/stm32g4xx_hal_adc.o
                0x080032ae                ADC_DMAConvCplt
 .text.ADC_DMAHalfConvCplt
                0x08003386       0x1c ./Drivers/STM32G4xx_HAL_Driver/Src/stm32g4xx_hal_adc.o
                0x08003386                ADC_DMAHalfConvCplt
 .text.ADC_DMAError
                0x080033a2       0x34 ./Drivers/STM32G4xx_HAL_Driver/Src/stm32g4xx_hal_adc.o
                0x080033a2                ADC_DMAError
 .text.LL_ADC_IsEnabled
                0x080033d6       0x26 ./Drivers/STM32G4xx_HAL_Driver/Src/stm32g4xx_hal_adc_ex.o
 .text.LL_ADC_StartCalibration
                0x080033fc       0x32 ./Drivers/STM32G4xx_HAL_Driver/Src/stm32g4xx_hal_adc_ex.o
 .text.LL_ADC_IsCalibrationOnGoing
                0x0800342e       0x28 ./Drivers/STM32G4xx_HAL_Driver/Src/stm32g4xx_hal_adc_ex.o
 .text.LL_ADC_REG_IsConversionOngoing
                0x08003456       0x26 ./Drivers/STM32G4xx_HAL_Driver/Src/stm32g4xx_hal_adc_ex.o
 .text.HAL_ADCEx_Calibration_Start
                0x0800347c       0xc4 ./Drivers/STM32G4xx_HAL_Driver/Src/stm32g4xx_hal_adc_ex.o
                0x0800347c                HAL_ADCEx_Calibration_Start
 .text.HAL_ADCEx_MultiModeConfigChannel
                0x08003540      0x148 ./Drivers/STM32G4xx_HAL_Driver/Src/stm32g4xx_hal_adc_ex.o
                0x08003540                HAL_ADCEx_MultiModeConfigChannel
 .text.HAL_CORDIC_Init
                0x08003688       0x62 ./Drivers/STM32G4xx_HAL_Driver/Src/stm32g4xx_hal_cordic.o
                0x08003688                HAL_CORDIC_Init
 .text.HAL_CORDIC_CalculateCpltCallback
                0x080036ea       0x14 ./Drivers/STM32G4xx_HAL_Driver/Src/stm32g4xx_hal_cordic.o
                0x080036ea                HAL_CORDIC_CalculateCpltCallback
 .text.HAL_CORDIC_IRQHandler
                0x080036fe       0x92 ./Drivers/STM32G4xx_HAL_Driver/Src/stm32g4xx_hal_cordic.o
                0x080036fe                HAL_CORDIC_IRQHandler
 .text.CORDIC_WriteInDataIncrementPtr
                0x08003790       0x52 ./Drivers/STM32G4xx_HAL_Driver/Src/stm32g4xx_hal_cordic.o
 .text.CORDIC_ReadOutDataIncrementPtr
                0x080037e2       0x52 ./Drivers/STM32G4xx_HAL_Driver/Src/stm32g4xx_hal_cordic.o
 .text.__NVIC_SetPriorityGrouping
                0x08003834       0x48 ./Drivers/STM32G4xx_HAL_Driver/Src/stm32g4xx_hal_cortex.o
 .text.__NVIC_GetPriorityGrouping
                0x0800387c       0x1c ./Drivers/STM32G4xx_HAL_Driver/Src/stm32g4xx_hal_cortex.o
 .text.__NVIC_EnableIRQ
                0x08003898       0x3c ./Drivers/STM32G4xx_HAL_Driver/Src/stm32g4xx_hal_cortex.o
 .text.__NVIC_SetPriority
                0x080038d4       0x54 ./Drivers/STM32G4xx_HAL_Driver/Src/stm32g4xx_hal_cortex.o
 .text.NVIC_EncodePriority
                0x08003928       0x66 ./Drivers/STM32G4xx_HAL_Driver/Src/stm32g4xx_hal_cortex.o
 .text.HAL_NVIC_SetPriorityGrouping
                0x0800398e       0x16 ./Drivers/STM32G4xx_HAL_Driver/Src/stm32g4xx_hal_cortex.o
                0x0800398e                HAL_NVIC_SetPriorityGrouping
 .text.HAL_NVIC_SetPriority
                0x080039a4       0x34 ./Drivers/STM32G4xx_HAL_Driver/Src/stm32g4xx_hal_cortex.o
                0x080039a4                HAL_NVIC_SetPriority
 .text.HAL_NVIC_EnableIRQ
                0x080039d8       0x1c ./Drivers/STM32G4xx_HAL_Driver/Src/stm32g4xx_hal_cortex.o
                0x080039d8                HAL_NVIC_EnableIRQ
 .text.HAL_DMA_Init
                0x080039f4      0x150 ./Drivers/STM32G4xx_HAL_Driver/Src/stm32g4xx_hal_dma.o
                0x080039f4                HAL_DMA_Init
 .text.HAL_DMA_Start_IT
                0x08003b44       0xf6 ./Drivers/STM32G4xx_HAL_Driver/Src/stm32g4xx_hal_dma.o
                0x08003b44                HAL_DMA_Start_IT
 .text.HAL_DMA_Abort_IT
                0x08003c3a       0xce ./Drivers/STM32G4xx_HAL_Driver/Src/stm32g4xx_hal_dma.o
                0x08003c3a                HAL_DMA_Abort_IT
 .text.HAL_DMA_IRQHandler
                0x08003d08      0x15e ./Drivers/STM32G4xx_HAL_Driver/Src/stm32g4xx_hal_dma.o
                0x08003d08                HAL_DMA_IRQHandler
 .text.DMA_SetConfig
                0x08003e66       0x7c ./Drivers/STM32G4xx_HAL_Driver/Src/stm32g4xx_hal_dma.o
 *fill*         0x08003ee2        0x2 
 .text.DMA_CalcDMAMUXChannelBaseAndMask
                0x08003ee4       0x7c ./Drivers/STM32G4xx_HAL_Driver/Src/stm32g4xx_hal_dma.o
 .text.DMA_CalcDMAMUXRequestGenBaseAndMask
                0x08003f60       0x48 ./Drivers/STM32G4xx_HAL_Driver/Src/stm32g4xx_hal_dma.o
 .text.HAL_GPIO_Init
                0x08003fa8      0x304 ./Drivers/STM32G4xx_HAL_Driver/Src/stm32g4xx_hal_gpio.o
                0x08003fa8                HAL_GPIO_Init
 .text.HAL_GPIO_WritePin
                0x080042ac       0x30 ./Drivers/STM32G4xx_HAL_Driver/Src/stm32g4xx_hal_gpio.o
                0x080042ac                HAL_GPIO_WritePin
 .text.HAL_GPIO_TogglePin
                0x080042dc       0x34 ./Drivers/STM32G4xx_HAL_Driver/Src/stm32g4xx_hal_gpio.o
                0x080042dc                HAL_GPIO_TogglePin
 .text.HAL_GPIO_EXTI_IRQHandler
                0x08004310       0x30 ./Drivers/STM32G4xx_HAL_Driver/Src/stm32g4xx_hal_gpio.o
                0x08004310                HAL_GPIO_EXTI_IRQHandler
 .text.HAL_PCD_Init
                0x08004340      0x19c ./Drivers/STM32G4xx_HAL_Driver/Src/stm32g4xx_hal_pcd.o
                0x08004340                HAL_PCD_Init
 .text.HAL_PCD_Start
                0x080044dc       0x44 ./Drivers/STM32G4xx_HAL_Driver/Src/stm32g4xx_hal_pcd.o
                0x080044dc                HAL_PCD_Start
 .text.HAL_PCD_IRQHandler
                0x08004520      0x24e ./Drivers/STM32G4xx_HAL_Driver/Src/stm32g4xx_hal_pcd.o
                0x08004520                HAL_PCD_IRQHandler
 .text.HAL_PCD_SetAddress
                0x0800476e       0x48 ./Drivers/STM32G4xx_HAL_Driver/Src/stm32g4xx_hal_pcd.o
                0x0800476e                HAL_PCD_SetAddress
 .text.HAL_PCD_EP_Open
                0x080047b6       0xbe ./Drivers/STM32G4xx_HAL_Driver/Src/stm32g4xx_hal_pcd.o
                0x080047b6                HAL_PCD_EP_Open
 .text.HAL_PCD_EP_Close
                0x08004874       0x90 ./Drivers/STM32G4xx_HAL_Driver/Src/stm32g4xx_hal_pcd.o
                0x08004874                HAL_PCD_EP_Close
 .text.HAL_PCD_EP_Receive
                0x08004904       0x62 ./Drivers/STM32G4xx_HAL_Driver/Src/stm32g4xx_hal_pcd.o
                0x08004904                HAL_PCD_EP_Receive
 .text.HAL_PCD_EP_GetRxCount
                0x08004966       0x30 ./Drivers/STM32G4xx_HAL_Driver/Src/stm32g4xx_hal_pcd.o
                0x08004966                HAL_PCD_EP_GetRxCount
 .text.HAL_PCD_EP_Transmit
                0x08004996       0x6e ./Drivers/STM32G4xx_HAL_Driver/Src/stm32g4xx_hal_pcd.o
                0x08004996                HAL_PCD_EP_Transmit
 .text.HAL_PCD_EP_SetStall
                0x08004a04       0xa4 ./Drivers/STM32G4xx_HAL_Driver/Src/stm32g4xx_hal_pcd.o
                0x08004a04                HAL_PCD_EP_SetStall
 .text.HAL_PCD_EP_ClrStall
                0x08004aa8       0xa8 ./Drivers/STM32G4xx_HAL_Driver/Src/stm32g4xx_hal_pcd.o
                0x08004aa8                HAL_PCD_EP_ClrStall
 .text.PCD_EP_ISR_Handler
                0x08004b50      0x68e ./Drivers/STM32G4xx_HAL_Driver/Src/stm32g4xx_hal_pcd.o
 .text.HAL_PCD_EP_DB_Receive
                0x080051de      0x212 ./Drivers/STM32G4xx_HAL_Driver/Src/stm32g4xx_hal_pcd.o
 .text.HAL_PCD_EP_DB_Transmit
                0x080053f0      0x878 ./Drivers/STM32G4xx_HAL_Driver/Src/stm32g4xx_hal_pcd.o
 .text.HAL_PCDEx_PMAConfig
                0x08005c68       0x86 ./Drivers/STM32G4xx_HAL_Driver/Src/stm32g4xx_hal_pcd_ex.o
                0x08005c68                HAL_PCDEx_PMAConfig
 .text.HAL_PCDEx_ActivateLPM
                0x08005cee       0x54 ./Drivers/STM32G4xx_HAL_Driver/Src/stm32g4xx_hal_pcd_ex.o
                0x08005cee                HAL_PCDEx_ActivateLPM
 *fill*         0x08005d42        0x2 
 .text.HAL_PWREx_ControlVoltageScaling
                0x08005d44      0x148 ./Drivers/STM32G4xx_HAL_Driver/Src/stm32g4xx_hal_pwr_ex.o
                0x08005d44                HAL_PWREx_ControlVoltageScaling
 .text.HAL_PWREx_DisableUCPDDeadBattery
                0x08005e8c       0x20 ./Drivers/STM32G4xx_HAL_Driver/Src/stm32g4xx_hal_pwr_ex.o
                0x08005e8c                HAL_PWREx_DisableUCPDDeadBattery
 .text.HAL_RCC_OscConfig
                0x08005eac      0x624 ./Drivers/STM32G4xx_HAL_Driver/Src/stm32g4xx_hal_rcc.o
                0x08005eac                HAL_RCC_OscConfig
 .text.HAL_RCC_ClockConfig
                0x080064d0      0x278 ./Drivers/STM32G4xx_HAL_Driver/Src/stm32g4xx_hal_rcc.o
                0x080064d0                HAL_RCC_ClockConfig
 .text.HAL_RCC_GetSysClockFreq
                0x08006748       0xc4 ./Drivers/STM32G4xx_HAL_Driver/Src/stm32g4xx_hal_rcc.o
                0x08006748                HAL_RCC_GetSysClockFreq
 .text.HAL_RCC_GetHCLKFreq
                0x0800680c       0x18 ./Drivers/STM32G4xx_HAL_Driver/Src/stm32g4xx_hal_rcc.o
                0x0800680c                HAL_RCC_GetHCLKFreq
 .text.HAL_RCC_GetPCLK1Freq
                0x08006824       0x2c ./Drivers/STM32G4xx_HAL_Driver/Src/stm32g4xx_hal_rcc.o
                0x08006824                HAL_RCC_GetPCLK1Freq
 .text.HAL_RCC_GetClockConfig
                0x08006850       0x64 ./Drivers/STM32G4xx_HAL_Driver/Src/stm32g4xx_hal_rcc.o
                0x08006850                HAL_RCC_GetClockConfig
 .text.RCC_GetSysClockFreqFromPLLSource
                0x080068b4       0x8c ./Drivers/STM32G4xx_HAL_Driver/Src/stm32g4xx_hal_rcc.o
 .text.HAL_RCCEx_PeriphCLKConfig
                0x08006940      0x3e0 ./Drivers/STM32G4xx_HAL_Driver/Src/stm32g4xx_hal_rcc_ex.o
                0x08006940                HAL_RCCEx_PeriphCLKConfig
 .text.HAL_SPI_Init
                0x08006d20      0x156 ./Drivers/STM32G4xx_HAL_Driver/Src/stm32g4xx_hal_spi.o
                0x08006d20                HAL_SPI_Init
 *fill*         0x08006e76        0x2 
 .text.HAL_SPI_Transmit_IT
                0x08006e78      0x110 ./Drivers/STM32G4xx_HAL_Driver/Src/stm32g4xx_hal_spi.o
                0x08006e78                HAL_SPI_Transmit_IT
 .text.HAL_SPI_Receive_IT
                0x08006f88      0x154 ./Drivers/STM32G4xx_HAL_Driver/Src/stm32g4xx_hal_spi.o
                0x08006f88                HAL_SPI_Receive_IT
 .text.HAL_SPI_TransmitReceive_IT
                0x080070dc      0x154 ./Drivers/STM32G4xx_HAL_Driver/Src/stm32g4xx_hal_spi.o
                0x080070dc                HAL_SPI_TransmitReceive_IT
 .text.HAL_SPI_IRQHandler
                0x08007230      0x1e8 ./Drivers/STM32G4xx_HAL_Driver/Src/stm32g4xx_hal_spi.o
                0x08007230                HAL_SPI_IRQHandler
 .text.HAL_SPI_TxCpltCallback
                0x08007418       0x14 ./Drivers/STM32G4xx_HAL_Driver/Src/stm32g4xx_hal_spi.o
                0x08007418                HAL_SPI_TxCpltCallback
 .text.HAL_SPI_ErrorCallback
                0x0800742c       0x14 ./Drivers/STM32G4xx_HAL_Driver/Src/stm32g4xx_hal_spi.o
                0x0800742c                HAL_SPI_ErrorCallback
 .text.SPI_DMAAbortOnError
                0x08007440       0x2a ./Drivers/STM32G4xx_HAL_Driver/Src/stm32g4xx_hal_spi.o
 .text.SPI_2linesRxISR_8BIT
                0x0800746a       0xbe ./Drivers/STM32G4xx_HAL_Driver/Src/stm32g4xx_hal_spi.o
 .text.SPI_2linesTxISR_8BIT
                0x08007528       0x92 ./Drivers/STM32G4xx_HAL_Driver/Src/stm32g4xx_hal_spi.o
 .text.SPI_2linesRxISR_16BIT
                0x080075ba       0x66 ./Drivers/STM32G4xx_HAL_Driver/Src/stm32g4xx_hal_spi.o
 .text.SPI_2linesTxISR_16BIT
                0x08007620       0x60 ./Drivers/STM32G4xx_HAL_Driver/Src/stm32g4xx_hal_spi.o
 .text.SPI_RxISR_8BIT
                0x08007680       0x50 ./Drivers/STM32G4xx_HAL_Driver/Src/stm32g4xx_hal_spi.o
 .text.SPI_RxISR_16BIT
                0x080076d0       0x4c ./Drivers/STM32G4xx_HAL_Driver/Src/stm32g4xx_hal_spi.o
 .text.SPI_TxISR_8BIT
                0x0800771c       0x46 ./Drivers/STM32G4xx_HAL_Driver/Src/stm32g4xx_hal_spi.o
 .text.SPI_TxISR_16BIT
                0x08007762       0x44 ./Drivers/STM32G4xx_HAL_Driver/Src/stm32g4xx_hal_spi.o
 *fill*         0x080077a6        0x2 
 .text.SPI_WaitFlagStateUntilTimeout
                0x080077a8      0x110 ./Drivers/STM32G4xx_HAL_Driver/Src/stm32g4xx_hal_spi.o
 .text.SPI_WaitFifoStateUntilTimeout
                0x080078b8      0x12c ./Drivers/STM32G4xx_HAL_Driver/Src/stm32g4xx_hal_spi.o
 .text.SPI_EndRxTransaction
                0x080079e4       0xb0 ./Drivers/STM32G4xx_HAL_Driver/Src/stm32g4xx_hal_spi.o
 .text.SPI_EndRxTxTransaction
                0x08007a94       0x8c ./Drivers/STM32G4xx_HAL_Driver/Src/stm32g4xx_hal_spi.o
 .text.SPI_CloseRxTx_ISR
                0x08007b20       0x84 ./Drivers/STM32G4xx_HAL_Driver/Src/stm32g4xx_hal_spi.o
 .text.SPI_CloseRx_ISR
                0x08007ba4       0x60 ./Drivers/STM32G4xx_HAL_Driver/Src/stm32g4xx_hal_spi.o
 .text.SPI_CloseTx_ISR
                0x08007c04       0x7e ./Drivers/STM32G4xx_HAL_Driver/Src/stm32g4xx_hal_spi.o
 .text.HAL_TIM_Base_Init
                0x08007c82       0xae ./Drivers/STM32G4xx_HAL_Driver/Src/stm32g4xx_hal_tim.o
                0x08007c82                HAL_TIM_Base_Init
 .text.HAL_TIM_Base_Start
                0x08007d30       0xc4 ./Drivers/STM32G4xx_HAL_Driver/Src/stm32g4xx_hal_tim.o
                0x08007d30                HAL_TIM_Base_Start
 .text.HAL_TIM_Base_Stop
                0x08007df4       0x4e ./Drivers/STM32G4xx_HAL_Driver/Src/stm32g4xx_hal_tim.o
                0x08007df4                HAL_TIM_Base_Stop
 *fill*         0x08007e42        0x2 
 .text.HAL_TIM_Base_Start_IT
                0x08007e44       0xd4 ./Drivers/STM32G4xx_HAL_Driver/Src/stm32g4xx_hal_tim.o
                0x08007e44                HAL_TIM_Base_Start_IT
 .text.HAL_TIM_PWM_Init
                0x08007f18       0xae ./Drivers/STM32G4xx_HAL_Driver/Src/stm32g4xx_hal_tim.o
                0x08007f18                HAL_TIM_PWM_Init
 .text.HAL_TIM_PWM_MspInit
                0x08007fc6       0x14 ./Drivers/STM32G4xx_HAL_Driver/Src/stm32g4xx_hal_tim.o
                0x08007fc6                HAL_TIM_PWM_MspInit
 *fill*         0x08007fda        0x2 
 .text.HAL_TIM_PWM_Start
                0x08007fdc      0x200 ./Drivers/STM32G4xx_HAL_Driver/Src/stm32g4xx_hal_tim.o
                0x08007fdc                HAL_TIM_PWM_Start
 .text.HAL_TIM_PWM_Stop
                0x080081dc      0x12c ./Drivers/STM32G4xx_HAL_Driver/Src/stm32g4xx_hal_tim.o
                0x080081dc                HAL_TIM_PWM_Stop
 .text.HAL_TIM_IC_Start_IT
                0x08008308      0x284 ./Drivers/STM32G4xx_HAL_Driver/Src/stm32g4xx_hal_tim.o
                0x08008308                HAL_TIM_IC_Start_IT
 .text.HAL_TIM_IC_Stop_IT
                0x0800858c      0x17c ./Drivers/STM32G4xx_HAL_Driver/Src/stm32g4xx_hal_tim.o
                0x0800858c                HAL_TIM_IC_Stop_IT
 .text.HAL_TIM_Encoder_Init
                0x08008708      0x14c ./Drivers/STM32G4xx_HAL_Driver/Src/stm32g4xx_hal_tim.o
                0x08008708                HAL_TIM_Encoder_Init
 .text.HAL_TIM_Encoder_Start_IT
                0x08008854      0x15c ./Drivers/STM32G4xx_HAL_Driver/Src/stm32g4xx_hal_tim.o
                0x08008854                HAL_TIM_Encoder_Start_IT
 .text.HAL_TIM_IRQHandler
                0x080089b0      0x29e ./Drivers/STM32G4xx_HAL_Driver/Src/stm32g4xx_hal_tim.o
                0x080089b0                HAL_TIM_IRQHandler
 *fill*         0x08008c4e        0x2 
 .text.HAL_TIM_PWM_ConfigChannel
                0x08008c50      0x228 ./Drivers/STM32G4xx_HAL_Driver/Src/stm32g4xx_hal_tim.o
                0x08008c50                HAL_TIM_PWM_ConfigChannel
 .text.HAL_TIM_GenerateEvent
                0x08008e78       0x4e ./Drivers/STM32G4xx_HAL_Driver/Src/stm32g4xx_hal_tim.o
                0x08008e78                HAL_TIM_GenerateEvent
 *fill*         0x08008ec6        0x2 
 .text.HAL_TIM_ConfigClockSource
                0x08008ec8      0x1f4 ./Drivers/STM32G4xx_HAL_Driver/Src/stm32g4xx_hal_tim.o
                0x08008ec8                HAL_TIM_ConfigClockSource
 .text.HAL_TIM_SlaveConfigSynchro
                0x080090bc       0x84 ./Drivers/STM32G4xx_HAL_Driver/Src/stm32g4xx_hal_tim.o
                0x080090bc                HAL_TIM_SlaveConfigSynchro
 .text.HAL_TIM_OC_DelayElapsedCallback
                0x08009140       0x14 ./Drivers/STM32G4xx_HAL_Driver/Src/stm32g4xx_hal_tim.o
                0x08009140                HAL_TIM_OC_DelayElapsedCallback
 .text.HAL_TIM_IC_CaptureCallback
                0x08009154       0x14 ./Drivers/STM32G4xx_HAL_Driver/Src/stm32g4xx_hal_tim.o
                0x08009154                HAL_TIM_IC_CaptureCallback
 .text.HAL_TIM_PWM_PulseFinishedCallback
                0x08009168       0x14 ./Drivers/STM32G4xx_HAL_Driver/Src/stm32g4xx_hal_tim.o
                0x08009168                HAL_TIM_PWM_PulseFinishedCallback
 .text.HAL_TIM_TriggerCallback
                0x0800917c       0x14 ./Drivers/STM32G4xx_HAL_Driver/Src/stm32g4xx_hal_tim.o
                0x0800917c                HAL_TIM_TriggerCallback
 .text.TIM_Base_SetConfig
                0x08009190      0x138 ./Drivers/STM32G4xx_HAL_Driver/Src/stm32g4xx_hal_tim.o
                0x08009190                TIM_Base_SetConfig
 .text.TIM_OC1_SetConfig
                0x080092c8      0x120 ./Drivers/STM32G4xx_HAL_Driver/Src/stm32g4xx_hal_tim.o
 .text.TIM_OC2_SetConfig
                0x080093e8      0x114 ./Drivers/STM32G4xx_HAL_Driver/Src/stm32g4xx_hal_tim.o
                0x080093e8                TIM_OC2_SetConfig
 .text.TIM_OC3_SetConfig
                0x080094fc      0x110 ./Drivers/STM32G4xx_HAL_Driver/Src/stm32g4xx_hal_tim.o
 .text.TIM_OC4_SetConfig
                0x0800960c      0x114 ./Drivers/STM32G4xx_HAL_Driver/Src/stm32g4xx_hal_tim.o
 .text.TIM_OC5_SetConfig
                0x08009720       0xc8 ./Drivers/STM32G4xx_HAL_Driver/Src/stm32g4xx_hal_tim.o
 .text.TIM_OC6_SetConfig
                0x080097e8       0xcc ./Drivers/STM32G4xx_HAL_Driver/Src/stm32g4xx_hal_tim.o
 .text.TIM_SlaveTimer_SetConfig
                0x080098b4      0x188 ./Drivers/STM32G4xx_HAL_Driver/Src/stm32g4xx_hal_tim.o
 .text.TIM_TI1_ConfigInputStage
                0x08009a3c       0x5e ./Drivers/STM32G4xx_HAL_Driver/Src/stm32g4xx_hal_tim.o
 .text.TIM_TI2_ConfigInputStage
                0x08009a9a       0x60 ./Drivers/STM32G4xx_HAL_Driver/Src/stm32g4xx_hal_tim.o
 .text.TIM_ITRx_SetConfig
                0x08009afa       0x3a ./Drivers/STM32G4xx_HAL_Driver/Src/stm32g4xx_hal_tim.o
 .text.TIM_ETR_SetConfig
                0x08009b34       0x40 ./Drivers/STM32G4xx_HAL_Driver/Src/stm32g4xx_hal_tim.o
                0x08009b34                TIM_ETR_SetConfig
 .text.TIM_CCxChannelCmd
                0x08009b74       0x4a ./Drivers/STM32G4xx_HAL_Driver/Src/stm32g4xx_hal_tim.o
                0x08009b74                TIM_CCxChannelCmd
 *fill*         0x08009bbe        0x2 
 .text.HAL_TIMEx_MasterConfigSynchronization
                0x08009bc0      0x104 ./Drivers/STM32G4xx_HAL_Driver/Src/stm32g4xx_hal_tim_ex.o
                0x08009bc0                HAL_TIMEx_MasterConfigSynchronization
 .text.HAL_TIMEx_CommutCallback
                0x08009cc4       0x14 ./Drivers/STM32G4xx_HAL_Driver/Src/stm32g4xx_hal_tim_ex.o
                0x08009cc4                HAL_TIMEx_CommutCallback
 .text.HAL_TIMEx_BreakCallback
                0x08009cd8       0x14 ./Drivers/STM32G4xx_HAL_Driver/Src/stm32g4xx_hal_tim_ex.o
                0x08009cd8                HAL_TIMEx_BreakCallback
 .text.HAL_TIMEx_Break2Callback
                0x08009cec       0x14 ./Drivers/STM32G4xx_HAL_Driver/Src/stm32g4xx_hal_tim_ex.o
                0x08009cec                HAL_TIMEx_Break2Callback
 .text.HAL_TIMEx_EncoderIndexCallback
                0x08009d00       0x14 ./Drivers/STM32G4xx_HAL_Driver/Src/stm32g4xx_hal_tim_ex.o
                0x08009d00                HAL_TIMEx_EncoderIndexCallback
 .text.HAL_TIMEx_DirectionChangeCallback
                0x08009d14       0x14 ./Drivers/STM32G4xx_HAL_Driver/Src/stm32g4xx_hal_tim_ex.o
                0x08009d14                HAL_TIMEx_DirectionChangeCallback
 .text.HAL_TIMEx_IndexErrorCallback
                0x08009d28       0x14 ./Drivers/STM32G4xx_HAL_Driver/Src/stm32g4xx_hal_tim_ex.o
                0x08009d28                HAL_TIMEx_IndexErrorCallback
 .text.HAL_TIMEx_TransitionErrorCallback
                0x08009d3c       0x14 ./Drivers/STM32G4xx_HAL_Driver/Src/stm32g4xx_hal_tim_ex.o
                0x08009d3c                HAL_TIMEx_TransitionErrorCallback
 .text.USB_EnableGlobalInt
                0x08009d50       0x2e ./Drivers/STM32G4xx_HAL_Driver/Src/stm32g4xx_ll_usb.o
                0x08009d50                USB_EnableGlobalInt
 .text.USB_DisableGlobalInt
                0x08009d7e       0x36 ./Drivers/STM32G4xx_HAL_Driver/Src/stm32g4xx_ll_usb.o
                0x08009d7e                USB_DisableGlobalInt
 .text.USB_DevInit
                0x08009db4       0x3c ./Drivers/STM32G4xx_HAL_Driver/Src/stm32g4xx_ll_usb.o
                0x08009db4                USB_DevInit
 .text.USB_ActivateEndpoint
                0x08009df0      0x9d0 ./Drivers/STM32G4xx_HAL_Driver/Src/stm32g4xx_ll_usb.o
                0x08009df0                USB_ActivateEndpoint
 .text.USB_DeactivateEndpoint
                0x0800a7c0      0x3da ./Drivers/STM32G4xx_HAL_Driver/Src/stm32g4xx_ll_usb.o
                0x0800a7c0                USB_DeactivateEndpoint
 .text.USB_EPStartXfer
                0x0800ab9a      0xb5e ./Drivers/STM32G4xx_HAL_Driver/Src/stm32g4xx_ll_usb.o
                0x0800ab9a                USB_EPStartXfer
 .text.USB_EPSetStall
                0x0800b6f8       0xa2 ./Drivers/STM32G4xx_HAL_Driver/Src/stm32g4xx_ll_usb.o
                0x0800b6f8                USB_EPSetStall
 .text.USB_EPClearStall
                0x0800b79a      0x152 ./Drivers/STM32G4xx_HAL_Driver/Src/stm32g4xx_ll_usb.o
                0x0800b79a                USB_EPClearStall
 .text.USB_SetDevAddress
                0x0800b8ec       0x28 ./Drivers/STM32G4xx_HAL_Driver/Src/stm32g4xx_ll_usb.o
                0x0800b8ec                USB_SetDevAddress
 .text.USB_DevConnect
                0x0800b914       0x2e ./Drivers/STM32G4xx_HAL_Driver/Src/stm32g4xx_ll_usb.o
                0x0800b914                USB_DevConnect
 .text.USB_ReadInterrupts
                0x0800b942       0x20 ./Drivers/STM32G4xx_HAL_Driver/Src/stm32g4xx_ll_usb.o
                0x0800b942                USB_ReadInterrupts
 .text.USB_WritePMA
                0x0800b962       0x84 ./Drivers/STM32G4xx_HAL_Driver/Src/stm32g4xx_ll_usb.o
                0x0800b962                USB_WritePMA
 .text.USB_ReadPMA
                0x0800b9e6       0x98 ./Drivers/STM32G4xx_HAL_Driver/Src/stm32g4xx_ll_usb.o
                0x0800b9e6                USB_ReadPMA
 .text.USBD_CDC_Init
                0x0800ba7e       0xfe ./Middlewares/ST/STM32_USB_Device_Library/Class/CDC/Src/usbd_cdc.o
 .text.USBD_CDC_DeInit
                0x0800bb7c       0x74 ./Middlewares/ST/STM32_USB_Device_Library/Class/CDC/Src/usbd_cdc.o
 .text.USBD_CDC_Setup
                0x0800bbf0      0x190 ./Middlewares/ST/STM32_USB_Device_Library/Class/CDC/Src/usbd_cdc.o
 .text.USBD_CDC_DataIn
                0x0800bd80       0xca ./Middlewares/ST/STM32_USB_Device_Library/Class/CDC/Src/usbd_cdc.o
 .text.USBD_CDC_DataOut
                0x0800be4a       0x56 ./Middlewares/ST/STM32_USB_Device_Library/Class/CDC/Src/usbd_cdc.o
 .text.USBD_CDC_EP0_RxReady
                0x0800bea0       0x58 ./Middlewares/ST/STM32_USB_Device_Library/Class/CDC/Src/usbd_cdc.o
 .text.USBD_CDC_GetFSCfgDesc
                0x0800bef8       0x20 ./Middlewares/ST/STM32_USB_Device_Library/Class/CDC/Src/usbd_cdc.o
 .text.USBD_CDC_GetHSCfgDesc
                0x0800bf18       0x20 ./Middlewares/ST/STM32_USB_Device_Library/Class/CDC/Src/usbd_cdc.o
 .text.USBD_CDC_GetOtherSpeedCfgDesc
                0x0800bf38       0x20 ./Middlewares/ST/STM32_USB_Device_Library/Class/CDC/Src/usbd_cdc.o
 .text.USBD_CDC_GetDeviceQualifierDescriptor
                0x0800bf58       0x20 ./Middlewares/ST/STM32_USB_Device_Library/Class/CDC/Src/usbd_cdc.o
                0x0800bf58                USBD_CDC_GetDeviceQualifierDescriptor
 .text.USBD_CDC_RegisterInterface
                0x0800bf78       0x2a ./Middlewares/ST/STM32_USB_Device_Library/Class/CDC/Src/usbd_cdc.o
                0x0800bf78                USBD_CDC_RegisterInterface
 .text.USBD_CDC_SetTxBuffer
                0x0800bfa2       0x3c ./Middlewares/ST/STM32_USB_Device_Library/Class/CDC/Src/usbd_cdc.o
                0x0800bfa2                USBD_CDC_SetTxBuffer
 .text.USBD_CDC_SetRxBuffer
                0x0800bfde       0x32 ./Middlewares/ST/STM32_USB_Device_Library/Class/CDC/Src/usbd_cdc.o
                0x0800bfde                USBD_CDC_SetRxBuffer
 .text.USBD_CDC_ReceivePacket
                0x0800c010       0x54 ./Middlewares/ST/STM32_USB_Device_Library/Class/CDC/Src/usbd_cdc.o
                0x0800c010                USBD_CDC_ReceivePacket
 .text.USBD_Init
                0x0800c064       0x60 ./Middlewares/ST/STM32_USB_Device_Library/Core/Src/usbd_core.o
                0x0800c064                USBD_Init
 .text.USBD_RegisterClass
                0x0800c0c4       0x4e ./Middlewares/ST/STM32_USB_Device_Library/Core/Src/usbd_core.o
                0x0800c0c4                USBD_RegisterClass
 .text.USBD_Start
                0x0800c112       0x18 ./Middlewares/ST/STM32_USB_Device_Library/Core/Src/usbd_core.o
                0x0800c112                USBD_Start
 .text.USBD_RunTestMode
                0x0800c12a       0x16 ./Middlewares/ST/STM32_USB_Device_Library/Core/Src/usbd_core.o
                0x0800c12a                USBD_RunTestMode
 .text.USBD_SetClassConfig
                0x0800c140       0x38 ./Middlewares/ST/STM32_USB_Device_Library/Core/Src/usbd_core.o
                0x0800c140                USBD_SetClassConfig
 .text.USBD_ClrClassConfig
                0x0800c178       0x30 ./Middlewares/ST/STM32_USB_Device_Library/Core/Src/usbd_core.o
                0x0800c178                USBD_ClrClassConfig
 .text.USBD_LL_SetupStage
                0x0800c1a8       0xaa ./Middlewares/ST/STM32_USB_Device_Library/Core/Src/usbd_core.o
                0x0800c1a8                USBD_LL_SetupStage
 .text.USBD_LL_DataOutStage
                0x0800c252       0xc6 ./Middlewares/ST/STM32_USB_Device_Library/Core/Src/usbd_core.o
                0x0800c252                USBD_LL_DataOutStage
 .text.USBD_LL_DataInStage
                0x0800c318      0x12c ./Middlewares/ST/STM32_USB_Device_Library/Core/Src/usbd_core.o
                0x0800c318                USBD_LL_DataInStage
 .text.USBD_LL_Reset
                0x0800c444       0x9c ./Middlewares/ST/STM32_USB_Device_Library/Core/Src/usbd_core.o
                0x0800c444                USBD_LL_Reset
 .text.USBD_LL_SetSpeed
                0x0800c4e0       0x20 ./Middlewares/ST/STM32_USB_Device_Library/Core/Src/usbd_core.o
                0x0800c4e0                USBD_LL_SetSpeed
 .text.USBD_LL_Suspend
                0x0800c500       0x2c ./Middlewares/ST/STM32_USB_Device_Library/Core/Src/usbd_core.o
                0x0800c500                USBD_LL_Suspend
 .text.USBD_LL_Resume
                0x0800c52c       0x30 ./Middlewares/ST/STM32_USB_Device_Library/Core/Src/usbd_core.o
                0x0800c52c                USBD_LL_Resume
 .text.USBD_LL_SOF
                0x0800c55c       0x44 ./Middlewares/ST/STM32_USB_Device_Library/Core/Src/usbd_core.o
                0x0800c55c                USBD_LL_SOF
 .text.SWAPBYTE
                0x0800c5a0       0x3c ./Middlewares/ST/STM32_USB_Device_Library/Core/Src/usbd_ctlreq.o
 .text.USBD_StdDevReq
                0x0800c5dc       0xdc ./Middlewares/ST/STM32_USB_Device_Library/Core/Src/usbd_ctlreq.o
                0x0800c5dc                USBD_StdDevReq
 .text.USBD_StdItfReq
                0x0800c6b8       0x92 ./Middlewares/ST/STM32_USB_Device_Library/Core/Src/usbd_ctlreq.o
                0x0800c6b8                USBD_StdItfReq
 .text.USBD_StdEPReq
                0x0800c74a      0x2c4 ./Middlewares/ST/STM32_USB_Device_Library/Core/Src/usbd_ctlreq.o
                0x0800c74a                USBD_StdEPReq
 *fill*         0x0800ca0e        0x2 
 .text.USBD_GetDescriptor
                0x0800ca10      0x328 ./Middlewares/ST/STM32_USB_Device_Library/Core/Src/usbd_ctlreq.o
 .text.USBD_SetAddress
                0x0800cd38       0x88 ./Middlewares/ST/STM32_USB_Device_Library/Core/Src/usbd_ctlreq.o
 .text.USBD_SetConfig
                0x0800cdc0      0x14c ./Middlewares/ST/STM32_USB_Device_Library/Core/Src/usbd_ctlreq.o
 .text.USBD_GetConfig
                0x0800cf0c       0x6c ./Middlewares/ST/STM32_USB_Device_Library/Core/Src/usbd_ctlreq.o
 .text.USBD_GetStatus
                0x0800cf78       0x68 ./Middlewares/ST/STM32_USB_Device_Library/Core/Src/usbd_ctlreq.o
 .text.USBD_SetFeature
                0x0800cfe0       0x28 ./Middlewares/ST/STM32_USB_Device_Library/Core/Src/usbd_ctlreq.o
 .text.USBD_ClrFeature
                0x0800d008       0x44 ./Middlewares/ST/STM32_USB_Device_Library/Core/Src/usbd_ctlreq.o
 .text.USBD_ParseSetupRequest
                0x0800d04c       0x74 ./Middlewares/ST/STM32_USB_Device_Library/Core/Src/usbd_ctlreq.o
                0x0800d04c                USBD_ParseSetupRequest
 .text.USBD_CtlError
                0x0800d0c0       0x22 ./Middlewares/ST/STM32_USB_Device_Library/Core/Src/usbd_ctlreq.o
                0x0800d0c0                USBD_CtlError
 .text.USBD_GetString
                0x0800d0e2       0x8c ./Middlewares/ST/STM32_USB_Device_Library/Core/Src/usbd_ctlreq.o
                0x0800d0e2                USBD_GetString
 .text.USBD_GetLen
                0x0800d16e       0x34 ./Middlewares/ST/STM32_USB_Device_Library/Core/Src/usbd_ctlreq.o
 .text.USBD_CtlSendData
                0x0800d1a2       0x36 ./Middlewares/ST/STM32_USB_Device_Library/Core/Src/usbd_ioreq.o
                0x0800d1a2                USBD_CtlSendData
 .text.USBD_CtlContinueSendData
                0x0800d1d8       0x22 ./Middlewares/ST/STM32_USB_Device_Library/Core/Src/usbd_ioreq.o
                0x0800d1d8                USBD_CtlContinueSendData
 .text.USBD_CtlPrepareRx
                0x0800d1fa       0x3a ./Middlewares/ST/STM32_USB_Device_Library/Core/Src/usbd_ioreq.o
                0x0800d1fa                USBD_CtlPrepareRx
 .text.USBD_CtlContinueRx
                0x0800d234       0x22 ./Middlewares/ST/STM32_USB_Device_Library/Core/Src/usbd_ioreq.o
                0x0800d234                USBD_CtlContinueRx
 .text.USBD_CtlSendStatus
                0x0800d256       0x26 ./Middlewares/ST/STM32_USB_Device_Library/Core/Src/usbd_ioreq.o
                0x0800d256                USBD_CtlSendStatus
 .text.USBD_CtlReceiveStatus
                0x0800d27c       0x26 ./Middlewares/ST/STM32_USB_Device_Library/Core/Src/usbd_ioreq.o
                0x0800d27c                USBD_CtlReceiveStatus
 *fill*         0x0800d2a2        0x2 
 .text.__NVIC_SetPriority
                0x0800d2a4       0x54 ./Middlewares/Third_Party/FreeRTOS/Source/CMSIS_RTOS_V2/cmsis_os2.o
 .text.SysTick_Handler
                0x0800d2f8       0x20 ./Middlewares/Third_Party/FreeRTOS/Source/CMSIS_RTOS_V2/cmsis_os2.o
                0x0800d2f8                SysTick_Handler
 .text.SVC_Setup
                0x0800d318       0x12 ./Middlewares/Third_Party/FreeRTOS/Source/CMSIS_RTOS_V2/cmsis_os2.o
 *fill*         0x0800d32a        0x2 
 .text.osKernelInitialize
                0x0800d32c       0x48 ./Middlewares/Third_Party/FreeRTOS/Source/CMSIS_RTOS_V2/cmsis_os2.o
                0x0800d32c                osKernelInitialize
 .text.osKernelStart
                0x0800d374       0x4c ./Middlewares/Third_Party/FreeRTOS/Source/CMSIS_RTOS_V2/cmsis_os2.o
                0x0800d374                osKernelStart
 .text.osThreadNew
                0x0800d3c0      0x124 ./Middlewares/Third_Party/FreeRTOS/Source/CMSIS_RTOS_V2/cmsis_os2.o
                0x0800d3c0                osThreadNew
 .text.osThreadFlagsSet
                0x0800d4e4       0x9c ./Middlewares/Third_Party/FreeRTOS/Source/CMSIS_RTOS_V2/cmsis_os2.o
                0x0800d4e4                osThreadFlagsSet
 .text.osThreadFlagsWait
                0x0800d580      0x102 ./Middlewares/Third_Party/FreeRTOS/Source/CMSIS_RTOS_V2/cmsis_os2.o
                0x0800d580                osThreadFlagsWait
 .text.osDelay  0x0800d682       0x36 ./Middlewares/Third_Party/FreeRTOS/Source/CMSIS_RTOS_V2/cmsis_os2.o
                0x0800d682                osDelay
 .text.osMessageQueueNew
                0x0800d6b8       0xe6 ./Middlewares/Third_Party/FreeRTOS/Source/CMSIS_RTOS_V2/cmsis_os2.o
                0x0800d6b8                osMessageQueueNew
 *fill*         0x0800d79e        0x2 
 .text.osMessageQueuePut
                0x0800d7a0       0xc0 ./Middlewares/Third_Party/FreeRTOS/Source/CMSIS_RTOS_V2/cmsis_os2.o
                0x0800d7a0                osMessageQueuePut
 .text.vApplicationGetIdleTaskMemory
                0x0800d860       0x34 ./Middlewares/Third_Party/FreeRTOS/Source/CMSIS_RTOS_V2/cmsis_os2.o
                0x0800d860                vApplicationGetIdleTaskMemory
 .text.vApplicationGetTimerTaskMemory
                0x0800d894       0x34 ./Middlewares/Third_Party/FreeRTOS/Source/CMSIS_RTOS_V2/cmsis_os2.o
                0x0800d894                vApplicationGetTimerTaskMemory
 .text.vListInitialise
                0x0800d8c8       0x40 ./Middlewares/Third_Party/FreeRTOS/Source/list.o
                0x0800d8c8                vListInitialise
 .text.vListInitialiseItem
                0x0800d908       0x1a ./Middlewares/Third_Party/FreeRTOS/Source/list.o
                0x0800d908                vListInitialiseItem
 .text.vListInsertEnd
                0x0800d922       0x48 ./Middlewares/Third_Party/FreeRTOS/Source/list.o
                0x0800d922                vListInsertEnd
 .text.vListInsert
                0x0800d96a       0x72 ./Middlewares/Third_Party/FreeRTOS/Source/list.o
                0x0800d96a                vListInsert
 .text.uxListRemove
                0x0800d9dc       0x54 ./Middlewares/Third_Party/FreeRTOS/Source/list.o
                0x0800d9dc                uxListRemove
 .text.xQueueGenericReset
                0x0800da30       0xd4 ./Middlewares/Third_Party/FreeRTOS/Source/queue.o
                0x0800da30                xQueueGenericReset
 .text.xQueueGenericCreateStatic
                0x0800db04       0xfa ./Middlewares/Third_Party/FreeRTOS/Source/queue.o
                0x0800db04                xQueueGenericCreateStatic
 .text.xQueueGenericCreate
                0x0800dbfe       0x76 ./Middlewares/Third_Party/FreeRTOS/Source/queue.o
                0x0800dbfe                xQueueGenericCreate
 .text.prvInitialiseNewQueue
                0x0800dc74       0x46 ./Middlewares/Third_Party/FreeRTOS/Source/queue.o
 *fill*         0x0800dcba        0x2 
 .text.xQueueGenericSend
                0x0800dcbc      0x204 ./Middlewares/Third_Party/FreeRTOS/Source/queue.o
                0x0800dcbc                xQueueGenericSend
 .text.xQueueGenericSendFromISR
                0x0800dec0      0x13c ./Middlewares/Third_Party/FreeRTOS/Source/queue.o
                0x0800dec0                xQueueGenericSendFromISR
 .text.xQueueReceive
                0x0800dffc      0x1c4 ./Middlewares/Third_Party/FreeRTOS/Source/queue.o
                0x0800dffc                xQueueReceive
 .text.prvCopyDataToQueue
                0x0800e1c0       0xd4 ./Middlewares/Third_Party/FreeRTOS/Source/queue.o
 .text.prvCopyDataFromQueue
                0x0800e294       0x4c ./Middlewares/Third_Party/FreeRTOS/Source/queue.o
 .text.prvUnlockQueue
                0x0800e2e0       0xa4 ./Middlewares/Third_Party/FreeRTOS/Source/queue.o
 .text.prvIsQueueEmpty
                0x0800e384       0x2c ./Middlewares/Third_Party/FreeRTOS/Source/queue.o
 .text.prvIsQueueFull
                0x0800e3b0       0x30 ./Middlewares/Third_Party/FreeRTOS/Source/queue.o
 .text.vQueueAddToRegistry
                0x0800e3e0       0x54 ./Middlewares/Third_Party/FreeRTOS/Source/queue.o
                0x0800e3e0                vQueueAddToRegistry
 .text.vQueueWaitForMessageRestricted
                0x0800e434       0x68 ./Middlewares/Third_Party/FreeRTOS/Source/queue.o
                0x0800e434                vQueueWaitForMessageRestricted
 .text.xTaskCreateStatic
                0x0800e49c       0xc0 ./Middlewares/Third_Party/FreeRTOS/Source/tasks.o
                0x0800e49c                xTaskCreateStatic
 .text.xTaskCreate
                0x0800e55c       0x8a ./Middlewares/Third_Party/FreeRTOS/Source/tasks.o
                0x0800e55c                xTaskCreate
 *fill*         0x0800e5e6        0x2 
 .text.prvInitialiseNewTask
                0x0800e5e8      0x150 ./Middlewares/Third_Party/FreeRTOS/Source/tasks.o
 .text.prvAddNewTaskToReadyList
                0x0800e738       0xe0 ./Middlewares/Third_Party/FreeRTOS/Source/tasks.o
 .text.vTaskDelay
                0x0800e818       0x6c ./Middlewares/Third_Party/FreeRTOS/Source/tasks.o
                0x0800e818                vTaskDelay
 .text.vTaskStartScheduler
                0x0800e884       0xe0 ./Middlewares/Third_Party/FreeRTOS/Source/tasks.o
                0x0800e884                vTaskStartScheduler
 .text.vTaskSuspendAll
                0x0800e964       0x1c ./Middlewares/Third_Party/FreeRTOS/Source/tasks.o
                0x0800e964                vTaskSuspendAll
 .text.xTaskResumeAll
                0x0800e980      0x13c ./Middlewares/Third_Party/FreeRTOS/Source/tasks.o
                0x0800e980                xTaskResumeAll
 .text.xTaskGetTickCount
                0x0800eabc       0x20 ./Middlewares/Third_Party/FreeRTOS/Source/tasks.o
                0x0800eabc                xTaskGetTickCount
 .text.xTaskIncrementTick
                0x0800eadc      0x174 ./Middlewares/Third_Party/FreeRTOS/Source/tasks.o
                0x0800eadc                xTaskIncrementTick
 .text.vTaskSwitchContext
                0x0800ec50       0xcc ./Middlewares/Third_Party/FreeRTOS/Source/tasks.o
                0x0800ec50                vTaskSwitchContext
 .text.vTaskPlaceOnEventList
                0x0800ed1c       0x4c ./Middlewares/Third_Party/FreeRTOS/Source/tasks.o
                0x0800ed1c                vTaskPlaceOnEventList
 .text.vTaskPlaceOnEventListRestricted
                0x0800ed68       0x58 ./Middlewares/Third_Party/FreeRTOS/Source/tasks.o
                0x0800ed68                vTaskPlaceOnEventListRestricted
 .text.xTaskRemoveFromEventList
                0x0800edc0       0xc8 ./Middlewares/Third_Party/FreeRTOS/Source/tasks.o
                0x0800edc0                xTaskRemoveFromEventList
 .text.vTaskInternalSetTimeOutState
                0x0800ee88       0x2c ./Middlewares/Third_Party/FreeRTOS/Source/tasks.o
                0x0800ee88                vTaskInternalSetTimeOutState
 .text.xTaskCheckForTimeOut
                0x0800eeb4       0xc8 ./Middlewares/Third_Party/FreeRTOS/Source/tasks.o
                0x0800eeb4                xTaskCheckForTimeOut
 .text.vTaskMissedYield
                0x0800ef7c       0x18 ./Middlewares/Third_Party/FreeRTOS/Source/tasks.o
                0x0800ef7c                vTaskMissedYield
 .text.prvIdleTask
                0x0800ef94       0x30 ./Middlewares/Third_Party/FreeRTOS/Source/tasks.o
 .text.prvInitialiseTaskLists
                0x0800efc4       0x80 ./Middlewares/Third_Party/FreeRTOS/Source/tasks.o
 .text.prvCheckTasksWaitingTermination
                0x0800f044       0x5c ./Middlewares/Third_Party/FreeRTOS/Source/tasks.o
 .text.prvDeleteTCB
                0x0800f0a0       0x6a ./Middlewares/Third_Party/FreeRTOS/Source/tasks.o
 *fill*         0x0800f10a        0x2 
 .text.prvResetNextTaskUnblockTime
                0x0800f10c       0x40 ./Middlewares/Third_Party/FreeRTOS/Source/tasks.o
 .text.xTaskGetSchedulerState
                0x0800f14c       0x3c ./Middlewares/Third_Party/FreeRTOS/Source/tasks.o
                0x0800f14c                xTaskGetSchedulerState
 .text.xTaskPriorityDisinherit
                0x0800f188       0xe0 ./Middlewares/Third_Party/FreeRTOS/Source/tasks.o
                0x0800f188                xTaskPriorityDisinherit
 .text.xTaskNotifyWait
                0x0800f268       0xc0 ./Middlewares/Third_Party/FreeRTOS/Source/tasks.o
                0x0800f268                xTaskNotifyWait
 .text.xTaskGenericNotify
                0x0800f328      0x184 ./Middlewares/Third_Party/FreeRTOS/Source/tasks.o
                0x0800f328                xTaskGenericNotify
 .text.xTaskGenericNotifyFromISR
                0x0800f4ac      0x1cc ./Middlewares/Third_Party/FreeRTOS/Source/tasks.o
                0x0800f4ac                xTaskGenericNotifyFromISR
 .text.prvAddCurrentTaskToDelayedList
                0x0800f678       0xa8 ./Middlewares/Third_Party/FreeRTOS/Source/tasks.o
 .text.xTimerCreateTimerTask
                0x0800f720       0x94 ./Middlewares/Third_Party/FreeRTOS/Source/timers.o
                0x0800f720                xTimerCreateTimerTask
 .text.xTimerGenericCommand
                0x0800f7b4       0x9c ./Middlewares/Third_Party/FreeRTOS/Source/timers.o
                0x0800f7b4                xTimerGenericCommand
 .text.prvProcessExpiredTimer
                0x0800f850       0x9c ./Middlewares/Third_Party/FreeRTOS/Source/timers.o
 .text.prvTimerTask
                0x0800f8ec       0x26 ./Middlewares/Third_Party/FreeRTOS/Source/timers.o
 *fill*         0x0800f912        0x2 
 .text.prvProcessTimerOrBlockTask
                0x0800f914       0x9c ./Middlewares/Third_Party/FreeRTOS/Source/timers.o
 .text.prvGetNextExpireTime
                0x0800f9b0       0x48 ./Middlewares/Third_Party/FreeRTOS/Source/timers.o
 .text.prvSampleTimeNow
                0x0800f9f8       0x40 ./Middlewares/Third_Party/FreeRTOS/Source/timers.o
 .text.prvInsertTimerInActiveList
                0x0800fa38       0x84 ./Middlewares/Third_Party/FreeRTOS/Source/timers.o
 .text.prvProcessReceivedCommands
                0x0800fabc      0x1cc ./Middlewares/Third_Party/FreeRTOS/Source/timers.o
 .text.prvSwitchTimerLists
                0x0800fc88       0xcc ./Middlewares/Third_Party/FreeRTOS/Source/timers.o
 .text.prvCheckForValidListAndQueue
                0x0800fd54       0x80 ./Middlewares/Third_Party/FreeRTOS/Source/timers.o
 .text.pxPortInitialiseStack
                0x0800fdd4       0x68 ./Middlewares/Third_Party/FreeRTOS/Source/portable/GCC/ARM_CM4F/port.o
                0x0800fdd4                pxPortInitialiseStack
 .text.prvTaskExitError
                0x0800fe3c       0x5c ./Middlewares/Third_Party/FreeRTOS/Source/portable/GCC/ARM_CM4F/port.o
 *fill*         0x0800fe98        0x8 
 .text.SVC_Handler
                0x0800fea0       0x28 ./Middlewares/Third_Party/FreeRTOS/Source/portable/GCC/ARM_CM4F/port.o
                0x0800fea0                SVC_Handler
 .text.prvPortStartFirstTask
                0x0800fec8       0x28 ./Middlewares/Third_Party/FreeRTOS/Source/portable/GCC/ARM_CM4F/port.o
 .text.xPortStartScheduler
                0x0800fef0      0x148 ./Middlewares/Third_Party/FreeRTOS/Source/portable/GCC/ARM_CM4F/port.o
                0x0800fef0                xPortStartScheduler
 .text.vPortEnterCritical
                0x08010038       0x64 ./Middlewares/Third_Party/FreeRTOS/Source/portable/GCC/ARM_CM4F/port.o
                0x08010038                vPortEnterCritical
 .text.vPortExitCritical
                0x0801009c       0x54 ./Middlewares/Third_Party/FreeRTOS/Source/portable/GCC/ARM_CM4F/port.o
                0x0801009c                vPortExitCritical
 .text.PendSV_Handler
                0x080100f0       0x68 ./Middlewares/Third_Party/FreeRTOS/Source/portable/GCC/ARM_CM4F/port.o
                0x080100f0                PendSV_Handler
 .text.xPortSysTickHandler
                0x08010158       0x44 ./Middlewares/Third_Party/FreeRTOS/Source/portable/GCC/ARM_CM4F/port.o
                0x08010158                xPortSysTickHandler
 .text.vPortSetupTimerInterrupt
                0x0801019c       0x48 ./Middlewares/Third_Party/FreeRTOS/Source/portable/GCC/ARM_CM4F/port.o
                0x0801019c                vPortSetupTimerInterrupt
 .text.vPortEnableVFP
                0x080101e4       0x14 ./Middlewares/Third_Party/FreeRTOS/Source/portable/GCC/ARM_CM4F/port.o
 .text.vPortValidateInterruptPriority
                0x080101f8       0x84 ./Middlewares/Third_Party/FreeRTOS/Source/portable/GCC/ARM_CM4F/port.o
                0x080101f8                vPortValidateInterruptPriority
 .text.pvPortMalloc
                0x0801027c      0x19c ./Middlewares/Third_Party/FreeRTOS/Source/portable/MemMang/heap_4.o
                0x0801027c                pvPortMalloc
 .text.vPortFree
                0x08010418       0xc8 ./Middlewares/Third_Party/FreeRTOS/Source/portable/MemMang/heap_4.o
                0x08010418                vPortFree
 .text.prvHeapInit
                0x080104e0       0xc4 ./Middlewares/Third_Party/FreeRTOS/Source/portable/MemMang/heap_4.o
 .text.prvInsertBlockIntoFreeList
                0x080105a4       0xb4 ./Middlewares/Third_Party/FreeRTOS/Source/portable/MemMang/heap_4.o
 .text.MX_USB_Device_Init
                0x08010658       0x60 ./USB_Device/App/usb_device.o
                0x08010658                MX_USB_Device_Init
 .text.CDC_Init_FS
                0x080106b8       0x28 ./USB_Device/App/usbd_cdc_if.o
 .text.CDC_DeInit_FS
                0x080106e0       0x10 ./USB_Device/App/usbd_cdc_if.o
 .text.CDC_Control_FS
                0x080106f0       0xbc ./USB_Device/App/usbd_cdc_if.o
 .text.CDC_Receive_FS
                0x080107ac       0x44 ./USB_Device/App/usbd_cdc_if.o
 .text.CDC_TransmitCplt_FS
                0x080107f0       0x22 ./USB_Device/App/usbd_cdc_if.o
 *fill*         0x08010812        0x2 
 .text.USBD_CDC_DeviceDescriptor
                0x08010814       0x24 ./USB_Device/App/usbd_desc.o
                0x08010814                USBD_CDC_DeviceDescriptor
 .text.USBD_CDC_LangIDStrDescriptor
                0x08010838       0x24 ./USB_Device/App/usbd_desc.o
                0x08010838                USBD_CDC_LangIDStrDescriptor
 .text.USBD_CDC_ProductStrDescriptor
                0x0801085c       0x3c ./USB_Device/App/usbd_desc.o
                0x0801085c                USBD_CDC_ProductStrDescriptor
 .text.USBD_CDC_ManufacturerStrDescriptor
                0x08010898       0x28 ./USB_Device/App/usbd_desc.o
                0x08010898                USBD_CDC_ManufacturerStrDescriptor
 .text.USBD_CDC_SerialStrDescriptor
                0x080108c0       0x24 ./USB_Device/App/usbd_desc.o
                0x080108c0                USBD_CDC_SerialStrDescriptor
 .text.USBD_CDC_ConfigStrDescriptor
                0x080108e4       0x3c ./USB_Device/App/usbd_desc.o
                0x080108e4                USBD_CDC_ConfigStrDescriptor
 .text.USBD_CDC_InterfaceStrDescriptor
                0x08010920       0x3c ./USB_Device/App/usbd_desc.o
                0x08010920                USBD_CDC_InterfaceStrDescriptor
 .text.Get_SerialNum
                0x0801095c       0x58 ./USB_Device/App/usbd_desc.o
 .text.IntToUnicode
                0x080109b4       0x7e ./USB_Device/App/usbd_desc.o
 *fill*         0x08010a32        0x2 
 .text.HAL_PCD_MspInit
                0x08010a34       0x78 ./USB_Device/Target/usbd_conf.o
                0x08010a34                HAL_PCD_MspInit
 .text.HAL_PCD_SetupStageCallback
                0x08010aac       0x24 ./USB_Device/Target/usbd_conf.o
                0x08010aac                HAL_PCD_SetupStageCallback
 .text.HAL_PCD_DataOutStageCallback
                0x08010ad0       0x36 ./USB_Device/Target/usbd_conf.o
                0x08010ad0                HAL_PCD_DataOutStageCallback
 .text.HAL_PCD_DataInStageCallback
                0x08010b06       0x34 ./USB_Device/Target/usbd_conf.o
                0x08010b06                HAL_PCD_DataInStageCallback
 .text.HAL_PCD_SOFCallback
                0x08010b3a       0x1c ./USB_Device/Target/usbd_conf.o
                0x08010b3a                HAL_PCD_SOFCallback
 .text.HAL_PCD_ResetCallback
                0x08010b56       0x3c ./USB_Device/Target/usbd_conf.o
                0x08010b56                HAL_PCD_ResetCallback
 *fill*         0x08010b92        0x2 
 .text.HAL_PCD_SuspendCallback
                0x08010b94       0x34 ./USB_Device/Target/usbd_conf.o
                0x08010b94                HAL_PCD_SuspendCallback
 .text.HAL_PCD_ResumeCallback
                0x08010bc8       0x38 ./USB_Device/Target/usbd_conf.o
                0x08010bc8                HAL_PCD_ResumeCallback
 .text.USBD_LL_Init
                0x08010c00       0xc0 ./USB_Device/Target/usbd_conf.o
                0x08010c00                USBD_LL_Init
 .text.USBD_LL_Start
                0x08010cc0       0x36 ./USB_Device/Target/usbd_conf.o
                0x08010cc0                USBD_LL_Start
 .text.USBD_LL_OpenEP
                0x08010cf6       0x4c ./USB_Device/Target/usbd_conf.o
                0x08010cf6                USBD_LL_OpenEP
 .text.USBD_LL_CloseEP
                0x08010d42       0x3e ./USB_Device/Target/usbd_conf.o
                0x08010d42                USBD_LL_CloseEP
 .text.USBD_LL_StallEP
                0x08010d80       0x3e ./USB_Device/Target/usbd_conf.o
                0x08010d80                USBD_LL_StallEP
 .text.USBD_LL_ClearStallEP
                0x08010dbe       0x3e ./USB_Device/Target/usbd_conf.o
                0x08010dbe                USBD_LL_ClearStallEP
 .text.USBD_LL_IsStallEP
                0x08010dfc       0x58 ./USB_Device/Target/usbd_conf.o
                0x08010dfc                USBD_LL_IsStallEP
 .text.USBD_LL_SetUSBAddress
                0x08010e54       0x3e ./USB_Device/Target/usbd_conf.o
                0x08010e54                USBD_LL_SetUSBAddress
 .text.USBD_LL_Transmit
                0x08010e92       0x42 ./USB_Device/Target/usbd_conf.o
                0x08010e92                USBD_LL_Transmit
 .text.USBD_LL_PrepareReceive
                0x08010ed4       0x42 ./USB_Device/Target/usbd_conf.o
                0x08010ed4                USBD_LL_PrepareReceive
 .text.USBD_LL_GetRxDataSize
                0x08010f16       0x26 ./USB_Device/Target/usbd_conf.o
                0x08010f16                USBD_LL_GetRxDataSize
 .text.HAL_PCDEx_LPM_Callback
                0x08010f3c       0x6c ./USB_Device/Target/usbd_conf.o
                0x08010f3c                HAL_PCDEx_LPM_Callback
 .text.USBD_static_malloc
                0x08010fa8       0x1c ./USB_Device/Target/usbd_conf.o
                0x08010fa8                USBD_static_malloc
 .text.USBD_static_free
                0x08010fc4       0x14 ./USB_Device/Target/usbd_conf.o
                0x08010fc4                USBD_static_free
 .text.SystemClockConfig_Resume
                0x08010fd8        0xc ./USB_Device/Target/usbd_conf.o
 .text.USBD_Get_USB_Status
                0x08010fe4       0x58 ./USB_Device/Target/usbd_conf.o
 .text.malloc   0x0801103c       0x10 C:/ST/STM32CubeIDE_1.16.1/STM32CubeIDE/plugins/com.st.stm32cube.ide.mcu.externaltools.gnu-tools-for-stm32.12.3.rel1.win32_1.0.200.202406191623/tools/bin/../lib/gcc/arm-none-eabi/12.3.1/../../../../arm-none-eabi/lib/thumb/v7e-m+fp/hard\libc_nano.a(libc_a-malloc.o)
                0x0801103c                malloc
 .text.sbrk_aligned
                0x0801104c       0x44 C:/ST/STM32CubeIDE_1.16.1/STM32CubeIDE/plugins/com.st.stm32cube.ide.mcu.externaltools.gnu-tools-for-stm32.12.3.rel1.win32_1.0.200.202406191623/tools/bin/../lib/gcc/arm-none-eabi/12.3.1/../../../../arm-none-eabi/lib/thumb/v7e-m+fp/hard\libc_nano.a(libc_a-mallocr.o)
 .text._malloc_r
                0x08011090      0x100 C:/ST/STM32CubeIDE_1.16.1/STM32CubeIDE/plugins/com.st.stm32cube.ide.mcu.externaltools.gnu-tools-for-stm32.12.3.rel1.win32_1.0.200.202406191623/tools/bin/../lib/gcc/arm-none-eabi/12.3.1/../../../../arm-none-eabi/lib/thumb/v7e-m+fp/hard\libc_nano.a(libc_a-mallocr.o)
                0x08011090                _malloc_r
 .text.__malloc_lock
                0x08011190        0xc C:/ST/STM32CubeIDE_1.16.1/STM32CubeIDE/plugins/com.st.stm32cube.ide.mcu.externaltools.gnu-tools-for-stm32.12.3.rel1.win32_1.0.200.202406191623/tools/bin/../lib/gcc/arm-none-eabi/12.3.1/../../../../arm-none-eabi/lib/thumb/v7e-m+fp/hard\libc_nano.a(libc_a-mlock.o)
                0x08011190                __malloc_lock
 .text.__malloc_unlock
                0x0801119c        0xc C:/ST/STM32CubeIDE_1.16.1/STM32CubeIDE/plugins/com.st.stm32cube.ide.mcu.externaltools.gnu-tools-for-stm32.12.3.rel1.win32_1.0.200.202406191623/tools/bin/../lib/gcc/arm-none-eabi/12.3.1/../../../../arm-none-eabi/lib/thumb/v7e-m+fp/hard\libc_nano.a(libc_a-mlock.o)
                0x0801119c                __malloc_unlock
 .text.std      0x080111a8       0x6c C:/ST/STM32CubeIDE_1.16.1/STM32CubeIDE/plugins/com.st.stm32cube.ide.mcu.externaltools.gnu-tools-for-stm32.12.3.rel1.win32_1.0.200.202406191623/tools/bin/../lib/gcc/arm-none-eabi/12.3.1/../../../../arm-none-eabi/lib/thumb/v7e-m+fp/hard\libc_nano.a(libc_a-findfp.o)
 .text.stdio_exit_handler
                0x08011214       0x18 C:/ST/STM32CubeIDE_1.16.1/STM32CubeIDE/plugins/com.st.stm32cube.ide.mcu.externaltools.gnu-tools-for-stm32.12.3.rel1.win32_1.0.200.202406191623/tools/bin/../lib/gcc/arm-none-eabi/12.3.1/../../../../arm-none-eabi/lib/thumb/v7e-m+fp/hard\libc_nano.a(libc_a-findfp.o)
 .text.cleanup_stdio
                0x0801122c       0x40 C:/ST/STM32CubeIDE_1.16.1/STM32CubeIDE/plugins/com.st.stm32cube.ide.mcu.externaltools.gnu-tools-for-stm32.12.3.rel1.win32_1.0.200.202406191623/tools/bin/../lib/gcc/arm-none-eabi/12.3.1/../../../../arm-none-eabi/lib/thumb/v7e-m+fp/hard\libc_nano.a(libc_a-findfp.o)
 .text.global_stdio_init.part.0
                0x0801126c       0x3c C:/ST/STM32CubeIDE_1.16.1/STM32CubeIDE/plugins/com.st.stm32cube.ide.mcu.externaltools.gnu-tools-for-stm32.12.3.rel1.win32_1.0.200.202406191623/tools/bin/../lib/gcc/arm-none-eabi/12.3.1/../../../../arm-none-eabi/lib/thumb/v7e-m+fp/hard\libc_nano.a(libc_a-findfp.o)
 .text.__sfp_lock_acquire
                0x080112a8        0xc C:/ST/STM32CubeIDE_1.16.1/STM32CubeIDE/plugins/com.st.stm32cube.ide.mcu.externaltools.gnu-tools-for-stm32.12.3.rel1.win32_1.0.200.202406191623/tools/bin/../lib/gcc/arm-none-eabi/12.3.1/../../../../arm-none-eabi/lib/thumb/v7e-m+fp/hard\libc_nano.a(libc_a-findfp.o)
                0x080112a8                __sfp_lock_acquire
 .text.__sfp_lock_release
                0x080112b4        0xc C:/ST/STM32CubeIDE_1.16.1/STM32CubeIDE/plugins/com.st.stm32cube.ide.mcu.externaltools.gnu-tools-for-stm32.12.3.rel1.win32_1.0.200.202406191623/tools/bin/../lib/gcc/arm-none-eabi/12.3.1/../../../../arm-none-eabi/lib/thumb/v7e-m+fp/hard\libc_nano.a(libc_a-findfp.o)
                0x080112b4                __sfp_lock_release
 .text.__sinit  0x080112c0       0x30 C:/ST/STM32CubeIDE_1.16.1/STM32CubeIDE/plugins/com.st.stm32cube.ide.mcu.externaltools.gnu-tools-for-stm32.12.3.rel1.win32_1.0.200.202406191623/tools/bin/../lib/gcc/arm-none-eabi/12.3.1/../../../../arm-none-eabi/lib/thumb/v7e-m+fp/hard\libc_nano.a(libc_a-findfp.o)
                0x080112c0                __sinit
 .text._fwalk_sglue
                0x080112f0       0x3c C:/ST/STM32CubeIDE_1.16.1/STM32CubeIDE/plugins/com.st.stm32cube.ide.mcu.externaltools.gnu-tools-for-stm32.12.3.rel1.win32_1.0.200.202406191623/tools/bin/../lib/gcc/arm-none-eabi/12.3.1/../../../../arm-none-eabi/lib/thumb/v7e-m+fp/hard\libc_nano.a(libc_a-fwalk.o)
                0x080112f0                _fwalk_sglue
 .text.printf   0x0801132c       0x24 C:/ST/STM32CubeIDE_1.16.1/STM32CubeIDE/plugins/com.st.stm32cube.ide.mcu.externaltools.gnu-tools-for-stm32.12.3.rel1.win32_1.0.200.202406191623/tools/bin/../lib/gcc/arm-none-eabi/12.3.1/../../../../arm-none-eabi/lib/thumb/v7e-m+fp/hard\libc_nano.a(libc_a-printf.o)
                0x0801132c                iprintf
                0x0801132c                printf
 .text._puts_r  0x08011350       0xaa C:/ST/STM32CubeIDE_1.16.1/STM32CubeIDE/plugins/com.st.stm32cube.ide.mcu.externaltools.gnu-tools-for-stm32.12.3.rel1.win32_1.0.200.202406191623/tools/bin/../lib/gcc/arm-none-eabi/12.3.1/../../../../arm-none-eabi/lib/thumb/v7e-m+fp/hard\libc_nano.a(libc_a-puts.o)
                0x08011350                _puts_r
 *fill*         0x080113fa        0x2 
 .text.puts     0x080113fc       0x10 C:/ST/STM32CubeIDE_1.16.1/STM32CubeIDE/plugins/com.st.stm32cube.ide.mcu.externaltools.gnu-tools-for-stm32.12.3.rel1.win32_1.0.200.202406191623/tools/bin/../lib/gcc/arm-none-eabi/12.3.1/../../../../arm-none-eabi/lib/thumb/v7e-m+fp/hard\libc_nano.a(libc_a-puts.o)
                0x080113fc                puts
 .text.sprintf  0x0801140c       0x40 C:/ST/STM32CubeIDE_1.16.1/STM32CubeIDE/plugins/com.st.stm32cube.ide.mcu.externaltools.gnu-tools-for-stm32.12.3.rel1.win32_1.0.200.202406191623/tools/bin/../lib/gcc/arm-none-eabi/12.3.1/../../../../arm-none-eabi/lib/thumb/v7e-m+fp/hard\libc_nano.a(libc_a-sprintf.o)
                0x0801140c                siprintf
                0x0801140c                sprintf
 .text.__sread  0x0801144c       0x22 C:/ST/STM32CubeIDE_1.16.1/STM32CubeIDE/plugins/com.st.stm32cube.ide.mcu.externaltools.gnu-tools-for-stm32.12.3.rel1.win32_1.0.200.202406191623/tools/bin/../lib/gcc/arm-none-eabi/12.3.1/../../../../arm-none-eabi/lib/thumb/v7e-m+fp/hard\libc_nano.a(libc_a-stdio.o)
                0x0801144c                __sread
 .text.__swrite
                0x0801146e       0x38 C:/ST/STM32CubeIDE_1.16.1/STM32CubeIDE/plugins/com.st.stm32cube.ide.mcu.externaltools.gnu-tools-for-stm32.12.3.rel1.win32_1.0.200.202406191623/tools/bin/../lib/gcc/arm-none-eabi/12.3.1/../../../../arm-none-eabi/lib/thumb/v7e-m+fp/hard\libc_nano.a(libc_a-stdio.o)
                0x0801146e                __swrite
 .text.__sseek  0x080114a6       0x24 C:/ST/STM32CubeIDE_1.16.1/STM32CubeIDE/plugins/com.st.stm32cube.ide.mcu.externaltools.gnu-tools-for-stm32.12.3.rel1.win32_1.0.200.202406191623/tools/bin/../lib/gcc/arm-none-eabi/12.3.1/../../../../arm-none-eabi/lib/thumb/v7e-m+fp/hard\libc_nano.a(libc_a-stdio.o)
                0x080114a6                __sseek
 .text.__sclose
                0x080114ca        0x8 C:/ST/STM32CubeIDE_1.16.1/STM32CubeIDE/plugins/com.st.stm32cube.ide.mcu.externaltools.gnu-tools-for-stm32.12.3.rel1.win32_1.0.200.202406191623/tools/bin/../lib/gcc/arm-none-eabi/12.3.1/../../../../arm-none-eabi/lib/thumb/v7e-m+fp/hard\libc_nano.a(libc_a-stdio.o)
                0x080114ca                __sclose
 .text.__swbuf_r
                0x080114d2       0x7c C:/ST/STM32CubeIDE_1.16.1/STM32CubeIDE/plugins/com.st.stm32cube.ide.mcu.externaltools.gnu-tools-for-stm32.12.3.rel1.win32_1.0.200.202406191623/tools/bin/../lib/gcc/arm-none-eabi/12.3.1/../../../../arm-none-eabi/lib/thumb/v7e-m+fp/hard\libc_nano.a(libc_a-wbuf.o)
                0x080114d2                __swbuf_r
 *fill*         0x0801154e        0x2 
 .text.__swsetup_r
                0x08011550       0xac C:/ST/STM32CubeIDE_1.16.1/STM32CubeIDE/plugins/com.st.stm32cube.ide.mcu.externaltools.gnu-tools-for-stm32.12.3.rel1.win32_1.0.200.202406191623/tools/bin/../lib/gcc/arm-none-eabi/12.3.1/../../../../arm-none-eabi/lib/thumb/v7e-m+fp/hard\libc_nano.a(libc_a-wsetup.o)
                0x08011550                __swsetup_r
 .text.memset   0x080115fc       0x10 C:/ST/STM32CubeIDE_1.16.1/STM32CubeIDE/plugins/com.st.stm32cube.ide.mcu.externaltools.gnu-tools-for-stm32.12.3.rel1.win32_1.0.200.202406191623/tools/bin/../lib/gcc/arm-none-eabi/12.3.1/../../../../arm-none-eabi/lib/thumb/v7e-m+fp/hard\libc_nano.a(libc_a-memset.o)
                0x080115fc                memset
 .text._close_r
                0x0801160c       0x20 C:/ST/STM32CubeIDE_1.16.1/STM32CubeIDE/plugins/com.st.stm32cube.ide.mcu.externaltools.gnu-tools-for-stm32.12.3.rel1.win32_1.0.200.202406191623/tools/bin/../lib/gcc/arm-none-eabi/12.3.1/../../../../arm-none-eabi/lib/thumb/v7e-m+fp/hard\libc_nano.a(libc_a-closer.o)
                0x0801160c                _close_r
 .text._reclaim_reent
                0x0801162c       0xac C:/ST/STM32CubeIDE_1.16.1/STM32CubeIDE/plugins/com.st.stm32cube.ide.mcu.externaltools.gnu-tools-for-stm32.12.3.rel1.win32_1.0.200.202406191623/tools/bin/../lib/gcc/arm-none-eabi/12.3.1/../../../../arm-none-eabi/lib/thumb/v7e-m+fp/hard\libc_nano.a(libc_a-reent.o)
                0x0801162c                _reclaim_reent
 .text._lseek_r
                0x080116d8       0x24 C:/ST/STM32CubeIDE_1.16.1/STM32CubeIDE/plugins/com.st.stm32cube.ide.mcu.externaltools.gnu-tools-for-stm32.12.3.rel1.win32_1.0.200.202406191623/tools/bin/../lib/gcc/arm-none-eabi/12.3.1/../../../../arm-none-eabi/lib/thumb/v7e-m+fp/hard\libc_nano.a(libc_a-lseekr.o)
                0x080116d8                _lseek_r
 .text._read_r  0x080116fc       0x24 C:/ST/STM32CubeIDE_1.16.1/STM32CubeIDE/plugins/com.st.stm32cube.ide.mcu.externaltools.gnu-tools-for-stm32.12.3.rel1.win32_1.0.200.202406191623/tools/bin/../lib/gcc/arm-none-eabi/12.3.1/../../../../arm-none-eabi/lib/thumb/v7e-m+fp/hard\libc_nano.a(libc_a-readr.o)
                0x080116fc                _read_r
 .text._sbrk_r  0x08011720       0x20 C:/ST/STM32CubeIDE_1.16.1/STM32CubeIDE/plugins/com.st.stm32cube.ide.mcu.externaltools.gnu-tools-for-stm32.12.3.rel1.win32_1.0.200.202406191623/tools/bin/../lib/gcc/arm-none-eabi/12.3.1/../../../../arm-none-eabi/lib/thumb/v7e-m+fp/hard\libc_nano.a(libc_a-sbrkr.o)
                0x08011720                _sbrk_r
 .text._write_r
                0x08011740       0x24 C:/ST/STM32CubeIDE_1.16.1/STM32CubeIDE/plugins/com.st.stm32cube.ide.mcu.externaltools.gnu-tools-for-stm32.12.3.rel1.win32_1.0.200.202406191623/tools/bin/../lib/gcc/arm-none-eabi/12.3.1/../../../../arm-none-eabi/lib/thumb/v7e-m+fp/hard\libc_nano.a(libc_a-writer.o)
                0x08011740                _write_r
 .text.__errno  0x08011764        0xc C:/ST/STM32CubeIDE_1.16.1/STM32CubeIDE/plugins/com.st.stm32cube.ide.mcu.externaltools.gnu-tools-for-stm32.12.3.rel1.win32_1.0.200.202406191623/tools/bin/../lib/gcc/arm-none-eabi/12.3.1/../../../../arm-none-eabi/lib/thumb/v7e-m+fp/hard\libc_nano.a(libc_a-errno.o)
                0x08011764                __errno
 .text.__libc_init_array
                0x08011770       0x48 C:/ST/STM32CubeIDE_1.16.1/STM32CubeIDE/plugins/com.st.stm32cube.ide.mcu.externaltools.gnu-tools-for-stm32.12.3.rel1.win32_1.0.200.202406191623/tools/bin/../lib/gcc/arm-none-eabi/12.3.1/../../../../arm-none-eabi/lib/thumb/v7e-m+fp/hard\libc_nano.a(libc_a-init.o)
                0x08011770                __libc_init_array
 .text.__retarget_lock_init_recursive
                0x080117b8        0x2 C:/ST/STM32CubeIDE_1.16.1/STM32CubeIDE/plugins/com.st.stm32cube.ide.mcu.externaltools.gnu-tools-for-stm32.12.3.rel1.win32_1.0.200.202406191623/tools/bin/../lib/gcc/arm-none-eabi/12.3.1/../../../../arm-none-eabi/lib/thumb/v7e-m+fp/hard\libc_nano.a(libc_a-lock.o)
                0x080117b8                __retarget_lock_init_recursive
 .text.__retarget_lock_acquire_recursive
                0x080117ba        0x2 C:/ST/STM32CubeIDE_1.16.1/STM32CubeIDE/plugins/com.st.stm32cube.ide.mcu.externaltools.gnu-tools-for-stm32.12.3.rel1.win32_1.0.200.202406191623/tools/bin/../lib/gcc/arm-none-eabi/12.3.1/../../../../arm-none-eabi/lib/thumb/v7e-m+fp/hard\libc_nano.a(libc_a-lock.o)
                0x080117ba                __retarget_lock_acquire_recursive
 .text.__retarget_lock_release_recursive
                0x080117bc        0x2 C:/ST/STM32CubeIDE_1.16.1/STM32CubeIDE/plugins/com.st.stm32cube.ide.mcu.externaltools.gnu-tools-for-stm32.12.3.rel1.win32_1.0.200.202406191623/tools/bin/../lib/gcc/arm-none-eabi/12.3.1/../../../../arm-none-eabi/lib/thumb/v7e-m+fp/hard\libc_nano.a(libc_a-lock.o)
                0x080117bc                __retarget_lock_release_recursive
 .text.memcpy   0x080117be       0x1c C:/ST/STM32CubeIDE_1.16.1/STM32CubeIDE/plugins/com.st.stm32cube.ide.mcu.externaltools.gnu-tools-for-stm32.12.3.rel1.win32_1.0.200.202406191623/tools/bin/../lib/gcc/arm-none-eabi/12.3.1/../../../../arm-none-eabi/lib/thumb/v7e-m+fp/hard\libc_nano.a(libc_a-memcpy-stub.o)
                0x080117be                memcpy
 *fill*         0x080117da        0x2 
 .text._free_r  0x080117dc       0x94 C:/ST/STM32CubeIDE_1.16.1/STM32CubeIDE/plugins/com.st.stm32cube.ide.mcu.externaltools.gnu-tools-for-stm32.12.3.rel1.win32_1.0.200.202406191623/tools/bin/../lib/gcc/arm-none-eabi/12.3.1/../../../../arm-none-eabi/lib/thumb/v7e-m+fp/hard\libc_nano.a(libc_a-freer.o)
                0x080117dc                _free_r
 .text.__ssputs_r
                0x08011870       0xb6 C:/ST/STM32CubeIDE_1.16.1/STM32CubeIDE/plugins/com.st.stm32cube.ide.mcu.externaltools.gnu-tools-for-stm32.12.3.rel1.win32_1.0.200.202406191623/tools/bin/../lib/gcc/arm-none-eabi/12.3.1/../../../../arm-none-eabi/lib/thumb/v7e-m+fp/hard\libc_nano.a(libc_a-nano-svfprintf.o)
                0x08011870                __ssputs_r
 *fill*         0x08011926        0x2 
 .text._svfprintf_r
                0x08011928      0x1f8 C:/ST/STM32CubeIDE_1.16.1/STM32CubeIDE/plugins/com.st.stm32cube.ide.mcu.externaltools.gnu-tools-for-stm32.12.3.rel1.win32_1.0.200.202406191623/tools/bin/../lib/gcc/arm-none-eabi/12.3.1/../../../../arm-none-eabi/lib/thumb/v7e-m+fp/hard\libc_nano.a(libc_a-nano-svfprintf.o)
                0x08011928                _svfiprintf_r
                0x08011928                _svfprintf_r
 .text.__sfputc_r
                0x08011b20       0x2e C:/ST/STM32CubeIDE_1.16.1/STM32CubeIDE/plugins/com.st.stm32cube.ide.mcu.externaltools.gnu-tools-for-stm32.12.3.rel1.win32_1.0.200.202406191623/tools/bin/../lib/gcc/arm-none-eabi/12.3.1/../../../../arm-none-eabi/lib/thumb/v7e-m+fp/hard\libc_nano.a(libc_a-nano-vfprintf.o)
 .text.__sfputs_r
                0x08011b4e       0x24 C:/ST/STM32CubeIDE_1.16.1/STM32CubeIDE/plugins/com.st.stm32cube.ide.mcu.externaltools.gnu-tools-for-stm32.12.3.rel1.win32_1.0.200.202406191623/tools/bin/../lib/gcc/arm-none-eabi/12.3.1/../../../../arm-none-eabi/lib/thumb/v7e-m+fp/hard\libc_nano.a(libc_a-nano-vfprintf.o)
                0x08011b4e                __sfputs_r
 *fill*         0x08011b72        0x2 
 .text._vfprintf_r
                0x08011b74      0x230 C:/ST/STM32CubeIDE_1.16.1/STM32CubeIDE/plugins/com.st.stm32cube.ide.mcu.externaltools.gnu-tools-for-stm32.12.3.rel1.win32_1.0.200.202406191623/tools/bin/../lib/gcc/arm-none-eabi/12.3.1/../../../../arm-none-eabi/lib/thumb/v7e-m+fp/hard\libc_nano.a(libc_a-nano-vfprintf.o)
                0x08011b74                _vfprintf_r
                0x08011b74                _vfiprintf_r
 .text._printf_common
                0x08011da4       0xda C:/ST/STM32CubeIDE_1.16.1/STM32CubeIDE/plugins/com.st.stm32cube.ide.mcu.externaltools.gnu-tools-for-stm32.12.3.rel1.win32_1.0.200.202406191623/tools/bin/../lib/gcc/arm-none-eabi/12.3.1/../../../../arm-none-eabi/lib/thumb/v7e-m+fp/hard\libc_nano.a(libc_a-nano-vfprintf_i.o)
                0x08011da4                _printf_common
 *fill*         0x08011e7e        0x2 
 .text._printf_i
                0x08011e80      0x240 C:/ST/STM32CubeIDE_1.16.1/STM32CubeIDE/plugins/com.st.stm32cube.ide.mcu.externaltools.gnu-tools-for-stm32.12.3.rel1.win32_1.0.200.202406191623/tools/bin/../lib/gcc/arm-none-eabi/12.3.1/../../../../arm-none-eabi/lib/thumb/v7e-m+fp/hard\libc_nano.a(libc_a-nano-vfprintf_i.o)
                0x08011e80                _printf_i
 .text.__sflush_r
                0x080120c0      0x108 C:/ST/STM32CubeIDE_1.16.1/STM32CubeIDE/plugins/com.st.stm32cube.ide.mcu.externaltools.gnu-tools-for-stm32.12.3.rel1.win32_1.0.200.202406191623/tools/bin/../lib/gcc/arm-none-eabi/12.3.1/../../../../arm-none-eabi/lib/thumb/v7e-m+fp/hard\libc_nano.a(libc_a-fflush.o)
                0x080120c0                __sflush_r
 .text._fflush_r
                0x080121c8       0x50 C:/ST/STM32CubeIDE_1.16.1/STM32CubeIDE/plugins/com.st.stm32cube.ide.mcu.externaltools.gnu-tools-for-stm32.12.3.rel1.win32_1.0.200.202406191623/tools/bin/../lib/gcc/arm-none-eabi/12.3.1/../../../../arm-none-eabi/lib/thumb/v7e-m+fp/hard\libc_nano.a(libc_a-fflush.o)
                0x080121c8                _fflush_r
 .text.__swhatbuf_r