../Drivers/CMSIS/Include/core_cm4.h:2059:26:ITM_SendChar	16	static,ignoring_inline_asm
../Core/Src/main.c:186:5:_write	32	static
../Core/Src/main.c:199:6:USB_CDC_RxHandler	16	static
../Core/Src/main.c:207:6:HAL_ADC_ConvCpltCallback	16	static
../Core/Src/main.c:212:6:HAL_SPI_RxCpltCallback	88	static
../Core/Src/main.c:258:6:HAL_SPI_TxRxCpltCallback	24	static
../Core/Src/main.c:276:6:HAL_GPIO_EXTI_Callback	16	static
../Core/Src/main.c:282:10:micros	4	static
../Core/Src/main.c:286:10:millis	4	static
../Core/Src/main.c:296:5:main	8	static
../Core/Src/main.c:411:6:SystemClock_Config	88	static
../Core/Src/main.c:458:13:MX_ADC1_Init	56	static
../Core/Src/main.c:553:13:MX_CORDIC_Init	8	static
../Core/Src/main.c:579:13:MX_SPI1_Init	8	static
../Core/Src/main.c:618:13:MX_SPI2_Init	8	static
../Core/Src/main.c:657:13:MX_TIM1_Init	56	static
../Core/Src/main.c:708:13:MX_TIM2_Init	40	static
../Core/Src/main.c:753:13:MX_TIM3_Init	64	static
../Core/Src/main.c:817:13:MX_TIM4_Init	40	static
../Core/Src/main.c:863:13:MX_TIM8_Init	40	static
../Core/Src/main.c:908:13:MX_DMA_Init	24	static
../Core/Src/main.c:934:13:MX_GPIO_Init	40	static
../Core/Src/main.c:1022:6:strelkaCommsFn	24	static
../Core/Src/main.c:1066:6:powerSenseFn	104	static
../Core/Src/main.c:1107:6:stepperCtrlFn	240	static
../Core/Src/main.c:1287:6:stateMachineFn	16	static
../Core/Src/main.c:1330:6:sampleEncoderFn	40	static
../Core/Src/main.c:1379:6:HAL_TIM_PeriodElapsedCallback	16	static
../Core/Src/main.c:1415:6:Error_Handler	8	static,ignoring_inline_asm
