../Drivers/CMSIS/Include/core_cm4.h:2059:26:ITM_SendChar	16	static,ignoring_inline_asm
../Core/Src/main.c:193:5:_write	32	static
../Core/Src/main.c:206:6:USB_CDC_RxHandler	16	static
../Core/Src/main.c:214:6:HAL_ADC_ConvCpltCallback	16	static
../Core/Src/main.c:286:6:HAL_SPI_TxRxCpltCallback	40	static
../Core/Src/main.c:325:10:micros	4	static
../Core/Src/main.c:329:10:millis	4	static
../Core/Src/main.c:339:5:main	8	static
../Core/Src/main.c:454:6:SystemClock_Config	88	static
../Core/Src/main.c:501:13:MX_ADC1_Init	56	static
../Core/Src/main.c:596:13:MX_CORDIC_Init	8	static
../Core/Src/main.c:622:13:MX_SPI1_Init	8	static
../Core/Src/main.c:661:13:MX_SPI2_Init	8	static
../Core/Src/main.c:700:13:MX_TIM1_Init	56	static
../Core/Src/main.c:751:13:MX_TIM2_Init	40	static
../Core/Src/main.c:796:13:MX_TIM3_Init	64	static
../Core/Src/main.c:860:13:MX_TIM4_Init	40	static
../Core/Src/main.c:906:13:MX_TIM8_Init	40	static
../Core/Src/main.c:951:13:MX_DMA_Init	24	static
../Core/Src/main.c:977:13:MX_GPIO_Init	40	static
../Core/Src/main.c:1055:6:strelkaCommsFn	24	static
../Core/Src/main.c:1102:6:powerSenseFn	88	static
../Core/Src/main.c:1143:6:stepperCtrlFn	240	static
../Core/Src/main.c:1320:6:stateMachineFn	16	static
../Core/Src/main.c:1363:6:sampleEncoderFn	40	static
../Core/Src/main.c:1413:6:HAL_TIM_PeriodElapsedCallback	16	static
../Core/Src/main.c:1449:6:Error_Handler	8	static,ignoring_inline_asm
