../Core/Src/main.c:141:5:_write	24	static
../Core/Src/main.c:146:6:USB_CDC_RxHandler	16	static
../Core/Src/main.c:163:5:main	8	static
../Core/Src/main.c:275:6:SystemClock_Config	88	static
../Core/Src/main.c:322:13:MX_ADC1_Init	56	static
../Core/Src/main.c:414:13:MX_CORDIC_Init	8	static
../Core/Src/main.c:440:13:MX_SPI1_Init	8	static
../Core/Src/main.c:479:13:MX_SPI2_Init	8	static
../Core/Src/main.c:519:13:MX_TIM1_Init	56	static
../Core/Src/main.c:570:13:MX_TIM3_Init	64	static
../Core/Src/main.c:633:13:MX_TIM4_Init	40	static
../Core/Src/main.c:677:13:MX_DMA_Init	16	static
../Core/Src/main.c:696:13:MX_GPIO_Init	40	static
../Core/Src/main.c:781:6:strelkaCommsFn	16	static
../Core/Src/main.c:806:6:powerSenseFn	16	static
../Core/Src/main.c:833:6:stepperCtrlFn	136	static
../Core/Src/main.c:903:6:stateMachineFn	16	static
../Core/Src/main.c:921:6:decodeUSBFn	16	static
../Core/Src/main.c:941:6:HAL_TIM_PeriodElapsedCallback	16	static
../Core/Src/main.c:961:6:Error_Handler	4	static,ignoring_inline_asm
