../Drivers/CMSIS/Include/core_cm4.h:2059:26:ITM_SendChar	16	static,ignoring_inline_asm
../Core/Src/main.c:191:5:_write	32	static
../Core/Src/main.c:204:6:USB_CDC_RxHandler	16	static
../Core/Src/main.c:212:6:HAL_ADC_ConvCpltCallback	16	static
../Core/Src/main.c:220:10:micros	4	static
../Core/Src/main.c:224:10:millis	4	static
../Core/Src/main.c:234:5:main	8	static
../Core/Src/main.c:352:6:SystemClock_Config	88	static
../Core/Src/main.c:399:13:MX_ADC1_Init	56	static
../Core/Src/main.c:494:13:MX_SPI1_Init	8	static
../Core/Src/main.c:533:13:MX_TIM1_Init	56	static
../Core/Src/main.c:584:13:MX_TIM2_Init	40	static
../Core/Src/main.c:629:13:MX_TIM3_Init	64	static
../Core/Src/main.c:693:13:MX_TIM4_Init	40	static
../Core/Src/main.c:739:13:MX_TIM8_Init	40	static
../Core/Src/main.c:786:13:MX_TIM15_Init	56	static
../Core/Src/main.c:849:13:MX_DMA_Init	16	static
../Core/Src/main.c:868:13:MX_GPIO_Init	40	static
../Core/Src/main.c:946:6:strelkaCommsFn	16	static
../Core/Src/main.c:968:6:powerSenseFn	88	static
../Core/Src/main.c:1009:6:stepperCtrlFn	224	static
../Core/Src/main.c:1189:6:stateMachineFn	16	static
../Core/Src/main.c:1232:6:sampleEncoderFn	40	static
../Core/Src/main.c:1282:6:HAL_TIM_PeriodElapsedCallback	16	static
../Core/Src/main.c:1318:6:Error_Handler	8	static,ignoring_inline_asm
