../Drivers/CMSIS/Include/core_cm4.h:2059:26:ITM_SendChar	16	static,ignoring_inline_asm
../Core/Src/main.c:169:5:_write	32	static
../Core/Src/main.c:182:6:USB_CDC_RxHandler	16	static
../Core/Src/main.c:190:6:HAL_ADC_ConvCpltCallback	16	static
../Core/Src/main.c:195:6:HAL_SPI_RxCpltCallback	88	static
../Core/Src/main.c:241:6:HAL_SPI_TxRxCpltCallback	16	static
../Core/Src/main.c:246:6:HAL_GPIO_EXTI_Callback	16	static
../Core/Src/main.c:252:10:millis	4	static
../Core/Src/main.c:261:5:main	8	static
../Core/Src/main.c:374:6:SystemClock_Config	88	static
../Core/Src/main.c:421:13:MX_ADC1_Init	56	static
../Core/Src/main.c:516:13:MX_CORDIC_Init	8	static
../Core/Src/main.c:542:13:MX_SPI1_Init	8	static
../Core/Src/main.c:581:13:MX_SPI2_Init	8	static
../Core/Src/main.c:620:13:MX_TIM1_Init	56	static
../Core/Src/main.c:671:13:MX_TIM2_Init	40	static
../Core/Src/main.c:716:13:MX_TIM3_Init	64	static
../Core/Src/main.c:780:13:MX_TIM4_Init	40	static
../Core/Src/main.c:824:13:MX_DMA_Init	16	static
../Core/Src/main.c:843:13:MX_GPIO_Init	40	static
../Core/Src/main.c:931:6:strelkaCommsFn	16	static
../Core/Src/main.c:964:6:powerSenseFn	104	static
../Core/Src/main.c:1005:6:stepperCtrlFn	136	static
../Core/Src/main.c:1163:6:stateMachineFn	16	static
../Core/Src/main.c:1206:6:decodeUSBFn	16	static
../Core/Src/main.c:1226:6:HAL_TIM_PeriodElapsedCallback	16	static
../Core/Src/main.c:1262:6:Error_Handler	8	static,ignoring_inline_asm
