../Drivers/CMSIS/Include/core_cm4.h:2059:26:ITM_SendChar	16	static,ignoring_inline_asm
../Core/Src/main.c:147:5:_write	32	static
../Core/Src/main.c:160:6:USB_CDC_RxHandler	16	static
../Core/Src/main.c:170:6:HAL_ADC_ConvCpltCallback	16	static
../Core/Src/main.c:182:5:main	8	static
../Core/Src/main.c:294:6:SystemClock_Config	88	static
../Core/Src/main.c:341:13:MX_ADC1_Init	56	static
../Core/Src/main.c:436:13:MX_CORDIC_Init	8	static
../Core/Src/main.c:462:13:MX_SPI1_Init	8	static
../Core/Src/main.c:501:13:MX_SPI2_Init	8	static
../Core/Src/main.c:541:13:MX_TIM1_Init	56	static
../Core/Src/main.c:592:13:MX_TIM3_Init	64	static
../Core/Src/main.c:656:13:MX_TIM4_Init	40	static
../Core/Src/main.c:700:13:MX_DMA_Init	16	static
../Core/Src/main.c:719:13:MX_GPIO_Init	40	static
../Core/Src/main.c:797:6:strelkaCommsFn	16	static
../Core/Src/main.c:822:6:powerSenseFn	120	static
../Core/Src/main.c:868:6:stepperCtrlFn	136	static
../Core/Src/main.c:947:6:stateMachineFn	16	static
../Core/Src/main.c:990:6:decodeUSBFn	16	static
../Core/Src/main.c:1010:6:HAL_TIM_PeriodElapsedCallback	16	static
../Core/Src/main.c:1033:6:Error_Handler	8	static,ignoring_inline_asm
