../Drivers/CMSIS/Include/core_cm4.h:2059:26:ITM_SendChar	16	static,ignoring_inline_asm
../Core/Src/main.c:152:5:_write	32	static
../Core/Src/main.c:165:6:USB_CDC_RxHandler	16	static
../Core/Src/main.c:175:6:HAL_ADC_ConvCpltCallback	16	static
../Core/Src/main.c:181:6:HAL_SPI_RxCpltCallback	16	static
../Core/Src/main.c:192:5:main	8	static
../Core/Src/main.c:304:6:SystemClock_Config	88	static
../Core/Src/main.c:351:13:MX_ADC1_Init	56	static
../Core/Src/main.c:446:13:MX_CORDIC_Init	8	static
../Core/Src/main.c:472:13:MX_SPI1_Init	8	static
../Core/Src/main.c:511:13:MX_SPI2_Init	8	static
../Core/Src/main.c:550:13:MX_TIM1_Init	56	static
../Core/Src/main.c:601:13:MX_TIM3_Init	64	static
../Core/Src/main.c:665:13:MX_TIM4_Init	40	static
../Core/Src/main.c:709:13:MX_DMA_Init	16	static
../Core/Src/main.c:728:13:MX_GPIO_Init	40	static
../Core/Src/main.c:806:6:strelkaCommsFn	16	static
../Core/Src/main.c:835:6:powerSenseFn	104	static
../Core/Src/main.c:881:6:stepperCtrlFn	136	static
../Core/Src/main.c:966:6:stateMachineFn	16	static
../Core/Src/main.c:1009:6:decodeUSBFn	16	static
../Core/Src/main.c:1029:6:HAL_TIM_PeriodElapsedCallback	16	static
../Core/Src/main.c:1052:6:Error_Handler	8	static,ignoring_inline_asm
