../Drivers/CMSIS/Include/core_cm4.h:2059:26:ITM_SendChar	16	static,ignoring_inline_asm
../Core/Src/main.c:188:5:_write	32	static
../Core/Src/main.c:201:6:USB_CDC_RxHandler	16	static
../Core/Src/main.c:209:6:HAL_ADC_ConvCpltCallback	16	static
../Core/Src/main.c:217:6:HAL_SPI_RxCpltCallback	88	static
../Core/Src/main.c:263:6:HAL_SPI_TxRxCpltCallback	24	static
../Core/Src/main.c:281:6:HAL_GPIO_EXTI_Callback	16	static
../Core/Src/main.c:287:10:micros	4	static
../Core/Src/main.c:291:10:millis	4	static
../Core/Src/main.c:301:5:main	8	static
../Core/Src/main.c:416:6:SystemClock_Config	88	static
../Core/Src/main.c:463:13:MX_ADC1_Init	56	static
../Core/Src/main.c:558:13:MX_CORDIC_Init	8	static
../Core/Src/main.c:584:13:MX_SPI1_Init	8	static
../Core/Src/main.c:623:13:MX_SPI2_Init	8	static
../Core/Src/main.c:662:13:MX_TIM1_Init	56	static
../Core/Src/main.c:713:13:MX_TIM2_Init	40	static
../Core/Src/main.c:758:13:MX_TIM3_Init	64	static
../Core/Src/main.c:822:13:MX_TIM4_Init	40	static
../Core/Src/main.c:868:13:MX_TIM8_Init	40	static
../Core/Src/main.c:913:13:MX_DMA_Init	24	static
../Core/Src/main.c:939:13:MX_GPIO_Init	40	static
../Core/Src/main.c:1027:6:strelkaCommsFn	24	static
../Core/Src/main.c:1071:6:powerSenseFn	88	static
../Core/Src/main.c:1112:6:stepperCtrlFn	240	static
../Core/Src/main.c:1289:6:stateMachineFn	16	static
../Core/Src/main.c:1332:6:sampleEncoderFn	40	static
../Core/Src/main.c:1381:6:HAL_TIM_PeriodElapsedCallback	16	static
../Core/Src/main.c:1417:6:Error_Handler	8	static,ignoring_inline_asm
