../Core/Src/main.c:146:5:_write	24	static
../Core/Src/main.c:151:6:USB_CDC_RxHandler	16	static
../Core/Src/main.c:168:5:main	8	static
../Core/Src/main.c:280:6:SystemClock_Config	88	static
../Core/Src/main.c:327:13:MX_ADC1_Init	56	static
../Core/Src/main.c:419:13:MX_CORDIC_Init	8	static
../Core/Src/main.c:445:13:MX_SPI1_Init	8	static
../Core/Src/main.c:484:13:MX_SPI2_Init	8	static
../Core/Src/main.c:524:13:MX_TIM1_Init	56	static
../Core/Src/main.c:575:13:MX_TIM3_Init	64	static
../Core/Src/main.c:639:13:MX_TIM4_Init	40	static
../Core/Src/main.c:683:13:MX_DMA_Init	16	static
../Core/Src/main.c:702:13:MX_GPIO_Init	40	static
../Core/Src/main.c:780:6:strelkaCommsFn	16	static
../Core/Src/main.c:805:6:powerSenseFn	16	static
../Core/Src/main.c:832:6:stepperCtrlFn	136	static
../Core/Src/main.c:906:6:stateMachineFn	16	static
../Core/Src/main.c:946:6:decodeUSBFn	16	static
../Core/Src/main.c:966:6:HAL_TIM_PeriodElapsedCallback	16	static
../Core/Src/main.c:986:6:Error_Handler	4	static,ignoring_inline_asm
