../Drivers/CMSIS/Include/core_cm4.h:2059:26:ITM_SendChar	16	static,ignoring_inline_asm
../Core/Src/main.c:152:5:_write	32	static
../Core/Src/main.c:165:6:USB_CDC_RxHandler	16	static
../Core/Src/main.c:175:6:HAL_ADC_ConvCpltCallback	16	static
../Core/Src/main.c:181:6:HAL_SPI_TxRxCpltCallback	16	static
../Core/Src/main.c:186:6:HAL_GPIO_EXTI_Callback	16	static
../Core/Src/main.c:198:5:main	8	static
../Core/Src/main.c:310:6:SystemClock_Config	88	static
../Core/Src/main.c:357:13:MX_ADC1_Init	56	static
../Core/Src/main.c:452:13:MX_CORDIC_Init	8	static
../Core/Src/main.c:478:13:MX_SPI1_Init	8	static
../Core/Src/main.c:517:13:MX_SPI2_Init	8	static
../Core/Src/main.c:556:13:MX_TIM1_Init	56	static
../Core/Src/main.c:607:13:MX_TIM3_Init	64	static
../Core/Src/main.c:671:13:MX_TIM4_Init	40	static
../Core/Src/main.c:715:13:MX_DMA_Init	16	static
../Core/Src/main.c:734:13:MX_GPIO_Init	40	static
../Core/Src/main.c:822:6:strelkaCommsFn	16	static
../Core/Src/main.c:852:6:powerSenseFn	104	static
../Core/Src/main.c:898:6:stepperCtrlFn	136	static
../Core/Src/main.c:983:6:stateMachineFn	16	static
../Core/Src/main.c:1026:6:decodeUSBFn	16	static
../Core/Src/main.c:1046:6:HAL_TIM_PeriodElapsedCallback	16	static
../Core/Src/main.c:1069:6:Error_Handler	8	static,ignoring_inline_asm
