../Drivers/CMSIS/Include/core_cm4.h:2059:26:ITM_SendChar	4
../Core/Src/main.c:192:6:SPI_Disc_ArmTransfer	3
../Core/Src/main.c:217:5:_write	2
../Core/Src/main.c:230:6:USB_CDC_RxHandler	1
../Core/Src/main.c:238:6:HAL_ADC_ConvCpltCallback	1
../Core/Src/main.c:246:6:HAL_SPI_TxRxCpltCallback	3
../Core/Src/main.c:282:10:micros	1
../Core/Src/main.c:286:10:millis	1
../Core/Src/main.c:296:5:main	1
../Core/Src/main.c:414:6:SystemClock_Config	3
../Core/Src/main.c:461:13:MX_ADC1_Init	7
../Core/Src/main.c:556:13:MX_SPI1_Init	2
../Core/Src/main.c:595:13:MX_SPI2_Init	2
../Core/Src/main.c:634:13:MX_TIM1_Init	3
../Core/Src/main.c:685:13:MX_TIM2_Init	4
../Core/Src/main.c:730:13:MX_TIM3_Init	7
../Core/Src/main.c:794:13:MX_TIM4_Init	4
../Core/Src/main.c:840:13:MX_TIM8_Init	4
../Core/Src/main.c:885:13:MX_DMA_Init	1
../Core/Src/main.c:911:13:MX_GPIO_Init	1
../Core/Src/main.c:989:6:strelkaCommsFn	1
../Core/Src/main.c:1038:6:powerSenseFn	1
../Core/Src/main.c:1079:6:stepperCtrlFn	4
../Core/Src/main.c:1259:6:stateMachineFn	1
../Core/Src/main.c:1302:6:sampleEncoderFn	2
../Core/Src/main.c:1352:6:HAL_TIM_PeriodElapsedCallback	5
../Core/Src/main.c:1388:6:Error_Handler	1
