../Drivers/CMSIS/Include/core_cm4.h:2059:26:ITM_SendChar	16	static,ignoring_inline_asm
../Core/Src/main.c:147:5:_write	32	static
../Core/Src/main.c:160:6:USB_CDC_RxHandler	16	static
../Core/Src/main.c:170:6:HAL_ADC_ConvCpltCallback	16	static
../Core/Src/main.c:182:5:main	8	static
../Core/Src/main.c:294:6:SystemClock_Config	88	static
../Core/Src/main.c:341:13:MX_ADC1_Init	56	static
../Core/Src/main.c:418:13:MX_CORDIC_Init	8	static
../Core/Src/main.c:444:13:MX_SPI1_Init	8	static
../Core/Src/main.c:483:13:MX_SPI2_Init	8	static
../Core/Src/main.c:523:13:MX_TIM1_Init	56	static
../Core/Src/main.c:574:13:MX_TIM3_Init	64	static
../Core/Src/main.c:638:13:MX_TIM4_Init	40	static
../Core/Src/main.c:682:13:MX_DMA_Init	16	static
../Core/Src/main.c:704:13:MX_GPIO_Init	40	static
../Core/Src/main.c:782:6:strelkaCommsFn	16	static
../Core/Src/main.c:807:6:powerSenseFn	104	static
../Core/Src/main.c:863:6:stepperCtrlFn	136	static
../Core/Src/main.c:937:6:stateMachineFn	16	static
../Core/Src/main.c:980:6:decodeUSBFn	16	static
../Core/Src/main.c:1000:6:HAL_TIM_PeriodElapsedCallback	16	static
../Core/Src/main.c:1020:6:Error_Handler	8	static,ignoring_inline_asm
