../Drivers/CMSIS/Include/core_cm4.h:2059:26:ITM_SendChar	16	static,ignoring_inline_asm
../Core/Src/main.c:191:5:_write	32	static
../Core/Src/main.c:204:6:USB_CDC_RxHandler	16	static
../Core/Src/main.c:212:6:HAL_ADC_ConvCpltCallback	16	static
../Core/Src/main.c:220:6:HAL_SPI_RxCpltCallback	88	static
../Core/Src/main.c:266:6:HAL_SPI_TxRxCpltCallback	24	static
../Core/Src/main.c:284:6:HAL_GPIO_EXTI_Callback	16	static
../Core/Src/main.c:290:10:micros	4	static
../Core/Src/main.c:294:10:millis	4	static
../Core/Src/main.c:304:5:main	8	static
../Core/Src/main.c:419:6:SystemClock_Config	88	static
../Core/Src/main.c:466:13:MX_ADC1_Init	56	static
../Core/Src/main.c:561:13:MX_CORDIC_Init	8	static
../Core/Src/main.c:587:13:MX_SPI1_Init	8	static
../Core/Src/main.c:626:13:MX_SPI2_Init	8	static
../Core/Src/main.c:665:13:MX_TIM1_Init	56	static
../Core/Src/main.c:716:13:MX_TIM2_Init	40	static
../Core/Src/main.c:761:13:MX_TIM3_Init	64	static
../Core/Src/main.c:825:13:MX_TIM4_Init	40	static
../Core/Src/main.c:871:13:MX_TIM8_Init	40	static
../Core/Src/main.c:916:13:MX_DMA_Init	24	static
../Core/Src/main.c:942:13:MX_GPIO_Init	40	static
../Core/Src/main.c:1030:6:strelkaCommsFn	24	static
../Core/Src/main.c:1074:6:powerSenseFn	88	static
../Core/Src/main.c:1115:6:stepperCtrlFn	328	static
../Core/Src/main.c:1316:6:stateMachineFn	16	static
../Core/Src/main.c:1359:6:sampleEncoderFn	48	static
../Core/Src/main.c:1410:6:HAL_TIM_PeriodElapsedCallback	16	static
../Core/Src/main.c:1446:6:Error_Handler	8	static,ignoring_inline_asm
