../Drivers/CMSIS/Include/core_cm4.h:2059:26:ITM_SendChar	16	static,ignoring_inline_asm
../Core/Src/main.c:198:6:SPI_Disc_ArmTransfer	24	static
../Core/Src/main.c:223:5:_write	32	static
../Core/Src/main.c:236:6:USB_CDC_RxHandler	16	static
../Core/Src/main.c:244:6:HAL_ADC_ConvCpltCallback	16	static
../Core/Src/main.c:316:6:HAL_SPI_TxRxCpltCallback	24	static
../Core/Src/main.c:391:10:micros	4	static
../Core/Src/main.c:395:10:millis	4	static
../Core/Src/main.c:405:5:main	8	static
../Core/Src/main.c:524:6:SystemClock_Config	88	static
../Core/Src/main.c:571:13:MX_ADC1_Init	56	static
../Core/Src/main.c:666:13:MX_CORDIC_Init	8	static
../Core/Src/main.c:692:13:MX_SPI1_Init	8	static
../Core/Src/main.c:731:13:MX_SPI2_Init	8	static
../Core/Src/main.c:770:13:MX_TIM1_Init	56	static
../Core/Src/main.c:821:13:MX_TIM2_Init	40	static
../Core/Src/main.c:866:13:MX_TIM3_Init	64	static
../Core/Src/main.c:930:13:MX_TIM4_Init	40	static
../Core/Src/main.c:976:13:MX_TIM8_Init	40	static
../Core/Src/main.c:1021:13:MX_DMA_Init	24	static
../Core/Src/main.c:1047:13:MX_GPIO_Init	40	static
../Core/Src/main.c:1125:6:strelkaCommsFn	16	static
../Core/Src/main.c:1174:6:powerSenseFn	88	static
../Core/Src/main.c:1215:6:stepperCtrlFn	224	static
../Core/Src/main.c:1392:6:stateMachineFn	16	static
../Core/Src/main.c:1435:6:sampleEncoderFn	40	static
../Core/Src/main.c:1485:6:HAL_TIM_PeriodElapsedCallback	16	static
../Core/Src/main.c:1521:6:Error_Handler	8	static,ignoring_inline_asm
