../Drivers/CMSIS/Include/core_cm4.h:2059:26:ITM_SendChar	16	static,ignoring_inline_asm
../Core/Src/main.c:192:6:SPI_Disc_ArmTransfer	24	static
../Core/Src/main.c:217:5:_write	32	static
../Core/Src/main.c:230:6:USB_CDC_RxHandler	16	static
../Core/Src/main.c:238:6:HAL_ADC_ConvCpltCallback	16	static
../Core/Src/main.c:246:6:HAL_SPI_TxRxCpltCallback	24	static
../Core/Src/main.c:282:10:micros	4	static
../Core/Src/main.c:286:10:millis	4	static
../Core/Src/main.c:296:5:main	8	static
../Core/Src/main.c:414:6:SystemClock_Config	88	static
../Core/Src/main.c:461:13:MX_ADC1_Init	56	static
../Core/Src/main.c:556:13:MX_SPI1_Init	8	static
../Core/Src/main.c:595:13:MX_SPI2_Init	8	static
../Core/Src/main.c:634:13:MX_TIM1_Init	56	static
../Core/Src/main.c:685:13:MX_TIM2_Init	40	static
../Core/Src/main.c:730:13:MX_TIM3_Init	64	static
../Core/Src/main.c:794:13:MX_TIM4_Init	40	static
../Core/Src/main.c:840:13:MX_TIM8_Init	40	static
../Core/Src/main.c:885:13:MX_DMA_Init	24	static
../Core/Src/main.c:911:13:MX_GPIO_Init	40	static
../Core/Src/main.c:989:6:strelkaCommsFn	16	static
../Core/Src/main.c:1038:6:powerSenseFn	88	static
../Core/Src/main.c:1079:6:stepperCtrlFn	224	static
../Core/Src/main.c:1259:6:stateMachineFn	16	static
../Core/Src/main.c:1302:6:sampleEncoderFn	40	static
../Core/Src/main.c:1352:6:HAL_TIM_PeriodElapsedCallback	16	static
../Core/Src/main.c:1388:6:Error_Handler	8	static,ignoring_inline_asm
