../Drivers/CMSIS/Include/core_cm4.h:2059:26:ITM_SendChar	16	static,ignoring_inline_asm
../Core/Src/main.c:186:5:_write	32	static
../Core/Src/main.c:199:6:USB_CDC_RxHandler	16	static
../Core/Src/main.c:207:6:HAL_ADC_ConvCpltCallback	16	static
../Core/Src/main.c:212:6:HAL_SPI_RxCpltCallback	88	static
../Core/Src/main.c:258:6:HAL_SPI_TxRxCpltCallback	24	static
../Core/Src/main.c:277:6:HAL_GPIO_EXTI_Callback	16	static
../Core/Src/main.c:283:10:micros	4	static
../Core/Src/main.c:287:10:millis	4	static
../Core/Src/main.c:297:5:main	8	static
../Core/Src/main.c:412:6:SystemClock_Config	88	static
../Core/Src/main.c:459:13:MX_ADC1_Init	56	static
../Core/Src/main.c:554:13:MX_CORDIC_Init	8	static
../Core/Src/main.c:580:13:MX_SPI1_Init	8	static
../Core/Src/main.c:619:13:MX_SPI2_Init	8	static
../Core/Src/main.c:658:13:MX_TIM1_Init	56	static
../Core/Src/main.c:709:13:MX_TIM2_Init	40	static
../Core/Src/main.c:754:13:MX_TIM3_Init	64	static
../Core/Src/main.c:818:13:MX_TIM4_Init	40	static
../Core/Src/main.c:864:13:MX_TIM8_Init	40	static
../Core/Src/main.c:909:13:MX_DMA_Init	24	static
../Core/Src/main.c:935:13:MX_GPIO_Init	40	static
../Core/Src/main.c:1023:6:strelkaCommsFn	24	static
../Core/Src/main.c:1067:6:powerSenseFn	104	static
../Core/Src/main.c:1108:6:stepperCtrlFn	232	static
../Core/Src/main.c:1285:6:stateMachineFn	16	static
../Core/Src/main.c:1328:6:sampleEncoderFn	40	static
../Core/Src/main.c:1377:6:HAL_TIM_PeriodElapsedCallback	16	static
../Core/Src/main.c:1413:6:Error_Handler	8	static,ignoring_inline_asm
