../Drivers/CMSIS/Include/core_cm4.h:2059:26:ITM_SendChar	16	static,ignoring_inline_asm
../Core/Src/main.c:153:5:_write	32	static
../Core/Src/main.c:166:6:USB_CDC_RxHandler	16	static
../Core/Src/main.c:176:6:HAL_ADC_ConvCpltCallback	16	static
../Core/Src/main.c:181:6:HAL_SPI_RxCpltCallback	24	static
../Core/Src/main.c:205:6:HAL_SPI_TxRxCpltCallback	16	static
../Core/Src/main.c:210:6:HAL_GPIO_EXTI_Callback	16	static
../Core/Src/main.c:222:5:main	8	static
../Core/Src/main.c:334:6:SystemClock_Config	88	static
../Core/Src/main.c:381:13:MX_ADC1_Init	56	static
../Core/Src/main.c:476:13:MX_CORDIC_Init	8	static
../Core/Src/main.c:502:13:MX_SPI1_Init	8	static
../Core/Src/main.c:541:13:MX_SPI2_Init	8	static
../Core/Src/main.c:580:13:MX_TIM1_Init	56	static
../Core/Src/main.c:631:13:MX_TIM3_Init	64	static
../Core/Src/main.c:695:13:MX_TIM4_Init	40	static
../Core/Src/main.c:739:13:MX_DMA_Init	16	static
../Core/Src/main.c:758:13:MX_GPIO_Init	40	static
../Core/Src/main.c:846:6:strelkaCommsFn	16	static
../Core/Src/main.c:878:6:powerSenseFn	104	static
../Core/Src/main.c:919:6:stepperCtrlFn	136	static
../Core/Src/main.c:1004:6:stateMachineFn	16	static
../Core/Src/main.c:1047:6:decodeUSBFn	16	static
../Core/Src/main.c:1067:6:HAL_TIM_PeriodElapsedCallback	16	static
../Core/Src/main.c:1090:6:Error_Handler	8	static,ignoring_inline_asm
