../Core/Src/stm32g4xx_it.c:76:6:NMI_Handler	4	static
../Core/Src/stm32g4xx_it.c:91:6:HardFault_Handler	4	static
../Core/Src/stm32g4xx_it.c:106:6:MemManage_Handler	4	static
../Core/Src/stm32g4xx_it.c:121:6:BusFault_Handler	4	static
../Core/Src/stm32g4xx_it.c:136:6:UsageFault_Handler	4	static
../Core/Src/stm32g4xx_it.c:151:6:DebugMon_Handler	4	static
../Core/Src/stm32g4xx_it.c:171:6:DMA1_Channel1_IRQHandler	8	static
../Core/Src/stm32g4xx_it.c:185:6:ADC1_2_IRQHandler	8	static
../Core/Src/stm32g4xx_it.c:199:6:USB_LP_IRQHandler	8	static
../Core/Src/stm32g4xx_it.c:213:6:TIM3_IRQHandler	8	static
../Core/Src/stm32g4xx_it.c:227:6:TIM4_IRQHandler	8	static
../Core/Src/stm32g4xx_it.c:241:6:TIM6_DAC_IRQHandler	8	static
../Core/Src/stm32g4xx_it.c:255:6:DMAMUX_OVR_IRQHandler	4	static
../Core/Src/stm32g4xx_it.c:269:6:CORDIC_IRQHandler	8	static
